<html>
<body>
<pre>
<h1>礦ision Build Log</h1>
<h2>Tool Versions:</h2>
IDE-Version: μVision V5.23.0.0
Copyright (C) 2017 ARM Ltd and ARM Germany GmbH. All rights reserved.
License Information: 1 15091, 1, LIC=AK1EV-PGTBY-E0PN4-FZ4NZ-M13V1-T0PP9
 
Tool Versions:
Toolchain:       MDK-ARM Professional  Version: 5.23
Toolchain Path:  C:\Keil_v5\ARM\ARMCC\Bin
C Compiler:      Armcc.exe V5.06 update 4 (build 422)
Assembler:       Armasm.exe V5.06 update 4 (build 422)
Linker/Locator:  ArmLink.exe V5.06 update 4 (build 422)
Library Manager: ArmAr.exe V5.06 update 4 (build 422)
Hex Converter:   FromElf.exe V5.06 update 4 (build 422)
CPU DLL:         SARMCM3.DLL V5.23
Dialog DLL:      DCM.DLL V1.15.0.0
Target DLL:      STLink\ST-LINKIII-KEIL_SWO.dll V2.0.18.0
Dialog DLL:      TCM.DLL V1.27.0.0
 
<h2>Project:</h2>
D:\学习\单片机程序\MDK\STM32电机调速\USER\Template.uvprojx
Project File Date:  08/01/2019

<h2>Output:</h2>
*** Using Compiler 'V5.06 update 4 (build 422)', folder: 'C:\Keil_v5\ARM\ARMCC\Bin'
Rebuild target 'Template'
assembling startup_stm32f40_41xxx.s...
compiling stm32f4xx_adc.c...
compiling stm32f4xx_crc.c...
compiling system_stm32f4xx.c...
compiling misc.c...
compiling stm32f4xx_cryp.c...
compiling main.c...
main.c(51): warning:  #177-D: variable "i"  was declared but never referenced
  	int i;
main.c: 1 warning, 0 errors
compiling stm32f4xx_it.c...
compiling stm32f4xx_can.c...
compiling stm32f4xx_dbgmcu.c...
compiling stm32f4xx_dac.c...
compiling stm32f4xx_cryp_des.c...
compiling stm32f4xx_cryp_tdes.c...
compiling stm32f4xx_dcmi.c...
compiling stm32f4xx_dma.c...
compiling stm32f4xx_dma2d.c...
compiling stm32f4xx_cryp_aes.c...
compiling stm32f4xx_flash_ramfunc.c...
compiling stm32f4xx_hash_md5.c...
compiling stm32f4xx_gpio.c...
compiling stm32f4xx_flash.c...
compiling stm32f4xx_exti.c...
compiling stm32f4xx_hash.c...
compiling stm32f4xx_hash_sha1.c...
compiling stm32f4xx_fsmc.c...
compiling stm32f4xx_iwdg.c...
compiling stm32f4xx_rtc.c...
compiling stm32f4xx_rng.c...
compiling stm32f4xx_ltdc.c...
compiling stm32f4xx_pwr.c...
compiling stm32f4xx_i2c.c...
compiling stm32f4xx_sai.c...
compiling stm32f4xx_rcc.c...
compiling sys.c...
compiling stm32f4xx_syscfg.c...
compiling stm32f4xx_wwdg.c...
compiling stm32f4xx_sdio.c...
compiling stm32f4xx_spi.c...
compiling stm32f4xx_usart.c...
compiling delay.c...
compiling stm32f4xx_tim.c...
compiling time_text.c...
compiling dog.c...
compiling key.c...
compiling printf.c...
compiling EEPROM.c...
compiling led.c...
compiling usart.c...
..\SYSTEM\usart\usart.c(122): warning:  #177-D: variable "x"  was declared but never referenced
  static int x=0,y=0;
..\SYSTEM\usart\usart.c(122): warning:  #177-D: variable "y"  was declared but never referenced
  static int x=0,y=0;
..\SYSTEM\usart\usart.c: 2 warnings, 0 errors
compiling mune.c...
compiling LCD.c...
..\HARDWARE\LCD\LCD.c(333): warning:  #550-D: variable "Last_y"  was set but never used
  	 static int Last_y=0;
..\HARDWARE\LCD\LCD.c: 1 warning, 0 errors
compiling SET_PID.c...
..\HARDWARE\SET_PID\SET_PID.c(889): warning:  #177-D: variable "a"  was declared but never referenced
  	char a[3];
..\HARDWARE\SET_PID\SET_PID.c: 1 warning, 0 errors
compiling PID.C...
compiling Timer.c...
compiling TIMIRQ.c...
compiling pwm.c...
linking...
Program Size: Code=27360 RO-data=880 RW-data=1264 ZI-data=1888  
FromELF: creating hex file...
"..\OBJ\Template.axf" - 0 Error(s), 5 Warning(s).

<h2>Collection of Component include folders:</h2>
  .\RTE\_Template
  C:\Keil_v5\ARM\PACK\Keil\STM32F4xx_DFP\1.0.8\Device\Include

<h2>Collection of Component Files used:</h2>
Build Time Elapsed:  00:00:10
</pre>
</body>
</html>
