Component: ARM Compiler 5.06 update 4 (build 422) Tool: armlink [4d35d2]

==============================================================================

Section Cross References

    main.o(.text) refers to misc.o(.text) for NVIC_PriorityGroupConfig
    main.o(.text) refers to delay.o(.text) for delay_init
    main.o(.text) refers to usart.o(.text) for uart_init
    main.o(.text) refers to eeprom.o(.text) for IIC_Init
    main.o(.text) refers to key.o(.text) for KEY_Init
    main.o(.text) refers to led.o(.text) for LED_Init
    main.o(.text) refers to pwm.o(.text) for TIM10_PWM_init
    main.o(.text) refers to stm32f4xx_tim.o(.text) for TIM_SetCompare1
    main.o(.text) refers to timer.o(.text) for TIM4_Init_encoder
    main.o(.text) refers to timirq.o(.text) for TIM3_Int_Init
    main.o(.text) refers to lcd.o(.text) for lcd_initial
    main.o(.text) refers to mune.o(.text) for mune_init
    system_stm32f4xx.o(.text) refers to system_stm32f4xx.o(.data) for SystemCoreClock
    startup_stm32f40_41xxx.o(STACK) refers (Special) to heapauxi.o(.text) for __use_two_region_memory
    startup_stm32f40_41xxx.o(HEAP) refers (Special) to heapauxi.o(.text) for __use_two_region_memory
    startup_stm32f40_41xxx.o(RESET) refers (Special) to heapauxi.o(.text) for __use_two_region_memory
    startup_stm32f40_41xxx.o(RESET) refers to startup_stm32f40_41xxx.o(STACK) for __initial_sp
    startup_stm32f40_41xxx.o(RESET) refers to startup_stm32f40_41xxx.o(.text) for Reset_Handler
    startup_stm32f40_41xxx.o(RESET) refers to stm32f4xx_it.o(.text) for NMI_Handler
    startup_stm32f40_41xxx.o(RESET) refers to timirq.o(.text) for TIM3_IRQHandler
    startup_stm32f40_41xxx.o(RESET) refers to timer.o(.text) for TIM4_IRQHandler
    startup_stm32f40_41xxx.o(RESET) refers to usart.o(.text) for USART1_IRQHandler
    startup_stm32f40_41xxx.o(.text) refers (Special) to heapauxi.o(.text) for __use_two_region_memory
    startup_stm32f40_41xxx.o(.text) refers to system_stm32f4xx.o(.text) for SystemInit
    startup_stm32f40_41xxx.o(.text) refers to __main.o(!!!main) for __main
    startup_stm32f40_41xxx.o(.text) refers to startup_stm32f40_41xxx.o(HEAP) for Heap_Mem
    startup_stm32f40_41xxx.o(.text) refers to startup_stm32f40_41xxx.o(STACK) for Stack_Mem
    stm32f4xx_adc.o(.text) refers to stm32f4xx_rcc.o(.text) for RCC_APB2PeriphResetCmd
    stm32f4xx_can.o(.text) refers to stm32f4xx_rcc.o(.text) for RCC_APB1PeriphResetCmd
    stm32f4xx_cryp.o(.text) refers to stm32f4xx_rcc.o(.text) for RCC_AHB2PeriphResetCmd
    stm32f4xx_cryp_aes.o(.text) refers to stm32f4xx_cryp.o(.text) for CRYP_KeyStructInit
    stm32f4xx_cryp_des.o(.text) refers to stm32f4xx_cryp.o(.text) for CRYP_KeyStructInit
    stm32f4xx_cryp_tdes.o(.text) refers to stm32f4xx_cryp.o(.text) for CRYP_KeyStructInit
    stm32f4xx_dac.o(.text) refers to stm32f4xx_rcc.o(.text) for RCC_APB1PeriphResetCmd
    stm32f4xx_dma2d.o(.text) refers to stm32f4xx_rcc.o(.text) for RCC_AHB1PeriphResetCmd
    stm32f4xx_fsmc.o(.text) refers to stm32f4xx_fsmc.o(.constdata) for FSMC_DefaultTimingStruct
    stm32f4xx_gpio.o(.text) refers to stm32f4xx_rcc.o(.text) for RCC_AHB1PeriphResetCmd
    stm32f4xx_hash.o(.text) refers to stm32f4xx_rcc.o(.text) for RCC_AHB2PeriphResetCmd
    stm32f4xx_hash_md5.o(.text) refers to stm32f4xx_hash.o(.text) for HASH_DeInit
    stm32f4xx_hash_sha1.o(.text) refers to stm32f4xx_hash.o(.text) for HASH_DeInit
    stm32f4xx_i2c.o(.text) refers to stm32f4xx_rcc.o(.text) for RCC_APB1PeriphResetCmd
    stm32f4xx_ltdc.o(.text) refers to stm32f4xx_rcc.o(.text) for RCC_APB2PeriphResetCmd
    stm32f4xx_pwr.o(.text) refers to stm32f4xx_rcc.o(.text) for RCC_APB1PeriphResetCmd
    stm32f4xx_rcc.o(.text) refers to stm32f4xx_rcc.o(.data) for APBAHBPrescTable
    stm32f4xx_rng.o(.text) refers to stm32f4xx_rcc.o(.text) for RCC_AHB2PeriphResetCmd
    stm32f4xx_sai.o(.text) refers to stm32f4xx_rcc.o(.text) for RCC_APB2PeriphResetCmd
    stm32f4xx_sdio.o(.text) refers to stm32f4xx_rcc.o(.text) for RCC_APB2PeriphResetCmd
    stm32f4xx_spi.o(.text) refers to stm32f4xx_rcc.o(.text) for RCC_APB2PeriphResetCmd
    stm32f4xx_syscfg.o(.text) refers to stm32f4xx_rcc.o(.text) for RCC_APB2PeriphResetCmd
    stm32f4xx_tim.o(.text) refers to stm32f4xx_rcc.o(.text) for RCC_APB2PeriphResetCmd
    stm32f4xx_usart.o(.text) refers to stm32f4xx_rcc.o(.text) for RCC_APB2PeriphResetCmd
    stm32f4xx_wwdg.o(.text) refers to stm32f4xx_rcc.o(.text) for RCC_APB1PeriphResetCmd
    delay.o(.text) refers to misc.o(.text) for SysTick_CLKSourceConfig
    delay.o(.text) refers to delay.o(.data) for fac_us
    usart.o(.rev16_text) refers (Special) to use_no_semi_2.o(.text) for __use_no_semihosting
    usart.o(.revsh_text) refers (Special) to use_no_semi_2.o(.text) for __use_no_semihosting
    usart.o(.text) refers (Special) to use_no_semi_2.o(.text) for __use_no_semihosting
    usart.o(.text) refers to stm32f4xx_rcc.o(.text) for RCC_AHB1PeriphClockCmd
[...]
    .data                                    0x20000018   Section       20  system_stm32f4xx.o(.data)
    .data                                    0x2000002c   Section       16  stm32f4xx_rcc.o(.data)
    APBAHBPrescTable                         0x2000002c   Data          16  stm32f4xx_rcc.o(.data)
    .data                                    0x2000003c   Section        4  delay.o(.data)
    fac_us                                   0x2000003c   Data           1  delay.o(.data)
    fac_ms                                   0x2000003e   Data           2  delay.o(.data)
    .data                                    0x20000040   Section        6  usart.o(.data)
    .data                                    0x20000048   Section       16  lcd.o(.data)
    X                                        0x20000048   Data           4  lcd.o(.data)
    Y                                        0x2000004c   Data           4  lcd.o(.data)
    set_Y                                    0x20000050   Data           4  lcd.o(.data)
    Last_y                                   0x20000054   Data           4  lcd.o(.data)
    .data                                    0x20000058   Section     1116  printf.o(.data)
    x                                        0x200004a8   Data           4  printf.o(.data)
    y                                        0x200004ac   Data           4  printf.o(.data)
    ying                                     0x200004b0   Data           4  printf.o(.data)
    .data                                    0x200004b4   Section        3  key.o(.data)
    i                                        0x200004b4   Data           1  key.o(.data)
    last                                     0x200004b5   Data           1  key.o(.data)
    now                                      0x200004b6   Data           1  key.o(.data)
    .data                                    0x200004b7   Section        1  mune.o(.data)
    mune_i                                   0x200004b7   Data           1  mune.o(.data)
    .data                                    0x200004b8   Section       36  set_pid.o(.data)
    SET_i                                    0x200004d4   Data           1  set_pid.o(.data)
    SET_IO                                   0x200004d8   Data           4  set_pid.o(.data)
    .data                                    0x200004dc   Section        4  timer.o(.data)
    .data                                    0x200004e0   Section        8  timirq.o(.data)
    .bss                                     0x200004e8   Section      200  usart.o(.bss)
    .bss                                     0x200005b0   Section       16  printf.o(.bss)
    .bss                                     0x200005c0   Section       40  pid.o(.bss)
    PID                                      0x200005c0   Data          40  pid.o(.bss)
    .bss                                     0x200005e8   Section       96  libspace.o(.bss)
    HEAP                                     0x20000648   Section      512  startup_stm32f40_41xxx.o(HEAP)
    Heap_Mem                                 0x20000648   Data         512  startup_stm32f40_41xxx.o(HEAP)
    STACK                                    0x20000848   Section     1024  startup_stm32f40_41xxx.o(STACK)
    Stack_Mem                                0x20000848   Data        1024  startup_stm32f40_41xxx.o(STACK)
    __initial_sp                             0x20000c48   Data           0  startup_stm32f40_41xxx.o(STACK)

    Global Symbols

    Symbol Name                              Value     Ov Type        Size  Object(Section)

    BuildAttributes$$THM_ISAv4$E$P$D$K$B$S$7EM$VFPi3$EXTD16$VFPS$VFMA$PE$A:L22UL41UL21$X:L11$S22US41US21$IEEE1$IW$USESV6$~STKCKD$USESV7$~SHL$OTIME$ROPI$IEEEX$EBA8$UX$STANDARDLIB$REQ8$PRES8$EABIv2 0x00000000   Number         0  anon$$obj.o ABSOLUTE
    __ARM_use_no_argv                        0x00000000   Number         0  main.o ABSOLUTE
    __ARM_exceptions_init                     - Undefined Weak Reference
    __alloca_initialize                       - Undefined Weak Reference
    __arm_preinit_                            - Undefined Weak Reference
    __cpp_initialize__aeabi_                  - Undefined Weak Reference
    __cxa_finalize                            - Undefined Weak Reference
    __sigvec_lookup                           - Undefined Weak Reference
    _atexit_init                              - Undefined Weak Reference
    _call_atexit_fns                          - Undefined Weak Reference
    _clock_init                               - Undefined Weak Reference
    _fp_trap_init                             - Undefined Weak Reference
    _fp_trap_shutdown                         - Undefined Weak Reference
    _get_lc_collate                           - Undefined Weak Reference
    _get_lc_monetary                          - Undefined Weak Reference
    _get_lc_time                              - Undefined Weak Reference
    _getenv_init                              - Undefined Weak Reference
    _handle_redirection                       - Undefined Weak Reference
    _init_alloc                               - Undefined Weak Reference
    _init_user_alloc                          - Undefined Weak Reference
    _initio                                   - Undefined Weak Reference
    _mutex_acquire                            - Undefined Weak Reference
    _mutex_release                            - Undefined Weak Reference
    _printf_mbtowc                            - Undefined Weak Reference
    _printf_post_padding                      - Undefined Weak Reference
    _printf_pre_padding                       - Undefined Weak Reference
    _printf_truncate_signed                   - Undefined Weak Reference
    _printf_truncate_unsigned                 - Undefined Weak Reference
    _rand_init                                - Undefined Weak Reference
    _signal_finish                            - Undefined Weak Reference
    _signal_init                              - Undefined Weak Reference
    _terminate_alloc                          - Undefined Weak Reference
    _terminate_user_alloc                     - Undefined Weak Reference
    _terminateio                              - Undefined Weak Reference
    __Vectors_Size                           0x00000188   Number         0  startup_stm32f40_41xxx.o ABSOLUTE
    __Vectors                                0x08000000   Data           4  startup_stm32f40_41xxx.o(RESET)
    __Vectors_End                            0x08000188   Data           0  startup_stm32f40_41xxx.o(RESET)
    __main                                   0x08000189   Thumb Code     8  __main.o(!!!main)
    __scatterload                            0x08000191   Thumb Code     0  __scatter.o(!!!scatter)
    __scatterload_rt2                        0x08000191   Thumb Code    44  __scatter.o(!!!scatter)
    __scatterload_rt2_thumb_only             0x08000191   Thumb Code     0  __scatter.o(!!!scatter)
    __scatterload_null                       0x0800019f   Thumb Code     0  __scatter.o(!!!scatter)
    __decompress                             0x080001c5   Thumb Code    90  __dczerorl2.o(!!dczerorl2)
    __decompress1                            0x080001c5   Thumb Code     0  __dczerorl2.o(!!dczerorl2)
    __scatterload_zeroinit                   0x08000221   Thumb Code    28  __scatter_zi.o(!!handler_zi)
    _printf_d                                0x0800023d   Thumb Code     0  _printf_d.o(.ARM.Collect$$_printf_percent$$00000009)
    _printf_percent                          0x0800023d   Thumb Code     0  _printf_percent.o(.ARM.Collect$$_printf_percent$$00000000)
    _printf_s                                0x08000243   Thumb Code     0  _printf_s.o(.ARM.Collect$$_printf_percent$$00000014)
    _printf_percent_end                      0x08000249   Thumb Code     0  _printf_percent_end.o(.ARM.Collect$$_printf_percent$$00000017)
    __rt_lib_init                            0x0800024d   Thumb Code     0  libinit.o(.ARM.Collect$$libinit$$00000000)
    __rt_lib_init_fp_1                       0x0800024f   Thumb Code     0  libinit2.o(.ARM.Collect$$libinit$$00000001)
    __rt_lib_init_heap_1                     0x08000253   Thumb Code     0  libinit2.o(.ARM.Collect$$libinit$$0000000A)
    __rt_lib_init_lc_common                  0x08000253   Thumb Code     0  libinit2.o(.ARM.Collect$$libinit$$0000000F)
    __rt_lib_init_preinit_1                  0x08000253   Thumb Code     0  libinit2.o(.ARM.Collect$$libinit$$00000004)
    __rt_lib_init_rand_1                     0x08000253   Thumb Code     0  libinit2.o(.ARM.Collect$$libinit$$0000000E)
    __rt_lib_init_user_alloc_1               0x08000253   Thumb Code     0  libinit2.o(.ARM.Collect$$libinit$$0000000C)
    __rt_lib_init_lc_collate_1               0x08000259   Thumb Code     0  libinit2.o(.ARM.Collect$$libinit$$00000011)
    __rt_lib_init_lc_ctype_2                 0x08000259   Thumb Code     0  libinit2.o(.ARM.Collect$$libinit$$00000012)
    __rt_lib_init_lc_ctype_1                 0x08000265   Thumb Code     0  libinit2.o(.ARM.Collect$$libinit$$00000013)
    __rt_lib_init_lc_monetary_1              0x08000265   Thumb Code     0  libinit2.o(.ARM.Collect$$libinit$$00000015)
    __rt_lib_init_lc_numeric_2               0x08000265   Thumb Code     0  libinit2.o(.ARM.Collect$$libinit$$00000016)
    __rt_lib_init_alloca_1                   0x0800026f   Thumb Code     0  libinit2.o(.ARM.Collect$$libinit$$0000002E)
    __rt_lib_init_argv_1                     0x0800026f   Thumb Code     0  libinit2.o(.ARM.Collect$$libinit$$0000002C)
    __rt_lib_init_atexit_1                   0x0800026f   Thumb Code     0  libinit2.o(.ARM.Collect$$libinit$$0000001B)
    __rt_lib_init_clock_1                    0x0800026f   Thumb Code     0  libinit2.o(.ARM.Collect$$libinit$$00000021)
    __rt_lib_init_cpp_1                      0x0800026f   Thumb Code     0  libinit2.o(.ARM.Collect$$libinit$$00000032)
    __rt_lib_init_exceptions_1               0x0800026f   Thumb Code     0  libinit2.o(.ARM.Collect$$libinit$$00000030)
    __rt_lib_init_fp_trap_1                  0x0800026f   Thumb Code     0  libinit2.o(.ARM.Collect$$libinit$$0000001F)
    __rt_lib_init_getenv_1                   0x0800026f   Thumb Code     0  libinit2.o(.ARM.Collect$$libinit$$00000023)
    __rt_lib_init_lc_numeric_1               0x0800026f   Thumb Code     0  libinit2.o(.ARM.Collect$$libinit$$00000017)
    __rt_lib_init_lc_time_1                  0x0800026f   Thumb Code     0  libinit2.o(.ARM.Collect$$libinit$$00000019)
    __rt_lib_init_return                     0x0800026f   Thumb Code     0  libinit2.o(.ARM.Collect$$libinit$$00000033)
    __rt_lib_init_signal_1                   0x0800026f   Thumb Code     0  libinit2.o(.ARM.Collect$$libinit$$0000001D)
    __rt_lib_init_stdio_1                    0x0800026f   Thumb Code     0  libinit2.o(.ARM.Collect$$libinit$$00000025)
    __rt_lib_shutdown                        0x08000271   Thumb Code     0  libshutdown.o(.ARM.Collect$$libshutdown$$00000000)
    __rt_lib_shutdown_cpp_1                  0x08000273   Thumb Code     0  libshutdown2.o(.ARM.Collect$$libshutdown$$00000002)
    __rt_lib_shutdown_fp_trap_1              0x08000273   Thumb Code     0  libshutdown2.o(.ARM.Collect$$libshutdown$$00000007)
    __rt_lib_shutdown_heap_1                 0x08000273   Thumb Code     0  libshutdown2.o(.ARM.Collect$$libshutdown$$0000000F)
    __rt_lib_shutdown_return                 0x08000273   Thumb Code     0  libshutdown2.o(.ARM.Collect$$libshutdown$$00000010)
    __rt_lib_shutdown_signal_1               0x08000273   Thumb Code     0  libshutdown2.o(.ARM.Collect$$libshutdown$$0000000A)
    __rt_lib_shutdown_stdio_1                0x08000273   Thumb Code     0  libshutdown2.o(.ARM.Collect$$libshutdown$$00000004)
    __rt_lib_shutdown_user_alloc_1           0x08000273   Thumb Code     0  libshutdown2.o(.ARM.Collect$$libshutdown$$0000000C)
    __rt_entry                               0x08000275   Thumb Code     0  __rtentry.o(.ARM.Collect$$rtentry$$00000000)
    __rt_entry_presh_1                       0x08000275   Thumb Code     0  __rtentry2.o(.ARM.Collect$$rtentry$$00000002)
    __rt_entry_sh                            0x08000275   Thumb Code     0  __rtentry4.o(.ARM.Collect$$rtentry$$00000004)
    __rt_entry_li                            0x0800027b   Thumb Code     0  __rtentry2.o(.ARM.Collect$$rtentry$$0000000A)
    __rt_entry_postsh_1                      0x0800027b   Thumb Code     0  __rtentry2.o(.ARM.Collect$$rtentry$$00000009)
    __rt_entry_main                          0x0800027f   Thumb Code     0  __rtentry2.o(.ARM.Collect$$rtentry$$0000000D)
    __rt_entry_postli_1                      0x0800027f   Thumb Code     0  __rtentry2.o(.ARM.Collect$$rtentry$$0000000C)
    __rt_exit                                0x08000287   Thumb Code     0  rtexit.o(.ARM.Collect$$rtexit$$00000000)
    __rt_exit_ls                             0x08000289   Thumb Code     0  rtexit2.o(.ARM.Collect$$rtexit$$00000003)
    __rt_exit_prels_1                        0x08000289   Thumb Code     0  rtexit2.o(.ARM.Collect$$rtexit$$00000002)
    __rt_exit_exit                           0x0800028d   Thumb Code     0  rtexit2.o(.ARM.Collect$$rtexit$$00000004)
    main                                     0x08000295   Thumb Code   110  main.o(.text)
    NMI_Handler                              0x0800030d   Thumb Code     2  stm32f4xx_it.o(.text)
    HardFault_Handler                        0x0800030f   Thumb Code     4  stm32f4xx_it.o(.text)
    MemManage_Handler                        0x08000313   Thumb Code     4  stm32f4xx_it.o(.text)
    BusFault_Handler                         0x08000317   Thumb Code     4  stm32f4xx_it.o(.text)
    UsageFault_Handler                       0x0800031b   Thumb Code     4  stm32f4xx_it.o(.text)
    SVC_Handler                              0x0800031f   Thumb Code     2  stm32f4xx_it.o(.text)
    DebugMon_Handler                         0x08000321   Thumb Code     2  stm32f4xx_it.o(.text)
    PendSV_Handler                           0x08000323   Thumb Code     2  stm32f4xx_it.o(.text)
    SysTick_Handler                          0x08000325   Thumb Code     2  stm32f4xx_it.o(.text)
    SystemInit                               0x08000405   Thumb Code    88  system_stm32f4xx.o(.text)
    SystemCoreClockUpdate                    0x0800045d   Thumb Code   174  system_stm32f4xx.o(.text)
    Reset_Handler                            0x08000539   Thumb Code     8  startup_stm32f40_41xxx.o(.text)
    ADC_IRQHandler                           0x08000553   Thumb Code     0  startup_stm32f40_41xxx.o(.text)
    CAN1_RX0_IRQHandler                      0x08000553   Thumb Code     0  startup_stm32f40_41xxx.o(.text)
    CAN1_RX1_IRQHandler                      0x08000553   Thumb Code     0  startup_stm32f40_41xxx.o(.text)
    CAN1_SCE_IRQHandler                      0x08000553   Thumb Code     0  startup_stm32f40_41xxx.o(.text)
    CAN1_TX_IRQHandler                       0x08000553   Thumb Code     0  startup_stm32f40_41xxx.o(.text)
    CAN2_RX0_IRQHandler                      0x08000553   Thumb Code     0  startup_stm32f40_41xxx.o(.text)
    CAN2_RX1_IRQHandler                      0x08000553   Thumb Code     0  startup_stm32f40_41xxx.o(.text)
    CAN2_SCE_IRQHandler                      0x08000553   Thumb Code     0  startup_stm32f40_41xxx.o(.text)
    CAN2_TX_IRQHandler                       0x08000553   Thumb Code     0  startup_stm32f40_41xxx.o(.text)
    CRYP_IRQHandler                          0x08000553   Thumb Code     0  startup_stm32f40_41xxx.o(.text)
    DCMI_IRQHandler                          0x08000553   Thumb Code     0  startup_stm32f40_41xxx.o(.text)
    DMA1_Stream0_IRQHandler                  0x08000553   Thumb Code     0  startup_stm32f40_41xxx.o(.text)
    DMA1_Stream1_IRQHandler                  0x08000553   Thumb Code     0  startup_stm32f40_41xxx.o(.text)
    DMA1_Stream2_IRQHandler                  0x08000553   Thumb Code     0  startup_stm32f40_41xxx.o(.text)
    DMA1_Stream3_IRQHandler                  0x08000553   Thumb Code     0  startup_stm32f40_41xxx.o(.text)
    DMA1_Stream4_IRQHandler                  0x08000553   Thumb Code     0  startup_stm32f40_41xxx.o(.text)
    DMA1_Stream5_IRQHandler                  0x08000553   Thumb Code     0  startup_stm32f40_41xxx.o(.text)
    DMA1_Stream6_IRQHandler                  0x08000553   Thumb Code     0  startup_stm32f40_41xxx.o(.text)
    DMA1_Stream7_IRQHandler                  0x08000553   Thumb Code     0  startup_stm32f40_41xxx.o(.text)
    DMA2_Stream0_IRQHandler                  0x08000553   Thumb Code     0  startup_stm32f40_41xxx.o(.text)
    DMA2_Stream1_IRQHandler                  0x08000553   Thumb Code     0  startup_stm32f40_41xxx.o(.text)
    DMA2_Stream2_IRQHandler                  0x08000553   Thumb Code     0  startup_stm32f40_41xxx.o(.text)
    DMA2_Stream3_IRQHandler                  0x08000553   Thumb Code     0  startup_stm32f40_41xxx.o(.text)
    DMA2_Stream4_IRQHandler                  0x08000553   Thumb Code     0  startup_stm32f40_41xxx.o(.text)
    DMA2_Stream5_IRQHandler                  0x08000553   Thumb Code     0  startup_stm32f40_41xxx.o(.text)
    DMA2_Stream6_IRQHandler                  0x08000553   Thumb Code     0  startup_stm32f40_41xxx.o(.text)
    DMA2_Stream7_IRQHandler                  0x08000553   Thumb Code     0  startup_stm32f40_41xxx.o(.text)
    ETH_IRQHandler                           0x08000553   Thumb Code     0  startup_stm32f40_41xxx.o(.text)
    ETH_WKUP_IRQHandler                      0x08000553   Thumb Code     0  startup_stm32f40_41xxx.o(.text)
    EXTI0_IRQHandler                         0x08000553   Thumb Code     0  startup_stm32f40_41xxx.o(.text)
    EXTI15_10_IRQHandler                     0x08000553   Thumb Code     0  startup_stm32f40_41xxx.o(.text)
    EXTI1_IRQHandler                         0x08000553   Thumb Code     0  startup_stm32f40_41xxx.o(.text)
    EXTI2_IRQHandler                         0x08000553   Thumb Code     0  startup_stm32f40_41xxx.o(.text)
    EXTI3_IRQHandler                         0x08000553   Thumb Code     0  startup_stm32f40_41xxx.o(.text)
    EXTI4_IRQHandler                         0x08000553   Thumb Code     0  startup_stm32f40_41xxx.o(.text)
    EXTI9_5_IRQHandler                       0x08000553   Thumb Code     0  startup_stm32f40_41xxx.o(.text)
    FLASH_IRQHandler                         0x08000553   Thumb Code     0  startup_stm32f40_41xxx.o(.text)
    FPU_IRQHandler                           0x08000553   Thumb Code     0  startup_stm32f40_41xxx.o(.text)
    FSMC_IRQHandler                          0x08000553   Thumb Code     0  startup_stm32f40_41xxx.o(.text)
    HASH_RNG_IRQHandler                      0x08000553   Thumb Code     0  startup_stm32f40_41xxx.o(.text)
    I2C1_ER_IRQHandler                       0x08000553   Thumb Code     0  startup_stm32f40_41xxx.o(.text)
    I2C1_EV_IRQHandler                       0x08000553   Thumb Code     0  startup_stm32f40_41xxx.o(.text)
    I2C2_ER_IRQHandler                       0x08000553   Thumb Code     0  startup_stm32f40_41xxx.o(.text)
    I2C2_EV_IRQHandler                       0x08000553   Thumb Code     0  startup_stm32f40_41xxx.o(.text)
    I2C3_ER_IRQHandler                       0x08000553   Thumb Code     0  startup_stm32f40_41xxx.o(.text)
    I2C3_EV_IRQHandler                       0x08000553   Thumb Code     0  startup_stm32f40_41xxx.o(.text)
    OTG_FS_IRQHandler                        0x08000553   Thumb Code     0  startup_stm32f40_41xxx.o(.text)
    OTG_FS_WKUP_IRQHandler                   0x08000553   Thumb Code     0  startup_stm32f40_41xxx.o(.text)
    OTG_HS_EP1_IN_IRQHandler                 0x08000553   Thumb Code     0  startup_stm32f40_41xxx.o(.text)
    OTG_HS_EP1_OUT_IRQHandler                0x08000553   Thumb Code     0  startup_stm32f40_41xxx.o(.text)
    OTG_HS_IRQHandler                        0x08000553   Thumb Code     0  startup_stm32f40_41xxx.o(.text)
    OTG_HS_WKUP_IRQHandler                   0x08000553   Thumb Code     0  startup_stm32f40_41xxx.o(.text)
    PVD_IRQHandler                           0x08000553   Thumb Code     0  startup_stm32f40_41xxx.o(.text)
    RCC_IRQHandler                           0x08000553   Thumb Code     0  startup_stm32f40_41xxx.o(.text)
    RTC_Alarm_IRQHandler                     0x08000553   Thumb Code     0  startup_stm32f40_41xxx.o(.text)
    RTC_WKUP_IRQHandler                      0x08000553   Thumb Code     0  startup_stm32f40_41xxx.o(.text)
    SDIO_IRQHandler                          0x08000553   Thumb Code     0  startup_stm32f40_41xxx.o(.text)
    SPI1_IRQHandler                          0x08000553   Thumb Code     0  startup_stm32f40_41xxx.o(.text)
    SPI2_IRQHandler                          0x08000553   Thumb Code     0  startup_stm32f40_41xxx.o(.text)
    SPI3_IRQHandler                          0x08000553   Thumb Code     0  startup_stm32f40_41xxx.o(.text)
    TAMP_STAMP_IRQHandler                    0x08000553   Thumb Code     0  startup_stm32f40_41xxx.o(.text)
    TIM1_BRK_TIM9_IRQHandler                 0x08000553   Thumb Code     0  startup_stm32f40_41xxx.o(.text)
    TIM1_CC_IRQHandler                       0x08000553   Thumb Code     0  startup_stm32f40_41xxx.o(.text)
    TIM1_TRG_COM_TIM11_IRQHandler            0x08000553   Thumb Code     0  startup_stm32f40_41xxx.o(.text)
    TIM1_UP_TIM10_IRQHandler                 0x08000553   Thumb Code     0  startup_stm32f40_41xxx.o(.text)
    TIM2_IRQHandler                          0x08000553   Thumb Code     0  startup_stm32f40_41xxx.o(.text)
    TIM5_IRQHandler                          0x08000553   Thumb Code     0  startup_stm32f40_41xxx.o(.text)
    TIM6_DAC_IRQHandler                      0x08000553   Thumb Code     0  startup_stm32f40_41xxx.o(.text)
    TIM7_IRQHandler                          0x08000553   Thumb Code     0  startup_stm32f40_41xxx.o(.text)
    TIM8_BRK_TIM12_IRQHandler                0x08000553   Thumb Code     0  startup_stm32f40_41xxx.o(.text)
    TIM8_CC_IRQHandler                       0x08000553   Thumb Code     0  startup_stm32f40_41xxx.o(.text)
    TIM8_TRG_COM_TIM14_IRQHandler            0x08000553   Thumb Code     0  startup_stm32f40_41xxx.o(.text)
    TIM8_UP_TIM13_IRQHandler                 0x08000553   Thumb Code     0  startup_stm32f40_41xxx.o(.text)
    UART4_IRQHandler                         0x08000553   Thumb Code     0  startup_stm32f40_41xxx.o(.text)
    UART5_IRQHandler                         0x08000553   Thumb Code     0  startup_stm32f40_41xxx.o(.text)
    USART2_IRQHandler                        0x08000553   Thumb Code     0  startup_stm32f40_41xxx.o(.text)
    USART3_IRQHandler                        0x08000553   Thumb Code     0  startup_stm32f40_41xxx.o(.text)
    USART6_IRQHandler                        0x08000553   Thumb Code     0  startup_stm32f40_41xxx.o(.text)
    WWDG_IRQHandler                          0x08000553   Thumb Code     0  startup_stm32f40_41xxx.o(.text)
    __user_initial_stackheap                 0x08000555   Thumb Code     0  startup_stm32f40_41xxx.o(.text)
    NVIC_PriorityGroupConfig                 0x08000579   Thumb Code    10  misc.o(.text)
    NVIC_Init                                0x08000583   Thumb Code   106  misc.o(.text)
    NVIC_SetVectorTable                      0x080005ed   Thumb Code    14  misc.o(.text)
    NVIC_SystemLPConfig                      0x080005fb   Thumb Code    34  misc.o(.text)
    SysTick_CLKSourceConfig                  0x0800061d   Thumb Code    40  misc.o(.text)
    GPIO_DeInit                              0x08000659   Thumb Code   268  stm32f4xx_gpio.o(.text)
    GPIO_Init                                0x08000765   Thumb Code   144  stm32f4xx_gpio.o(.text)
    GPIO_StructInit                          0x080007f5   Thumb Code    18  stm32f4xx_gpio.o(.text)
    GPIO_PinLockConfig                       0x08000807   Thumb Code    34  stm32f4xx_gpio.o(.text)
    GPIO_ReadInputDataBit                    0x08000829   Thumb Code    18  stm32f4xx_gpio.o(.text)
    GPIO_ReadInputData                       0x0800083b   Thumb Code     8  stm32f4xx_gpio.o(.text)
    GPIO_ReadOutputDataBit                   0x08000843   Thumb Code    18  stm32f4xx_gpio.o(.text)
    GPIO_ReadOutputData                      0x08000855   Thumb Code     8  stm32f4xx_gpio.o(.text)
    GPIO_SetBits                             0x0800085d   Thumb Code     4  stm32f4xx_gpio.o(.text)
    GPIO_ResetBits                           0x08000861   Thumb Code     4  stm32f4xx_gpio.o(.text)
    GPIO_WriteBit                            0x08000865   Thumb Code    10  stm32f4xx_gpio.o(.text)
    GPIO_Write                               0x0800086f   Thumb Code     4  stm32f4xx_gpio.o(.text)
    GPIO_ToggleBits                          0x08000873   Thumb Code     8  stm32f4xx_gpio.o(.text)
    GPIO_PinAFConfig                         0x0800087b   Thumb Code    70  stm32f4xx_gpio.o(.text)
    RCC_DeInit                               0x080008ed   Thumb Code    82  stm32f4xx_rcc.o(.text)
    RCC_HSEConfig                            0x0800093f   Thumb Code    14  stm32f4xx_rcc.o(.text)
    RCC_GetFlagStatus                        0x0800094d   Thumb Code    60  stm32f4xx_rcc.o(.text)
    RCC_WaitForHSEStartUp                    0x08000989   Thumb Code    56  stm32f4xx_rcc.o(.text)
    RCC_AdjustHSICalibrationValue            0x080009c1   Thumb Code    20  stm32f4xx_rcc.o(.text)
    RCC_HSICmd                               0x080009d5   Thumb Code     6  stm32f4xx_rcc.o(.text)
    RCC_LSEConfig                            0x080009db   Thumb Code    46  stm32f4xx_rcc.o(.text)
    RCC_LSICmd                               0x08000a09   Thumb Code     6  stm32f4xx_rcc.o(.text)
    RCC_PLLConfig                            0x08000a0f   Thumb Code    32  stm32f4xx_rcc.o(.text)
    RCC_PLLCmd                               0x08000a2f   Thumb Code     6  stm32f4xx_rcc.o(.text)
    RCC_PLLI2SConfig                         0x08000a35   Thumb Code    14  stm32f4xx_rcc.o(.text)
    RCC_PLLI2SCmd                            0x08000a43   Thumb Code     6  stm32f4xx_rcc.o(.text)
    RCC_PLLSAIConfig                         0x08000a49   Thumb Code    20  stm32f4xx_rcc.o(.text)
    RCC_PLLSAICmd                            0x08000a5d   Thumb Code     6  stm32f4xx_rcc.o(.text)
    RCC_ClockSecuritySystemCmd               0x08000a63   Thumb Code     6  stm32f4xx_rcc.o(.text)
    RCC_MCO1Config                           0x08000a69   Thumb Code    28  stm32f4xx_rcc.o(.text)
    RCC_MCO2Config                           0x08000a85   Thumb Code    28  stm32f4xx_rcc.o(.text)
    RCC_SYSCLKConfig                         0x08000aa1   Thumb Code    20  stm32f4xx_rcc.o(.text)
    RCC_GetSYSCLKSource                      0x08000ab5   Thumb Code    12  stm32f4xx_rcc.o(.text)
    RCC_HCLKConfig                           0x08000ac1   Thumb Code    20  stm32f4xx_rcc.o(.text)
    RCC_PCLK1Config                          0x08000ad5   Thumb Code    20  stm32f4xx_rcc.o(.text)
    RCC_PCLK2Config                          0x08000ae9   Thumb Code    22  stm32f4xx_rcc.o(.text)
    RCC_GetClocksFreq                        0x08000aff   Thumb Code   222  stm32f4xx_rcc.o(.text)
    RCC_RTCCLKConfig                         0x08000bdd   Thumb Code    54  stm32f4xx_rcc.o(.text)
    RCC_RTCCLKCmd                            0x08000c13   Thumb Code     8  stm32f4xx_rcc.o(.text)
    RCC_BackupResetCmd                       0x08000c1b   Thumb Code     8  stm32f4xx_rcc.o(.text)
    RCC_I2SCLKConfig                         0x08000c23   Thumb Code     6  stm32f4xx_rcc.o(.text)
    RCC_SAIPLLI2SClkDivConfig                0x08000c29   Thumb Code    26  stm32f4xx_rcc.o(.text)
    RCC_SAIPLLSAIClkDivConfig                0x08000c43   Thumb Code    28  stm32f4xx_rcc.o(.text)
    RCC_SAIBlockACLKConfig                   0x08000c5f   Thumb Code    20  stm32f4xx_rcc.o(.text)
    RCC_SAIBlockBCLKConfig                   0x08000c73   Thumb Code    20  stm32f4xx_rcc.o(.text)
    RCC_LTDCCLKDivConfig                     0x08000c87   Thumb Code    20  stm32f4xx_rcc.o(.text)
    RCC_TIMCLKPresConfig                     0x08000c9b   Thumb Code     6  stm32f4xx_rcc.o(.text)
    RCC_AHB1PeriphClockCmd                   0x08000ca1   Thumb Code    34  stm32f4xx_rcc.o(.text)
    RCC_AHB2PeriphClockCmd                   0x08000cc3   Thumb Code    78  stm32f4xx_rcc.o(.text)
    RCC_AHB3PeriphClockCmd                   0x08000d11   Thumb Code    34  stm32f4xx_rcc.o(.text)
    RCC_APB1PeriphClockCmd                   0x08000d33   Thumb Code    34  stm32f4xx_rcc.o(.text)
    RCC_APB2PeriphClockCmd                   0x08000d55   Thumb Code    34  stm32f4xx_rcc.o(.text)
    RCC_AHB1PeriphResetCmd                   0x08000d77   Thumb Code    34  stm32f4xx_rcc.o(.text)
    RCC_AHB2PeriphResetCmd                   0x08000d99   Thumb Code    34  stm32f4xx_rcc.o(.text)
    RCC_AHB3PeriphResetCmd                   0x08000dbb   Thumb Code    34  stm32f4xx_rcc.o(.text)
    RCC_APB1PeriphResetCmd                   0x08000ddd   Thumb Code    34  stm32f4xx_rcc.o(.text)
    RCC_APB2PeriphResetCmd                   0x08000dff   Thumb Code    34  stm32f4xx_rcc.o(.text)
    RCC_AHB1PeriphClockLPModeCmd             0x08000e21   Thumb Code    34  stm32f4xx_rcc.o(.text)
    RCC_AHB2PeriphClockLPModeCmd             0x08000e43   Thumb Code    34  stm32f4xx_rcc.o(.text)
    RCC_AHB3PeriphClockLPModeCmd             0x08000e65   Thumb Code    34  stm32f4xx_rcc.o(.text)
    RCC_APB1PeriphClockLPModeCmd             0x08000e87   Thumb Code    34  stm32f4xx_rcc.o(.text)
    RCC_APB2PeriphClockLPModeCmd             0x08000ea9   Thumb Code    34  stm32f4xx_rcc.o(.text)
    RCC_LSEModeConfig                        0x08000ecb   Thumb Code    40  stm32f4xx_rcc.o(.text)
    RCC_ITConfig                             0x08000ef3   Thumb Code    34  stm32f4xx_rcc.o(.text)
    RCC_ClearFlag                            0x08000f15   Thumb Code    18  stm32f4xx_rcc.o(.text)
    RCC_GetITStatus                          0x08000f27   Thumb Code    22  stm32f4xx_rcc.o(.text)
    RCC_ClearITPendingBit                    0x08000f3d   Thumb Code     8  stm32f4xx_rcc.o(.text)
    TIM_DeInit                               0x08000f49   Thumb Code   346  stm32f4xx_tim.o(.text)
    TIM_TimeBaseInit                         0x080010a3   Thumb Code   104  stm32f4xx_tim.o(.text)
    TIM_TimeBaseStructInit                   0x0800110b   Thumb Code    18  stm32f4xx_tim.o(.text)
    TIM_PrescalerConfig                      0x0800111d   Thumb Code     6  stm32f4xx_tim.o(.text)
    TIM_CounterModeConfig                    0x08001123   Thumb Code    18  stm32f4xx_tim.o(.text)
    TIM_SetCounter                           0x08001135   Thumb Code     4  stm32f4xx_tim.o(.text)
    TIM_SetAutoreload                        0x08001139   Thumb Code     4  stm32f4xx_tim.o(.text)
    TIM_GetCounter                           0x0800113d   Thumb Code     6  stm32f4xx_tim.o(.text)
    TIM_GetPrescaler                         0x08001143   Thumb Code     6  stm32f4xx_tim.o(.text)
    TIM_UpdateDisableConfig                  0x08001149   Thumb Code    24  stm32f4xx_tim.o(.text)
    TIM_UpdateRequestConfig                  0x08001161   Thumb Code    24  stm32f4xx_tim.o(.text)
    TIM_ARRPreloadConfig                     0x08001179   Thumb Code    24  stm32f4xx_tim.o(.text)
    TIM_SelectOnePulseMode                   0x08001191   Thumb Code    18  stm32f4xx_tim.o(.text)
    TIM_SetClockDivision                     0x080011a3   Thumb Code    18  stm32f4xx_tim.o(.text)
    TIM_Cmd                                  0x080011b5   Thumb Code    24  stm32f4xx_tim.o(.text)
    TIM_OC1Init                              0x080011cd   Thumb Code   114  stm32f4xx_tim.o(.text)
    TIM_OC2Init                              0x0800123f   Thumb Code   154  stm32f4xx_tim.o(.text)
    TIM_OC3Init                              0x080012d9   Thumb Code   204  stm32f4xx_tim.o(.text)
    TIM_OC4Init                              0x080013a5   Thumb Code   112  stm32f4xx_tim.o(.text)
    TIM_OCStructInit                         0x08001415   Thumb Code    20  stm32f4xx_tim.o(.text)
    TIM_SelectOCxM                           0x08001429   Thumb Code    86  stm32f4xx_tim.o(.text)
    TIM_SetCompare1                          0x0800147f   Thumb Code     4  stm32f4xx_tim.o(.text)
    TIM_SetCompare2                          0x08001483   Thumb Code     4  stm32f4xx_tim.o(.text)
    TIM_SetCompare3                          0x08001487   Thumb Code     4  stm32f4xx_tim.o(.text)
    TIM_SetCompare4                          0x0800148b   Thumb Code     4  stm32f4xx_tim.o(.text)
    TIM_ForcedOC1Config                      0x0800148f   Thumb Code    18  stm32f4xx_tim.o(.text)
    TIM_ForcedOC2Config                      0x080014a1   Thumb Code    26  stm32f4xx_tim.o(.text)
    TIM_ForcedOC3Config                      0x080014bb   Thumb Code    18  stm32f4xx_tim.o(.text)
    TIM_ForcedOC4Config                      0x080014cd   Thumb Code    26  stm32f4xx_tim.o(.text)
    TIM_OC1PreloadConfig                     0x080014e7   Thumb Code    18  stm32f4xx_tim.o(.text)
    TIM_OC2PreloadConfig                     0x080014f9   Thumb Code    26  stm32f4xx_tim.o(.text)
    TIM_OC3PreloadConfig                     0x08001513   Thumb Code    18  stm32f4xx_tim.o(.text)
    TIM_OC4PreloadConfig                     0x08001525   Thumb Code    26  stm32f4xx_tim.o(.text)
    TIM_OC1FastConfig                        0x0800153f   Thumb Code    18  stm32f4xx_tim.o(.text)
    TIM_OC2FastConfig                        0x08001551   Thumb Code    26  stm32f4xx_tim.o(.text)
    TIM_OC3FastConfig                        0x0800156b   Thumb Code    18  stm32f4xx_tim.o(.text)
    TIM_OC4FastConfig                        0x0800157d   Thumb Code    26  stm32f4xx_tim.o(.text)
    TIM_ClearOC1Ref                          0x08001597   Thumb Code    18  stm32f4xx_tim.o(.text)
    TIM_ClearOC2Ref                          0x080015a9   Thumb Code    24  stm32f4xx_tim.o(.text)
    TIM_ClearOC3Ref                          0x080015c1   Thumb Code    18  stm32f4xx_tim.o(.text)
    TIM_ClearOC4Ref                          0x080015d3   Thumb Code    24  stm32f4xx_tim.o(.text)
    TIM_OC1PolarityConfig                    0x080015eb   Thumb Code    18  stm32f4xx_tim.o(.text)
    TIM_OC1NPolarityConfig                   0x080015fd   Thumb Code    18  stm32f4xx_tim.o(.text)
    TIM_OC2PolarityConfig                    0x0800160f   Thumb Code    26  stm32f4xx_tim.o(.text)
    TIM_OC2NPolarityConfig                   0x08001629   Thumb Code    26  stm32f4xx_tim.o(.text)
    TIM_OC3PolarityConfig                    0x08001643   Thumb Code    26  stm32f4xx_tim.o(.text)
    TIM_OC3NPolarityConfig                   0x0800165d   Thumb Code    26  stm32f4xx_tim.o(.text)
    TIM_OC4PolarityConfig                    0x08001677   Thumb Code    26  stm32f4xx_tim.o(.text)
    TIM_CCxCmd                               0x08001691   Thumb Code    30  stm32f4xx_tim.o(.text)
    TIM_CCxNCmd                              0x080016af   Thumb Code    30  stm32f4xx_tim.o(.text)
    TIM_SetIC4Prescaler                      0x080016cd   Thumb Code    26  stm32f4xx_tim.o(.text)
    TIM_SetIC3Prescaler                      0x08001737   Thumb Code    18  stm32f4xx_tim.o(.text)
    TIM_SetIC2Prescaler                      0x08001791   Thumb Code    26  stm32f4xx_tim.o(.text)
    TIM_SetIC1Prescaler                      0x08001805   Thumb Code    18  stm32f4xx_tim.o(.text)
    TIM_ICInit                               0x08001851   Thumb Code   110  stm32f4xx_tim.o(.text)
    TIM_ICStructInit                         0x080018bf   Thumb Code    18  stm32f4xx_tim.o(.text)
    TIM_PWMIConfig                           0x080018d1   Thumb Code   124  stm32f4xx_tim.o(.text)
    TIM_GetCapture1                          0x0800194d   Thumb Code     6  stm32f4xx_tim.o(.text)
    TIM_GetCapture2                          0x08001953   Thumb Code     6  stm32f4xx_tim.o(.text)
    TIM_GetCapture3                          0x08001959   Thumb Code     6  stm32f4xx_tim.o(.text)
    TIM_GetCapture4                          0x0800195f   Thumb Code     6  stm32f4xx_tim.o(.text)
    TIM_BDTRConfig                           0x08001965   Thumb Code    32  stm32f4xx_tim.o(.text)
    TIM_BDTRStructInit                       0x08001985   Thumb Code    18  stm32f4xx_tim.o(.text)
    TIM_CtrlPWMOutputs                       0x08001997   Thumb Code    30  stm32f4xx_tim.o(.text)
    TIM_SelectCOM                            0x080019b5   Thumb Code    24  stm32f4xx_tim.o(.text)
    TIM_CCPreloadControl                     0x080019cd   Thumb Code    24  stm32f4xx_tim.o(.text)
    TIM_ITConfig                             0x080019e5   Thumb Code    18  stm32f4xx_tim.o(.text)
    TIM_GenerateEvent                        0x080019f7   Thumb Code     4  stm32f4xx_tim.o(.text)
    TIM_GetFlagStatus                        0x080019fb   Thumb Code    18  stm32f4xx_tim.o(.text)
    TIM_ClearFlag                            0x08001a0d   Thumb Code     6  stm32f4xx_tim.o(.text)
    TIM_GetITStatus                          0x08001a13   Thumb Code    34  stm32f4xx_tim.o(.text)
    TIM_ClearITPendingBit                    0x08001a35   Thumb Code     6  stm32f4xx_tim.o(.text)
    TIM_DMAConfig                            0x08001a3b   Thumb Code    10  stm32f4xx_tim.o(.text)
    TIM_DMACmd                               0x08001a45   Thumb Code    18  stm32f4xx_tim.o(.text)
    TIM_SelectCCDMA                          0x08001a57   Thumb Code    24  stm32f4xx_tim.o(.text)
    TIM_InternalClockConfig                  0x08001a6f   Thumb Code    12  stm32f4xx_tim.o(.text)
    TIM_SelectInputTrigger                   0x08001a7b   Thumb Code    18  stm32f4xx_tim.o(.text)
    TIM_ITRxExternalClockConfig              0x08001a8d   Thumb Code    24  stm32f4xx_tim.o(.text)
    TIM_TIxExternalClockConfig               0x08001aa5   Thumb Code    62  stm32f4xx_tim.o(.text)
    TIM_ETRConfig                            0x08001ae3   Thumb Code    28  stm32f4xx_tim.o(.text)
    TIM_ETRClockMode1Config                  0x08001aff   Thumb Code    54  stm32f4xx_tim.o(.text)
    TIM_ETRClockMode2Config                  0x08001b35   Thumb Code    32  stm32f4xx_tim.o(.text)
    TIM_SelectOutputTrigger                  0x08001b55   Thumb Code    18  stm32f4xx_tim.o(.text)
    TIM_SelectSlaveMode                      0x08001b67   Thumb Code    18  stm32f4xx_tim.o(.text)
    TIM_SelectMasterSlaveMode                0x08001b79   Thumb Code    18  stm32f4xx_tim.o(.text)
    TIM_EncoderInterfaceConfig               0x08001b8b   Thumb Code    66  stm32f4xx_tim.o(.text)
    TIM_SelectHallSensor                     0x08001bcd   Thumb Code    24  stm32f4xx_tim.o(.text)
    TIM_RemapConfig                          0x08001be5   Thumb Code     6  stm32f4xx_tim.o(.text)
    USART_DeInit                             0x08001bed   Thumb Code   206  stm32f4xx_usart.o(.text)
    USART_Init                               0x08001cbb   Thumb Code   204  stm32f4xx_usart.o(.text)
    USART_StructInit                         0x08001d87   Thumb Code    24  stm32f4xx_usart.o(.text)
    USART_ClockInit                          0x08001d9f   Thumb Code    32  stm32f4xx_usart.o(.text)
    USART_ClockStructInit                    0x08001dbf   Thumb Code    12  stm32f4xx_usart.o(.text)
    USART_Cmd                                0x08001dcb   Thumb Code    24  stm32f4xx_usart.o(.text)
    USART_SetPrescaler                       0x08001de3   Thumb Code    16  stm32f4xx_usart.o(.text)
    USART_OverSampling8Cmd                   0x08001df3   Thumb Code    22  stm32f4xx_usart.o(.text)
    USART_OneBitMethodCmd                    0x08001e09   Thumb Code    24  stm32f4xx_usart.o(.text)
    USART_SendData                           0x08001e21   Thumb Code     8  stm32f4xx_usart.o(.text)
    USART_ReceiveData                        0x08001e29   Thumb Code    10  stm32f4xx_usart.o(.text)
    USART_SetAddress                         0x08001e33   Thumb Code    18  stm32f4xx_usart.o(.text)
    USART_ReceiverWakeUpCmd                  0x08001e45   Thumb Code    24  stm32f4xx_usart.o(.text)
    USART_WakeUpConfig                       0x08001e5d   Thumb Code    18  stm32f4xx_usart.o(.text)
    USART_LINBreakDetectLengthConfig         0x08001e6f   Thumb Code    18  stm32f4xx_usart.o(.text)
    USART_LINCmd                             0x08001e81   Thumb Code    24  stm32f4xx_usart.o(.text)
    USART_SendBreak                          0x08001e99   Thumb Code    10  stm32f4xx_usart.o(.text)
    USART_HalfDuplexCmd                      0x08001ea3   Thumb Code    24  stm32f4xx_usart.o(.text)
    USART_SetGuardTime                       0x08001ebb   Thumb Code    16  stm32f4xx_usart.o(.text)
    USART_SmartCardCmd                       0x08001ecb   Thumb Code    24  stm32f4xx_usart.o(.text)
    USART_SmartCardNACKCmd                   0x08001ee3   Thumb Code    24  stm32f4xx_usart.o(.text)
    USART_IrDAConfig                         0x08001efb   Thumb Code    18  stm32f4xx_usart.o(.text)
    USART_IrDACmd                            0x08001f0d   Thumb Code    24  stm32f4xx_usart.o(.text)
    USART_DMACmd                             0x08001f25   Thumb Code    18  stm32f4xx_usart.o(.text)
    USART_ITConfig                           0x08001f37   Thumb Code    74  stm32f4xx_usart.o(.text)
    USART_GetFlagStatus                      0x08001f81   Thumb Code    26  stm32f4xx_usart.o(.text)
    USART_ClearFlag                          0x08001f9b   Thumb Code    18  stm32f4xx_usart.o(.text)
    USART_GetITStatus                        0x08001fad   Thumb Code   118  stm32f4xx_usart.o(.text)
    USART_ClearITPendingBit                  0x08002023   Thumb Code    30  stm32f4xx_usart.o(.text)
    delay_init                               0x08002041   Thumb Code    52  delay.o(.text)
    delay_us                                 0x08002075   Thumb Code    72  delay.o(.text)
    delay_xms                                0x080020bd   Thumb Code    72  delay.o(.text)
    delay_ms                                 0x08002105   Thumb Code    56  delay.o(.text)
    _sys_exit                                0x08002145   Thumb Code     6  usart.o(.text)
    fputc                                    0x0800214b   Thumb Code    22  usart.o(.text)
    uart_init                                0x08002161   Thumb Code   164  usart.o(.text)
    USART1_IRQHandler                        0x08002205   Thumb Code   122  usart.o(.text)
    LED_Init                                 0x08002291   Thumb Code   878  led.o(.text)
    SPI_WriteData                            0x08002609   Thumb Code    56  lcd.o(.text)
    Reset                                    0x08002641   Thumb Code    32  lcd.o(.text)
    Lcd_WriteIndex                           0x08002661   Thumb Code    34  lcd.o(.text)
    Lcd_WriteData                            0x08002683   Thumb Code    36  lcd.o(.text)
    LCD_WriteData_16Bit                      0x080026a7   Thumb Code    44  lcd.o(.text)
    lcd_initial                              0x080026d3   Thumb Code   542  lcd.o(.text)
    Lcd_SetRegion                            0x080028f1   Thumb Code    86  lcd.o(.text)
    dsp_single_colour                        0x08002947   Thumb Code    48  lcd.o(.text)
    showimage                                0x08002977   Thumb Code   114  lcd.o(.text)
    showimage1                               0x080029e9   Thumb Code    64  lcd.o(.text)
    Fast_DrawFont_GBK16                      0x08002a29   Thumb Code    90  lcd.o(.text)
    huadian                                  0x08002a83   Thumb Code    40  lcd.o(.text)
    XY_show                                  0x08002aab   Thumb Code    92  lcd.o(.text)
    ZXT                                      0x08002b07   Thumb Code   336  lcd.o(.text)
    ZXT_QL                                   0x08002c57   Thumb Code    16  lcd.o(.text)
    same_char                                0x08002c81   Thumb Code   732  printf.o(.text)
    putchar                                  0x08002f5d   Thumb Code   126  printf.o(.text)
    printch                                  0x08002fdb   Thumb Code    12  printf.o(.text)
    printint                                 0x08002fe7   Thumb Code    44  printf.o(.text)
    printstr                                 0x08003013   Thumb Code    22  printf.o(.text)
    printfloat                               0x08003029   Thumb Code   464  printf.o(.text)
    my_printf                                0x080031f9   Thumb Code   322  printf.o(.text)
    down_line                                0x0800333b   Thumb Code    12  printf.o(.text)
    up_line                                  0x08003347   Thumb Code    12  printf.o(.text)
    qingling                                 0x08003353   Thumb Code    26  printf.o(.text)
    show_arrow                               0x0800336d   Thumb Code    22  printf.o(.text)
    show_v                                   0x08003383   Thumb Code    22  printf.o(.text)
    left_move                                0x08003399   Thumb Code    44  printf.o(.text)
    right_move                               0x080033c5   Thumb Code    26  printf.o(.text)
    KEY_Init                                 0x080033f5   Thumb Code    78  key.o(.text)
    KEY_scan                                 0x08003443   Thumb Code   382  key.o(.text)
    mune_up                                  0x080035dd   Thumb Code    60  mune.o(.text)
    mune_selete                              0x08003619   Thumb Code    32  mune.o(.text)
    mune_down                                0x08003639   Thumb Code    60  mune.o(.text)
    mune_init                                0x08003675   Thumb Code   130  mune.o(.text)
    show_init                                0x08003741   Thumb Code   226  set_pid.o(.text)
    Read_USART_str                           0x08003823   Thumb Code    40  set_pid.o(.text)
    MY_USART_Change_PID                      0x0800384b   Thumb Code   258  set_pid.o(.text)
    SET_up                                   0x0800394d   Thumb Code    80  set_pid.o(.text)
    flag8                                    0x0800399d   Thumb Code   110  set_pid.o(.text)
    flag2                                    0x08003a0b   Thumb Code   110  set_pid.o(.text)
    set_V                                    0x08003a79   Thumb Code   342  set_pid.o(.text)
    set_D                                    0x08003bcf   Thumb Code   252  set_pid.o(.text)
    set_I                                    0x08003ccb   Thumb Code   252  set_pid.o(.text)
    set_P                                    0x08003dc7   Thumb Code   248  set_pid.o(.text)
    PID_selete                               0x08003ebf   Thumb Code    50  set_pid.o(.text)
    SET_down                                 0x08003ef1   Thumb Code    94  set_pid.o(.text)
    SET_PID                                  0x08003f4f   Thumb Code   348  set_pid.o(.text)
    AG_show_init                             0x080040ab   Thumb Code   208  set_pid.o(.text)
    AG_ZD                                    0x0800417b   Thumb Code   164  set_pid.o(.text)
    MY_USART_Change_PIDtwo                   0x0800421f   Thumb Code   324  set_pid.o(.text)
    myset_AG                                 0x08004363   Thumb Code   378  set_pid.o(.text)
    my_Angle_selete                          0x080044dd   Thumb Code    50  set_pid.o(.text)
    SET_angle                                0x0800450f   Thumb Code   328  set_pid.o(.text)
    IIC_Init                                 0x08004685   Thumb Code    62  eeprom.o(.text)
    IIC_Start                                0x080046c3   Thumb Code    68  eeprom.o(.text)
    IIC_Stop                                 0x08004707   Thumb Code    62  eeprom.o(.text)
    IIC_Wait_Ack                             0x08004745   Thumb Code    82  eeprom.o(.text)
    IIC_Ack                                  0x08004797   Thumb Code    66  eeprom.o(.text)
    IIC_NAck                                 0x080047d9   Thumb Code    66  eeprom.o(.text)
    IIC_Send_Byte                            0x0800481b   Thumb Code    90  eeprom.o(.text)
    IIC_Read_Byte                            0x08004875   Thumb Code    94  eeprom.o(.text)
    E2ReadByte                               0x080048d3   Thumb Code    58  eeprom.o(.text)
    E2WriteByte                              0x0800490d   Thumb Code    46  eeprom.o(.text)
    E2Write_long                             0x0800493b   Thumb Code    58  eeprom.o(.text)
    TIM4_Init_encoder                        0x08004981   Thumb Code   222  timer.o(.text)
    TIM4_IRQHandler                          0x08004a5f   Thumb Code    46  timer.o(.text)
    TIM3_Int_Init                            0x08004a9d   Thumb Code    88  timirq.o(.text)
    TIM3_IRQHandler                          0x08004af5   Thumb Code   182  timirq.o(.text)
    PID_Init                                 0x08004bd5   Thumb Code    32  pid.o(.text)
    Change_P                                 0x08004bf5   Thumb Code     8  pid.o(.text)
    Change_add_error                         0x08004bfd   Thumb Code     8  pid.o(.text)
    Change_I                                 0x08004c05   Thumb Code     8  pid.o(.text)
    Change_D                                 0x08004c0d   Thumb Code     8  pid.o(.text)
    figure_PID                               0x08004c15   Thumb Code   160  pid.o(.text)
    TIM10_PWM_init                           0x08004cbd   Thumb Code   150  pwm.o(.text)
    TIM11_PWM_init                           0x08004d53   Thumb Code   150  pwm.o(.text)
    __use_no_semihosting                     0x08004df5   Thumb Code     2  use_no_semi_2.o(.text)
    __2printf                                0x08004df9   Thumb Code    20  noretval__2printf.o(.text)
    __printf                                 0x08004e11   Thumb Code   104  __printf.o(.text)
    _printf_str                              0x08004e79   Thumb Code    82  _printf_str.o(.text)
    _printf_int_dec                          0x08004ecd   Thumb Code   104  _printf_dec.o(.text)
    atoi                                     0x08004f45   Thumb Code    26  atoi.o(.text)
    __use_two_region_memory                  0x08004f5f   Thumb Code     2  heapauxi.o(.text)
    __rt_heap_escrow$2region                 0x08004f61   Thumb Code     2  heapauxi.o(.text)
    __rt_heap_expand$2region                 0x08004f63   Thumb Code     2  heapauxi.o(.text)
    __I$use$semihosting                      0x08004f65   Thumb Code     0  use_no_semi.o(.text)
    __use_no_semihosting_swi                 0x08004f65   Thumb Code     2  use_no_semi.o(.text)
    __aeabi_errno_addr                       0x08004f69   Thumb Code     8  rt_errno_addr_intlibspace.o(.text)
    __errno$intlibspace                      0x08004f69   Thumb Code     0  rt_errno_addr_intlibspace.o(.text)
    __rt_errno_addr$intlibspace              0x08004f69   Thumb Code     0  rt_errno_addr_intlibspace.o(.text)
    __read_errno                             0x08004f71   Thumb Code    10  _rserrno.o(.text)
    __set_errno                              0x08004f7b   Thumb Code    12  _rserrno.o(.text)
    _printf_int_common                       0x08004f87   Thumb Code   178  _printf_intcommon.o(.text)
    _printf_cs_common                        0x08005039   Thumb Code    20  _printf_char.o(.text)
    _printf_char                             0x0800504d   Thumb Code    16  _printf_char.o(.text)
    _printf_string                           0x0800505d   Thumb Code     8  _printf_char.o(.text)
    _printf_char_file                        0x08005065   Thumb Code    32  _printf_char_file.o(.text)
    __strtod_int                             0x080050c5   Thumb Code    90  strtod.o(.text)
    strtol                                   0x0800512d   Thumb Code   112  strtol.o(.text)
    __user_libspace                          0x0800519d   Thumb Code     8  libspace.o(.text)
    __user_perproc_libspace                  0x0800519d   Thumb Code     0  libspace.o(.text)
    __user_perthread_libspace                0x0800519d   Thumb Code     0  libspace.o(.text)
    __rt_ctype_table                         0x080051a5   Thumb Code    16  rt_ctype_table.o(.text)
    isspace                                  0x080051b5   Thumb Code    18  isspace.o(.text)
    _printf_char_common                      0x080051d3   Thumb Code    32  _printf_char_common.o(.text)
    _sgetc                                   0x080051f9   Thumb Code    30  _sgetc.o(.text)
    _sbackspace                              0x08005217   Thumb Code    34  _sgetc.o(.text)
    _strtoul                                 0x08005239   Thumb Code   158  _strtoul.o(.text)
    ferror                                   0x080052d7   Thumb Code     8  ferror.o(.text)
    __user_setup_stackheap                   0x080052df   Thumb Code    74  sys_stackheap_outer.o(.text)
    __rt_locale                              0x08005329   Thumb Code     8  rt_locale_intlibspace.o(.text)
    _chval                                   0x08005331   Thumb Code    28  _chval.o(.text)
    _scanf_really_real                       0x08005549   Thumb Code   668  scanf_fp.o(.text)
    exit                                     0x080057f1   Thumb Code    18  exit.o(.text)
    strcmp                                   0x08005805   Thumb Code   128  strcmpv7m.o(.text)
    _btod_etento                             0x08005885   Thumb Code   216  bigflt0.o(.text)
    _scanf_really_hex_real                   0x08005961   Thumb Code   786  scanf_hexfp.o(.text)
    _scanf_really_infnan                     0x08005c81   Thumb Code   292  scanf_infnan.o(.text)
    __aeabi_llsl                             0x08005db5   Thumb Code     0  llshl.o(.text)
    _ll_shift_l                              0x08005db5   Thumb Code    38  llshl.o(.text)
    __btod_div_common                        0x08005ddb   Thumb Code   696  btod.o(CL$$btod_div_common)
    _e2d                                     0x08006115   Thumb Code    80  btod.o(CL$$btod_e2d)
    _e2e                                     0x08006169   Thumb Code   198  btod.o(CL$$btod_e2e)
    _btod_ediv                               0x0800622f   Thumb Code    40  btod.o(CL$$btod_ediv)
    _btod_edivd                              0x08006257   Thumb Code    40  btod.o(CL$$btod_edivd)
    _btod_emul                               0x0800627f   Thumb Code    40  btod.o(CL$$btod_emul)
    _btod_emuld                              0x080062a7   Thumb Code    40  btod.o(CL$$btod_emuld)
    __btod_mult_common                       0x080062cf   Thumb Code   580  btod.o(CL$$btod_mult_common)
    __hardfp_atof                            0x08006519   Thumb Code    44  atof.o(i.__hardfp_atof)
    __hardfp_ldexp                           0x08006551   Thumb Code   200  ldexp.o(i.__hardfp_ldexp)
    __mathlib_dbl_overflow                   0x08006621   Thumb Code    24  dunder.o(i.__mathlib_dbl_overflow)
    __mathlib_dbl_underflow                  0x08006641   Thumb Code    24  dunder.o(i.__mathlib_dbl_underflow)
    __mathlib_narrow                         0x08006661   Thumb Code   166  narrow.o(i.__mathlib_narrow)
    __support_ldexp                          0x08006719   Thumb Code    20  ldexp.o(i.__support_ldexp)
    _is_digit                                0x0800672d   Thumb Code    14  __printf_wp.o(i._is_digit)
    frexp                                    0x08006741   Thumb Code   118  frexp.o(i.frexp)
    _get_lc_numeric                          0x080067cd   Thumb Code    44  lc_numeric_c.o(locale$$code)
    _get_lc_ctype                            0x080067f9   Thumb Code    44  lc_ctype_c.o(locale$$code)
    __aeabi_d2f                              0x08006825   Thumb Code     0  d2f.o(x$fpl$d2f)
    _d2f                                     0x08006825   Thumb Code    98  d2f.o(x$fpl$d2f)
    __fpl_dcheck_NaN1                        0x08006889   Thumb Code    10  dcheck1.o(x$fpl$dcheck1)
    __fpl_dcmp_Inf                           0x08006899   Thumb Code    24  dcmpi.o(x$fpl$dcmpinf)
    __aeabi_cdcmpeq                          0x080068b1   Thumb Code     0  deqf.o(x$fpl$deqf)
    _dcmpeq                                  0x080068b1   Thumb Code   120  deqf.o(x$fpl$deqf)
    __aeabi_cdcmple                          0x08006929   Thumb Code     0  dleqf.o(x$fpl$dleqf)
    _dcmple                                  0x08006929   Thumb Code   120  dleqf.o(x$fpl$dleqf)
    __fpl_dcmple_InfNaN                      0x0800698b   Thumb Code     0  dleqf.o(x$fpl$dleqf)
    __aeabi_dmul                             0x080069a1   Thumb Code     0  dmul.o(x$fpl$dmul)
    _dmul                                    0x080069a1   Thumb Code   332  dmul.o(x$fpl$dmul)
    __fpl_dnaninf                            0x08006af5   Thumb Code   156  dnaninf.o(x$fpl$dnaninf)
    __fpl_dretinf                            0x08006b91   Thumb Code    12  dretinf.o(x$fpl$dretinf)
    __aeabi_cdrcmple                         0x08006b9d   Thumb Code     0  drleqf.o(x$fpl$drleqf)
    _drcmple                                 0x08006b9d   Thumb Code   108  drleqf.o(x$fpl$drleqf)
    _fp_init                                 0x08006c09   Thumb Code    10  fpinit.o(x$fpl$fpinit)
    __fplib_config_fpu_vfp                   0x08006c11   Thumb Code     0  fpinit.o(x$fpl$fpinit)
    __fplib_config_pureend_doubles           0x08006c11   Thumb Code     0  fpinit.o(x$fpl$fpinit)
    __fpl_fretinf                            0x08006c13   Thumb Code    10  fretinf.o(x$fpl$fretinf)
    __fpl_return_NaN                         0x08006c1d   Thumb Code   100  retnan.o(x$fpl$retnan)
    __ARM_scalbn                             0x08006c81   Thumb Code    92  scalbn.o(x$fpl$scalbn)
    _scanf_real                              0x08006cdd   Thumb Code     4  scanf1.o(x$fpl$scanf1)
    _scanf_hex_real                          0x08006ce1   Thumb Code     4  scanf2.o(x$fpl$scanf2)
    _scanf_infnan                            0x08006ce5   Thumb Code     4  scanf2.o(x$fpl$scanf2)
    __fpl_cmpreturn                          0x08006ce9   Thumb Code    48  trapv.o(x$fpl$trapveneer)
    __I$use$fp                               0x08006d18   Number         0  usenofp.o(x$fpl$usenofp)
    Region$$Table$$Base                      0x08006dac   Number         0  anon$$obj.o(Region$$Table)
    Region$$Table$$Limit                     0x08006dcc   Number         0  anon$$obj.o(Region$$Table)
    __aeabi_HUGE_VAL                         0x08006dcc   Data           0  fpconst.o(c$$dinf)
    __aeabi_HUGE_VALL                        0x08006dcc   Data           0  fpconst.o(c$$dinf)
    __aeabi_INFINITY                         0x08006dcc   Data           0  fpconst.o(c$$dinf)
    __dInf                                   0x08006dcc   Data           0  fpconst.o(c$$dinf)
    __huge_val                               0x08006dcc   Data           0  fpconst.o(c$$dinf)
    __ctype                                  0x08006dfd   Data           0  lc_ctype_c.o(locale$$data)
    PID_set_P                                0x20000000   Data           4  main.o(.data)
    PID_set_I                                0x20000004   Data           4  main.o(.data)
    PID_set_D                                0x20000008   Data           4  main.o(.data)
    ZXT_flag                                 0x2000000c   Data           1  main.o(.data)
    E2str                                    0x2000000d   Data           8  main.o(.data)
    SystemCoreClock                          0x20000018   Data           4  system_stm32f4xx.o(.data)
    AHBPrescTable                            0x2000001c   Data          16  system_stm32f4xx.o(.data)
    __stdout                                 0x20000040   Data           4  usart.o(.data)
    USART_RX_STA                             0x20000044   Data           2  usart.o(.data)
    A                                        0x20000058   Data          16  printf.o(.data)
    B                                        0x20000068   Data          16  printf.o(.data)
    C                                        0x20000078   Data          16  printf.o(.data)
    D                                        0x20000088   Data          16  printf.o(.data)
    E                                        0x20000098   Data          16  printf.o(.data)
    F                                        0x200000a8   Data          16  printf.o(.data)
    G                                        0x200000b8   Data          16  printf.o(.data)
    H                                        0x200000c8   Data          16  printf.o(.data)
    I                                        0x200000d8   Data          16  printf.o(.data)
    J                                        0x200000e8   Data          16  printf.o(.data)
    K                                        0x200000f8   Data          16  printf.o(.data)
    L                                        0x20000108   Data          16  printf.o(.data)
    M                                        0x20000118   Data          16  printf.o(.data)
    N                                        0x20000128   Data          16  printf.o(.data)
    O                                        0x20000138   Data          16  printf.o(.data)
    P                                        0x20000148   Data          16  printf.o(.data)
    Q                                        0x20000158   Data          16  printf.o(.data)
    R                                        0x20000168   Data          16  printf.o(.data)
    S                                        0x20000178   Data          16  printf.o(.data)
    T                                        0x20000188   Data          16  printf.o(.data)
    U                                        0x20000198   Data          16  printf.o(.data)
    V                                        0x200001a8   Data          16  printf.o(.data)
    W                                        0x200001b8   Data          16  printf.o(.data)
    X                                        0x200001c8   Data          16  printf.o(.data)
    Y                                        0x200001d8   Data          16  printf.o(.data)
    Z                                        0x200001e8   Data          16  printf.o(.data)
    aa                                       0x200001f8   Data          16  printf.o(.data)
    bb                                       0x20000208   Data          16  printf.o(.data)
    cc                                       0x20000218   Data          16  printf.o(.data)
    dd                                       0x20000228   Data          16  printf.o(.data)
    ee                                       0x20000238   Data          16  printf.o(.data)
    ff                                       0x20000248   Data          16  printf.o(.data)
    gg                                       0x20000258   Data          16  printf.o(.data)
    hh                                       0x20000268   Data          16  printf.o(.data)
    ii                                       0x20000278   Data          16  printf.o(.data)
    jj                                       0x20000288   Data          16  printf.o(.data)
    kk                                       0x20000298   Data          16  printf.o(.data)
    ll                                       0x200002a8   Data          16  printf.o(.data)
    mm                                       0x200002b8   Data          16  printf.o(.data)
    nn                                       0x200002c8   Data          16  printf.o(.data)
    oo                                       0x200002d8   Data          16  printf.o(.data)
    pp                                       0x200002e8   Data          16  printf.o(.data)
    qq                                       0x200002f8   Data          16  printf.o(.data)
    rr                                       0x20000308   Data          16  printf.o(.data)
    ss                                       0x20000318   Data          16  printf.o(.data)
    tt                                       0x20000328   Data          16  printf.o(.data)
    uu                                       0x20000338   Data          16  printf.o(.data)
    vv                                       0x20000348   Data          16  printf.o(.data)
    ww                                       0x20000358   Data          16  printf.o(.data)
    xx                                       0x20000368   Data          16  printf.o(.data)
    yy                                       0x20000378   Data          16  printf.o(.data)
    zz                                       0x20000388   Data          16  printf.o(.data)
    A0                                       0x20000398   Data          16  printf.o(.data)
    A1                                       0x200003a8   Data          16  printf.o(.data)
    A2                                       0x200003b8   Data          16  printf.o(.data)
    A3                                       0x200003c8   Data          16  printf.o(.data)
    A4                                       0x200003d8   Data          16  printf.o(.data)
    A5                                       0x200003e8   Data          16  printf.o(.data)
    A6                                       0x200003f8   Data          16  printf.o(.data)
    A7                                       0x20000408   Data          16  printf.o(.data)
    A8                                       0x20000418   Data          16  printf.o(.data)
    A9                                       0x20000428   Data          16  printf.o(.data)
    A10                                      0x20000438   Data          16  printf.o(.data)
    dou                                      0x20000448   Data          16  printf.o(.data)
    fen                                      0x20000458   Data          16  printf.o(.data)
    xui                                      0x20000468   Data          16  printf.o(.data)
    fuhao                                    0x20000478   Data          16  printf.o(.data)
    xiao                                     0x20000488   Data          16  printf.o(.data)
    da                                       0x20000498   Data          16  printf.o(.data)
    str                                      0x200004b8   Data           4  set_pid.o(.data)
    set_speed                                0x200004bc   Data           4  set_pid.o(.data)
    set_AG                                   0x200004c0   Data           4  set_pid.o(.data)
    un_flag                                  0x200004c4   Data           4  set_pid.o(.data)
    AG                                       0x200004c8   Data           4  set_pid.o(.data)
    JG                                       0x200004cc   Data           8  set_pid.o(.data)
    TIM5_Speed_i                             0x200004dc   Data           4  timer.o(.data)
    a                                        0x200004e0   Data           4  timirq.o(.data)
    pwm                                      0x200004e4   Data           4  timirq.o(.data)
    USART_RX_BUF                             0x200004e8   Data         200  usart.o(.bss)
    KONG                                     0x200005b0   Data          16  printf.o(.bss)
    __libspace_start                         0x200005e8   Data          96  libspace.o(.bss)
    __temporary_stack_top$libspace           0x20000648   Data           0  libspace.o(.bss)



==============================================================================

Memory Map of the image

  Image Entry point : 0x08000189

  Load Region LR_IROM1 (Base: 0x08000000, Size: 0x000073e8, Max: 0x00100000, ABSOLUTE, COMPRESSED[0x00007168])

    Execution Region ER_IROM1 (Base: 0x08000000, Size: 0x00006f00, Max: 0x00100000, ABSOLUTE)

    Base Addr    Size         Type   Attr      Idx    E Section Name        Object

    0x08000000   0x00000188   Data   RO          237    RESET               startup_stm32f40_41xxx.o
    0x08000188   0x00000008   Code   RO         1386  * !!!main             c_w.l(__main.o)
    0x08000190   0x00000034   Code   RO         1726    !!!scatter          c_w.l(__scatter.o)
    0x080001c4   0x0000005a   Code   RO         1724    !!dczerorl2         c_w.l(__dczerorl2.o)
    0x0800021e   0x00000002   PAD
    0x08000220   0x0000001c   Code   RO         1728    !!handler_zi        c_w.l(__scatter_zi.o)
    0x0800023c   0x00000000   Code   RO         1381    .ARM.Collect$$_printf_percent$$00000000  c_w.l(_printf_percent.o)
    0x0800023c   0x00000006   Code   RO         1380    .ARM.Collect$$_printf_percent$$00000009  c_w.l(_printf_d.o)
    0x08000242   0x00000006   Code   RO         1379    .ARM.Collect$$_printf_percent$$00000014  c_w.l(_printf_s.o)
    0x08000248   0x00000004   Code   RO         1412    .ARM.Collect$$_printf_percent$$00000017  c_w.l(_printf_percent_end.o)
    0x0800024c   0x00000002   Code   RO         1484    .ARM.Collect$$libinit$$00000000  c_w.l(libinit.o)
    0x0800024e   0x00000004   Code   RO         1485    .ARM.Collect$$libinit$$00000001  c_w.l(libinit2.o)
    0x08000252   0x00000000   Code   RO         1488    .ARM.Collect$$libinit$$00000004  c_w.l(libinit2.o)
    0x08000252   0x00000000   Code   RO         1491    .ARM.Collect$$libinit$$0000000A  c_w.l(libinit2.o)
    0x08000252   0x00000000   Code   RO         1493    .ARM.Collect$$libinit$$0000000C  c_w.l(libinit2.o)
    0x08000252   0x00000000   Code   RO         1495    .ARM.Collect$$libinit$$0000000E  c_w.l(libinit2.o)
    0x08000252   0x00000006   Code   RO         1496    .ARM.Collect$$libinit$$0000000F  c_w.l(libinit2.o)
    0x08000258   0x00000000   Code   RO         1498    .ARM.Collect$$libinit$$00000011  c_w.l(libinit2.o)
    0x08000258   0x0000000c   Code   RO         1499    .ARM.Collect$$libinit$$00000012  c_w.l(libinit2.o)
    0x08000264   0x00000000   Code   RO         1500    .ARM.Collect$$libinit$$00000013  c_w.l(libinit2.o)
    0x08000264   0x00000000   Code   RO         1502    .ARM.Collect$$libinit$$00000015  c_w.l(libinit2.o)
    0x08000264   0x0000000a   Code   RO         1503    .ARM.Collect$$libinit$$00000016  c_w.l(libinit2.o)
    0x0800026e   0x00000000   Code   RO         1504    .ARM.Collect$$libinit$$00000017  c_w.l(libinit2.o)
    0x0800026e   0x00000000   Code   RO         1506    .ARM.Collect$$libinit$$00000019  c_w.l(libinit2.o)
    0x0800026e   0x00000000   Code   RO         1508    .ARM.Collect$$libinit$$0000001B  c_w.l(libinit2.o)
    0x0800026e   0x00000000   Code   RO         1510    .ARM.Collect$$libinit$$0000001D  c_w.l(libinit2.o)
    0x0800026e   0x00000000   Code   RO         1512    .ARM.Collect$$libinit$$0000001F  c_w.l(libinit2.o)
    0x0800026e   0x00000000   Code   RO         1514    .ARM.Collect$$libinit$$00000021  c_w.l(libinit2.o)
    0x0800026e   0x00000000   Code   RO         1516    .ARM.Collect$$libinit$$00000023  c_w.l(libinit2.o)
    0x0800026e   0x00000000   Code   RO         1518    .ARM.Collect$$libinit$$00000025  c_w.l(libinit2.o)
    0x0800026e   0x00000000   Code   RO         1522    .ARM.Collect$$libinit$$0000002C  c_w.l(libinit2.o)
    0x0800026e   0x00000000   Code   RO         1524    .ARM.Collect$$libinit$$0000002E  c_w.l(libinit2.o)
    0x0800026e   0x00000000   Code   RO         1526    .ARM.Collect$$libinit$$00000030  c_w.l(libinit2.o)
    0x0800026e   0x00000000   Code   RO         1528    .ARM.Collect$$libinit$$00000032  c_w.l(libinit2.o)
    0x0800026e   0x00000002   Code   RO         1529    .ARM.Collect$$libinit$$00000033  c_w.l(libinit2.o)
    0x08000270   0x00000002   Code   RO         1617    .ARM.Collect$$libshutdown$$00000000  c_w.l(libshutdown.o)
    0x08000272   0x00000000   Code   RO         1648    .ARM.Collect$$libshutdown$$00000002  c_w.l(libshutdown2.o)
    0x08000272   0x00000000   Code   RO         1650    .ARM.Collect$$libshutdown$$00000004  c_w.l(libshutdown2.o)
    0x08000272   0x00000000   Code   RO         1653    .ARM.Collect$$libshutdown$$00000007  c_w.l(libshutdown2.o)
    0x08000272   0x00000000   Code   RO         1656    .ARM.Collect$$libshutdown$$0000000A  c_w.l(libshutdown2.o)
    0x08000272   0x00000000   Code   RO         1658    .ARM.Collect$$libshutdown$$0000000C  c_w.l(libshutdown2.o)
    0x08000272   0x00000000   Code   RO         1661    .ARM.Collect$$libshutdown$$0000000F  c_w.l(libshutdown2.o)
    0x08000272   0x00000002   Code   RO         1662    .ARM.Collect$$libshutdown$$00000010  c_w.l(libshutdown2.o)
    0x08000274   0x00000000   Code   RO         1398    .ARM.Collect$$rtentry$$00000000  c_w.l(__rtentry.o)
    0x08000274   0x00000000   Code   RO         1426    .ARM.Collect$$rtentry$$00000002  c_w.l(__rtentry2.o)
    0x08000274   0x00000006   Code   RO         1438    .ARM.Collect$$rtentry$$00000004  c_w.l(__rtentry4.o)
    0x0800027a   0x00000000   Code   RO         1428    .ARM.Collect$$rtentry$$00000009  c_w.l(__rtentry2.o)
    0x0800027a   0x00000004   Code   RO         1429    .ARM.Collect$$rtentry$$0000000A  c_w.l(__rtentry2.o)
    0x0800027e   0x00000000   Code   RO         1431    .ARM.Collect$$rtentry$$0000000C  c_w.l(__rtentry2.o)
    0x0800027e   0x00000008   Code   RO         1432    .ARM.Collect$$rtentry$$0000000D  c_w.l(__rtentry2.o)
    0x08000286   0x00000002   Code   RO         1530    .ARM.Collect$$rtexit$$00000000  c_w.l(rtexit.o)
    0x08000288   0x00000000   Code   RO         1581    .ARM.Collect$$rtexit$$00000002  c_w.l(rtexit2.o)
    0x08000288   0x00000004   Code   RO         1582    .ARM.Collect$$rtexit$$00000003  c_w.l(rtexit2.o)
    0x0800028c   0x00000006   Code   RO         1583    .ARM.Collect$$rtexit$$00000004  c_w.l(rtexit2.o)
    0x08000292   0x00000002   PAD
    0x08000294   0x00000078   Code   RO            3    .text               main.o
    0x0800030c   0x0000001a   Code   RO          188    .text               stm32f4xx_it.o
    0x08000326   0x00000002   PAD
    0x08000328   0x00000210   Code   RO          211    .text               system_stm32f4xx.o
    0x08000538   0x00000040   Code   RO          238    .text               startup_stm32f40_41xxx.o
    0x08000578   0x000000e0   Code   RO          244    .text               misc.o
    0x08000658   0x00000294   Code   RO          619    .text               stm32f4xx_gpio.o
    0x080008ec   0x0000065c   Code   RO          782    .text               stm32f4xx_rcc.o
    0x08000f48   0x00000ca2   Code   RO          927    .text               stm32f4xx_tim.o
    0x08001bea   0x00000002   PAD
    0x08001bec   0x00000454   Code   RO          947    .text               stm32f4xx_usart.o
    0x08002040   0x00000104   Code   RO          987    .text               delay.o
    0x08002144   0x0000014c   Code   RO         1027    .text               usart.o
    0x08002290   0x00000378   Code   RO         1070    .text               led.o
    0x08002608   0x00000678   Code   RO         1090    .text               lcd.o
    0x08002c80   0x00000774   Code   RO         1113    .text               printf.o
    0x080033f4   0x000001e8   Code   RO         1159    .text               key.o
    0x080035dc   0x00000164   Code   RO         1180    .text               mune.o
    0x08003740   0x00000f44   Code   RO         1206    .text               set_pid.o
    0x08004684   0x000002fc   Code   RO         1238    .text               eeprom.o
    0x08004980   0x0000011c   Code   RO         1258    .text               timer.o
    0x08004a9c   0x00000138   Code   RO         1281    .text               timirq.o
    0x08004bd4   0x000000e8   Code   RO         1305    .text               pid.o
    0x08004cbc   0x00000138   Code   RO         1327    .text               pwm.o
    0x08004df4   0x00000002   Code   RO         1347    .text               c_w.l(use_no_semi_2.o)
    0x08004df6   0x00000002   PAD
    0x08004df8   0x00000018   Code   RO         1351    .text               c_w.l(noretval__2printf.o)
    0x08004e10   0x00000068   Code   RO         1353    .text               c_w.l(__printf.o)
    0x08004e78   0x00000052   Code   RO         1355    .text               c_w.l(_printf_str.o)
    0x08004eca   0x00000002   PAD
    0x08004ecc   0x00000078   Code   RO         1357    .text               c_w.l(_printf_dec.o)
    0x08004f44   0x0000001a   Code   RO         1382    .text               c_w.l(atoi.o)
    0x08004f5e   0x00000006   Code   RO         1384    .text               c_w.l(heapauxi.o)
    0x08004f64   0x00000002   Code   RO         1396    .text               c_w.l(use_no_semi.o)
    0x08004f66   0x00000002   PAD
    0x08004f68   0x00000008   Code   RO         1402    .text               c_w.l(rt_errno_addr_intlibspace.o)
    0x08004f70   0x00000016   Code   RO         1404    .text               c_w.l(_rserrno.o)
    0x08004f86   0x000000b2   Code   RO         1406    .text               c_w.l(_printf_intcommon.o)
    0x08005038   0x0000002c   Code   RO         1408    .text               c_w.l(_printf_char.o)
    0x08005064   0x00000024   Code   RO         1410    .text               c_w.l(_printf_char_file.o)
    0x08005088   0x000000a4   Code   RO         1413    .text               c_w.l(strtod.o)
    0x0800512c   0x00000070   Code   RO         1415    .text               c_w.l(strtol.o)
    0x0800519c   0x00000008   Code   RO         1422    .text               c_w.l(libspace.o)
    0x080051a4   0x00000010   Code   RO         1440    .text               c_w.l(rt_ctype_table.o)
    0x080051b4   0x00000012   Code   RO         1442    .text               c_w.l(isspace.o)
    0x080051c6   0x00000002   PAD
    0x080051c8   0x00000030   Code   RO         1444    .text               c_w.l(_printf_char_common.o)
    0x080051f8   0x00000040   Code   RO         1446    .text               c_w.l(_sgetc.o)
    0x08005238   0x0000009e   Code   RO         1448    .text               c_w.l(_strtoul.o)
    0x080052d6   0x00000008   Code   RO         1450    .text               c_w.l(ferror.o)
    0x080052de   0x0000004a   Code   RO         1459    .text               c_w.l(sys_stackheap_outer.o)
    0x08005328   0x00000008   Code   RO         1464    .text               c_w.l(rt_locale_intlibspace.o)
    0x08005330   0x0000001c   Code   RO         1468    .text               c_w.l(_chval.o)
    0x0800534c   0x000004a4   Code   RO         1470    .text               c_w.l(scanf_fp.o)
    0x080057f0   0x00000012   Code   RO         1475    .text               c_w.l(exit.o)
    0x08005802   0x00000002   PAD
    0x08005804   0x00000080   Code   RO         1477    .text               c_w.l(strcmpv7m.o)
    0x08005884   0x000000dc   Code   RO         1532    .text               c_w.l(bigflt0.o)
    0x08005960   0x00000320   Code   RO         1587    .text               c_w.l(scanf_hexfp.o)
    0x08005c80   0x00000134   Code   RO         1589    .text               c_w.l(scanf_infnan.o)
    0x08005db4   0x00000026   Code   RO         1609    .text               c_w.l(llshl.o)
    0x08005dda   0x00000338   Code   RO         1545    CL$$btod_div_common  c_w.l(btod.o)
    0x08006112   0x00000002   PAD
    0x08006114   0x00000054   Code   RO         1543    CL$$btod_e2d        c_w.l(btod.o)
    0x08006168   0x000000c6   Code   RO         1542    CL$$btod_e2e        c_w.l(btod.o)
    0x0800622e   0x00000028   Code   RO         1539    CL$$btod_ediv       c_w.l(btod.o)
    0x08006256   0x00000028   Code   RO         1541    CL$$btod_edivd      c_w.l(btod.o)
    0x0800627e   0x00000028   Code   RO         1538    CL$$btod_emul       c_w.l(btod.o)
    0x080062a6   0x00000028   Code   RO         1540    CL$$btod_emuld      c_w.l(btod.o)
    0x080062ce   0x00000244   Code   RO         1544    CL$$btod_mult_common  c_w.l(btod.o)
    0x08006512   0x00000006   PAD
    0x08006518   0x00000038   Code   RO         1390    i.__hardfp_atof     m_wm.l(atof.o)
    0x08006550   0x000000d0   Code   RO         1624    i.__hardfp_ldexp    m_wm.l(ldexp.o)
    0x08006620   0x00000020   Code   RO         1671    i.__mathlib_dbl_overflow  m_wm.l(dunder.o)
    0x08006640   0x00000020   Code   RO         1673    i.__mathlib_dbl_underflow  m_wm.l(dunder.o)
    0x08006660   0x000000b8   Code   RO         1573    i.__mathlib_narrow  m_wm.l(narrow.o)
    0x08006718   0x00000014   Code   RO         1626    i.__support_ldexp   m_wm.l(ldexp.o)
    0x0800672c   0x0000000e   Code   RO         1369    i._is_digit         c_w.l(__printf_wp.o)
    0x0800673a   0x00000006   PAD
    0x08006740   0x0000008c   Code   RO         1601    i.frexp             m_wm.l(frexp.o)
    0x080067cc   0x0000002c   Code   RO         1455    locale$$code        c_w.l(lc_numeric_c.o)
    0x080067f8   0x0000002c   Code   RO         1473    locale$$code        c_w.l(lc_ctype_c.o)
    0x08006824   0x00000062   Code   RO         1388    x$fpl$d2f           fz_wm.l(d2f.o)
    0x08006886   0x00000002   PAD
    0x08006888   0x00000010   Code   RO         1692    x$fpl$dcheck1       fz_wm.l(dcheck1.o)
    0x08006898   0x00000018   Code   RO         1618    x$fpl$dcmpinf       fz_wm.l(dcmpi.o)
    0x080068b0   0x00000078   Code   RO         1595    x$fpl$deqf          fz_wm.l(deqf.o)
    0x08006928   0x00000078   Code   RO         1620    x$fpl$dleqf         fz_wm.l(dleqf.o)
    0x080069a0   0x00000154   Code   RO         1622    x$fpl$dmul          fz_wm.l(dmul.o)
    0x08006af4   0x0000009c   Code   RO         1417    x$fpl$dnaninf       fz_wm.l(dnaninf.o)
    0x08006b90   0x0000000c   Code   RO         1663    x$fpl$dretinf       fz_wm.l(dretinf.o)
    0x08006b9c   0x0000006c   Code   RO         1597    x$fpl$drleqf        fz_wm.l(drleqf.o)
    0x08006c08   0x0000000a   Code   RO         1562    x$fpl$fpinit        fz_wm.l(fpinit.o)
    0x08006c12   0x0000000a   Code   RO         1419    x$fpl$fretinf       fz_wm.l(fretinf.o)
    0x08006c1c   0x00000064   Code   RO         1702    x$fpl$retnan        fz_wm.l(retnan.o)
    0x08006c80   0x0000005c   Code   RO         1665    x$fpl$scalbn        fz_wm.l(scalbn.o)
    0x08006cdc   0x00000004   Code   RO         1457    x$fpl$scanf1        fz_wm.l(scanf1.o)
    0x08006ce0   0x00000008   Code   RO         1566    x$fpl$scanf2        fz_wm.l(scanf2.o)
    0x08006ce8   0x00000030   Code   RO         1720    x$fpl$trapveneer    fz_wm.l(trapv.o)
    0x08006d18   0x00000000   Code   RO         1421    x$fpl$usenofp       fz_wm.l(usenofp.o)
    0x08006d18   0x00000094   Data   RO         1533    .constdata          c_w.l(bigflt0.o)
    0x08006dac   0x00000020   Data   RO         1722    Region$$Table       anon$$obj.o
    0x08006dcc   0x00000008   Data   RO         1559    c$$dinf             fz_wm.l(fpconst.o)
    0x08006dd4   0x0000001c   Data   RO         1454    locale$$data        c_w.l(lc_numeric_c.o)
    0x08006df0   0x00000110   Data   RO         1472    locale$$data        c_w.l(lc_ctype_c.o)


    Execution Region RW_IRAM1 (Base: 0x20000000, Size: 0x00000c48, Max: 0x00020000, ABSOLUTE, COMPRESSED[0x00000268])

    Base Addr    Size         Type   Attr      Idx    E Section Name        Object

    0x20000000   0x00000015   Data   RW            4    .data               main.o
    0x20000015   0x00000003   PAD
    0x20000018   0x00000014   Data   RW          212    .data               system_stm32f4xx.o
    0x2000002c   0x00000010   Data   RW          783    .data               stm32f4xx_rcc.o
    0x2000003c   0x00000004   Data   RW          988    .data               delay.o
    0x20000040   0x00000006   Data   RW         1029    .data               usart.o
    0x20000046   0x00000002   PAD
    0x20000048   0x00000010   Data   RW         1091    .data               lcd.o
    0x20000058   0x0000045c   Data   RW         1115    .data               printf.o
    0x200004b4   0x00000003   Data   RW         1160    .data               key.o
    0x200004b7   0x00000001   Data   RW         1181    .data               mune.o
    0x200004b8   0x00000024   Data   RW         1207    .data               set_pid.o
    0x200004dc   0x00000004   Data   RW         1259    .data               timer.o
    0x200004e0   0x00000008   Data   RW         1282    .data               timirq.o
    0x200004e8   0x000000c8   Zero   RW         1028    .bss                usart.o
    0x200005b0   0x00000010   Zero   RW         1114    .bss                printf.o
    0x200005c0   0x00000028   Zero   RW         1306    .bss                pid.o
    0x200005e8   0x00000060   Zero   RW         1423    .bss                c_w.l(libspace.o)
    0x20000648   0x00000200   Zero   RW          236    HEAP                startup_stm32f40_41xxx.o
    0x20000848   0x00000400   Zero   RW          235    STACK               startup_stm32f40_41xxx.o


==============================================================================

Image component sizes


      Code (inc. data)   RO Data    RW Data    ZI Data      Debug   Object Name

       260          8          0          4          0       1493   delay.o
       764         12          0          0          0       2684   eeprom.o
       488         28          0          3          0       1068   key.o
      1656         34          0         16          0       4747   lcd.o
       888         10          0          0          0        739   led.o
       120         10          0         21          0      54110   main.o
       224         20          0          0          0     230985   misc.o
       356         84          0          1          0       1266   mune.o
       232          8          0          0         40       1974   pid.o
      1908        410          0       1116         16       7494   printf.o
       312         12          0          0          0       1176   pwm.o
      3908        368          0         36          0       8168   set_pid.o
        64         26        392          0       1536        832   startup_stm32f40_41xxx.o
       660         44          0          0          0       4169   stm32f4xx_gpio.o
        26          0          0          0          0       1230   stm32f4xx_it.o
      1628         52          0         16          0      13052   stm32f4xx_rcc.o
      3234         60          0          0          0      23028   stm32f4xx_tim.o
      1108         34          0          0          0       7896   stm32f4xx_usart.o
       528         46          0         20          0       1795   system_stm32f4xx.o
       284         16          0          4          0       1131   timer.o
       312         42          0          8          0       1148   timirq.o
       332         18          0          6        200       3358   usart.o

    ----------------------------------------------------------------------
     19296       1342        424       1256       1792     373543   Object Totals
         0          0         32          0          0          0   (incl. Generated)
         4          0          0          5          0          0   (incl. Padding)

    ----------------------------------------------------------------------

      Code (inc. data)   RO Data    RW Data    ZI Data      Debug   Library Member Name

        90          0          0          0          0          0   __dczerorl2.o
         8          0          0          0          0         68   __main.o
       104          0          0          0          0         84   __printf.o
        14          0          0          0          0         68   __printf_wp.o
         0          0          0          0          0          0   __rtentry.o
        12          0          0          0          0          0   __rtentry2.o
         6          0          0          0          0          0   __rtentry4.o
        52          8          0          0          0          0   __scatter.o
        28          0          0          0          0          0   __scatter_zi.o
        28          0          0          0          0         68   _chval.o
        44          0          0          0          0        108   _printf_char.o
        48          6          0          0          0         96   _printf_char_common.o
        36          4          0          0          0         80   _printf_char_file.o
         6          0          0          0          0          0   _printf_d.o
       120         16          0          0          0         92   _printf_dec.o
       178          0          0          0          0         88   _printf_intcommon.o
         0          0          0          0          0          0   _printf_percent.o
         4          0          0          0          0          0   _printf_percent_end.o
         6          0          0          0          0          0   _printf_s.o
        82          0          0          0          0         80   _printf_str.o
        22          0          0          0          0        100   _rserrno.o
        64          0          0          0          0         84   _sgetc.o
       158          0          0          0          0         92   _strtoul.o
        26          0          0          0          0         80   atoi.o
       220          4        148          0          0         96   bigflt0.o
      1846        132          0          0          0        736   btod.o
        18          0          0          0          0         80   exit.o
         8          0          0          0          0         68   ferror.o
         6          0          0          0          0        152   heapauxi.o
        18          0          0          0          0         76   isspace.o
        44         10        272          0          0         76   lc_ctype_c.o
        44         10         28          0          0         76   lc_numeric_c.o
         2          0          0          0          0          0   libinit.o
        34          0          0          0          0          0   libinit2.o
         2          0          0          0          0          0   libshutdown.o
         2          0          0          0          0          0   libshutdown2.o
         8          4          0          0         96         68   libspace.o
        38          0          0          0          0         68   llshl.o
        24          4          0          0          0         84   noretval__2printf.o
        16          4          0          0          0         76   rt_ctype_table.o
         8          4          0          0          0         68   rt_errno_addr_intlibspace.o
         8          4          0          0          0         68   rt_locale_intlibspace.o
         2          0          0          0          0          0   rtexit.o
        10          0          0          0          0          0   rtexit2.o
      1188         12          0          0          0        148   scanf_fp.o
       800         14          0          0          0        100   scanf_hexfp.o
       308         16          0          0          0        100   scanf_infnan.o
       128          0          0          0          0         68   strcmpv7m.o
       164         14          0          0          0        120   strtod.o
       112          0          0          0          0         88   strtol.o
        74          0          0          0          0         80   sys_stackheap_outer.o
         2          0          0          0          0         68   use_no_semi.o
         2          0          0          0          0         68   use_no_semi_2.o
        98          4          0          0          0        140   d2f.o
        16          4          0          0          0        116   dcheck1.o
        24          0          0          0          0        116   dcmpi.o
       120          4          0          0          0        140   deqf.o
       120          4          0          0          0        140   dleqf.o
       340         12          0          0          0        152   dmul.o
       156          4          0          0          0        140   dnaninf.o
        12          0          0          0          0        116   dretinf.o
       108          0          0          0          0        128   drleqf.o
         0          0          8          0          0          0   fpconst.o
        10          0          0          0          0        116   fpinit.o
        10          0          0          0          0        116   fretinf.o
       100          0          0          0          0        116   retnan.o
        92          0          0          0          0        116   scalbn.o
         4          0          0          0          0        116   scanf1.o
         8          0          0          0          0        132   scanf2.o
        48          0          0          0          0        116   trapv.o
         0          0          0          0          0          0   usenofp.o
        56         12          0          0          0        132   atof.o
        64         16          0          0          0        248   dunder.o
       140         22          0          0          0        132   frexp.o
       228          8          0          0          0        308   ldexp.o
       184         18          0          0          0        152   narrow.o

    ----------------------------------------------------------------------
      8240        376        456          0         96       6808   Library Totals
        30          2          0          0          0          0   (incl. Padding)

    ----------------------------------------------------------------------

      Code (inc. data)   RO Data    RW Data    ZI Data      Debug   Library Name

      6272        266        448          0         96       3820   c_w.l
      1266         32          8          0          0       2016   fz_wm.l
       672         76          0          0          0        972   m_wm.l

    ----------------------------------------------------------------------
      8240        376        456          0         96       6808   Library Totals

    ----------------------------------------------------------------------

==============================================================================


      Code (inc. data)   RO Data    RW Data    ZI Data      Debug   

     27536       1718        880       1256       1888     372471   Grand Totals
     27536       1718        880        616       1888     372471   ELF Image Totals (compressed)
     27536       1718        880        616          0          0   ROM Totals

==============================================================================

    Total RO  Size (Code + RO Data)                28416 (  27.75kB)
    Total RW  Size (RW Data + ZI Data)              3144 (   3.07kB)
    Total ROM Size (Code + RO Data + RW Data)      29032 (  28.35kB)

==============================================================================

