Component: ARM Compiler 5.06 update 4 (build 422) Tool: armlink [4d35d2]

==============================================================================

Section Cross References

    main.o(.text) refers to misc.o(.text) for NVIC_PriorityGroupConfig
    main.o(.text) refers to delay.o(.text) for delay_init
    main.o(.text) refers to usart.o(.text) for uart_init
    main.o(.text) refers to eeprom.o(.text) for IIC_Init
    main.o(.text) refers to atof.o(i.__hardfp_atof) for __hardfp_atof
    main.o(.text) refers to d2f.o(x$fpl$d2f) for __aeabi_d2f
    main.o(.text) refers to pid.o(.text) for PID_Init
    main.o(.text) refers to key.o(.text) for KEY_Init
    main.o(.text) refers to led.o(.text) for LED_Init
    main.o(.text) refers to pwm.o(.text) for TIM10_PWM_init
    main.o(.text) refers to stm32f4xx_tim.o(.text) for TIM_SetCompare1
    main.o(.text) refers to timer.o(.text) for TIM4_Init_encoder
    main.o(.text) refers to timirq.o(.text) for TIM3_Int_Init
    main.o(.text) refers to lcd.o(.text) for lcd_initial
    main.o(.text) refers to mune.o(.text) for mune_init
    main.o(.text) refers to main.o(.data) for E2str
    system_stm32f4xx.o(.text) refers to system_stm32f4xx.o(.data) for SystemCoreClock
    startup_stm32f40_41xxx.o(STACK) refers (Special) to heapauxi.o(.text) for __use_two_region_memory
    startup_stm32f40_41xxx.o(HEAP) refers (Special) to heapauxi.o(.text) for __use_two_region_memory
    startup_stm32f40_41xxx.o(RESET) refers (Special) to heapauxi.o(.text) for __use_two_region_memory
    startup_stm32f40_41xxx.o(RESET) refers to startup_stm32f40_41xxx.o(STACK) for __initial_sp
    startup_stm32f40_41xxx.o(RESET) refers to startup_stm32f40_41xxx.o(.text) for Reset_Handler
    startup_stm32f40_41xxx.o(RESET) refers to stm32f4xx_it.o(.text) for NMI_Handler
    startup_stm32f40_41xxx.o(RESET) refers to timirq.o(.text) for TIM3_IRQHandler
    startup_stm32f40_41xxx.o(RESET) refers to timer.o(.text) for TIM4_IRQHandler
    startup_stm32f40_41xxx.o(RESET) refers to set_pid.o(.text) for USART1_IRQHandler
    startup_stm32f40_41xxx.o(.text) refers (Special) to heapauxi.o(.text) for __use_two_region_memory
    startup_stm32f40_41xxx.o(.text) refers to system_stm32f4xx.o(.text) for SystemInit
    startup_stm32f40_41xxx.o(.text) refers to __main.o(!!!main) for __main
    startup_stm32f40_41xxx.o(.text) refers to startup_stm32f40_41xxx.o(HEAP) for Heap_Mem
    startup_stm32f40_41xxx.o(.text) refers to startup_stm32f40_41xxx.o(STACK) for Stack_Mem
    stm32f4xx_adc.o(.text) refers to stm32f4xx_rcc.o(.text) for RCC_APB2PeriphResetCmd
    stm32f4xx_can.o(.text) refers to stm32f4xx_rcc.o(.text) for RCC_APB1PeriphResetCmd
    stm32f4xx_cryp.o(.text) refers to stm32f4xx_rcc.o(.text) for RCC_AHB2PeriphResetCmd
    stm32f4xx_cryp_aes.o(.text) refers to stm32f4xx_cryp.o(.text) for CRYP_KeyStructInit
    stm32f4xx_cryp_des.o(.text) refers to stm32f4xx_cryp.o(.text) for CRYP_KeyStructInit
    stm32f4xx_cryp_tdes.o(.text) refers to stm32f4xx_cryp.o(.text) for CRYP_KeyStructInit
    stm32f4xx_dac.o(.text) refers to stm32f4xx_rcc.o(.text) for RCC_APB1PeriphResetCmd
    stm32f4xx_dma2d.o(.text) refers to stm32f4xx_rcc.o(.text) for RCC_AHB1PeriphResetCmd
    stm32f4xx_fsmc.o(.text) refers to stm32f4xx_fsmc.o(.constdata) for FSMC_DefaultTimingStruct
    stm32f4xx_gpio.o(.text) refers to stm32f4xx_rcc.o(.text) for RCC_AHB1PeriphResetCmd
    stm32f4xx_hash.o(.text) refers to stm32f4xx_rcc.o(.text) for RCC_AHB2PeriphResetCmd
    stm32f4xx_hash_md5.o(.text) refers to stm32f4xx_hash.o(.text) for HASH_DeInit
    stm32f4xx_hash_sha1.o(.text) refers to stm32f4xx_hash.o(.text) for HASH_DeInit
    stm32f4xx_i2c.o(.text) refers to stm32f4xx_rcc.o(.text) for RCC_APB1PeriphResetCmd
    stm32f4xx_ltdc.o(.text) refers to stm32f4xx_rcc.o(.text) for RCC_APB2PeriphResetCmd
    stm32f4xx_pwr.o(.text) refers to stm32f4xx_rcc.o(.text) for RCC_APB1PeriphResetCmd
    stm32f4xx_rcc.o(.text) refers to stm32f4xx_rcc.o(.data) for APBAHBPrescTable
    stm32f4xx_rng.o(.text) refers to stm32f4xx_rcc.o(.text) for RCC_AHB2PeriphResetCmd
    stm32f4xx_sai.o(.text) refers to stm32f4xx_rcc.o(.text) for RCC_APB2PeriphResetCmd
    stm32f4xx_sdio.o(.text) refers to stm32f4xx_rcc.o(.text) for RCC_APB2PeriphResetCmd
    stm32f4xx_spi.o(.text) refers to stm32f4xx_rcc.o(.text) for RCC_APB2PeriphResetCmd
    stm32f4xx_syscfg.o(.text) refers to stm32f4xx_rcc.o(.text) for RCC_APB2PeriphResetCmd
    stm32f4xx_tim.o(.text) refers to stm32f4xx_rcc.o(.text) for RCC_APB2PeriphResetCmd
    stm32f4xx_usart.o(.text) refers to stm32f4xx_rcc.o(.text) for RCC_APB2PeriphResetCmd
    stm32f4xx_wwdg.o(.text) refers to stm32f4xx_rcc.o(.text) for RCC_APB1PeriphResetCmd
    delay.o(.text) refers to misc.o(.text) for SysTick_CLKSourceConfig
    delay.o(.text) refers to delay.o(.data) for fac_us
    usart.o(.rev16_text) refers (Special) to use_no_semi_2.o(.text) for __use_no_semihosting
    usart.o(.revsh_text) refers (Special) to use_no_semi_2.o(.text) for __use_no_semihosting
[...]
    fac_ms                                   0x2000003e   Data           2  delay.o(.data)
    .data                                    0x20000040   Section        6  usart.o(.data)
    .data                                    0x20000048   Section       16  lcd.o(.data)
    X                                        0x20000048   Data           4  lcd.o(.data)
    Y                                        0x2000004c   Data           4  lcd.o(.data)
    set_Y                                    0x20000050   Data           4  lcd.o(.data)
    Last_y                                   0x20000054   Data           4  lcd.o(.data)
    .data                                    0x20000058   Section     1116  printf.o(.data)
    x                                        0x200004a8   Data           4  printf.o(.data)
    y                                        0x200004ac   Data           4  printf.o(.data)
    ying                                     0x200004b0   Data           4  printf.o(.data)
    .data                                    0x200004b4   Section        3  key.o(.data)
    i                                        0x200004b4   Data           1  key.o(.data)
    last                                     0x200004b5   Data           1  key.o(.data)
    now                                      0x200004b6   Data           1  key.o(.data)
    .data                                    0x200004b7   Section        1  mune.o(.data)
    mune_i                                   0x200004b7   Data           1  mune.o(.data)
    .data                                    0x200004b8   Section       36  set_pid.o(.data)
    SET_i                                    0x200004d0   Data           1  set_pid.o(.data)
    SET_IO                                   0x200004d4   Data           4  set_pid.o(.data)
    i                                        0x200004d8   Data           4  set_pid.o(.data)
    .data                                    0x200004dc   Section        4  timer.o(.data)
    .data                                    0x200004e0   Section        8  timirq.o(.data)
    .data                                    0x200004e8   Section        4  pid.o(.data)
    add_error                                0x200004e8   Data           4  pid.o(.data)
    .bss                                     0x200004ec   Section       16  printf.o(.bss)
    .bss                                     0x200004fc   Section       20  set_pid.o(.bss)
    .bss                                     0x20000510   Section       36  pid.o(.bss)
    PID                                      0x20000510   Data          36  pid.o(.bss)
    .bss                                     0x20000534   Section       96  libspace.o(.bss)
    HEAP                                     0x20000598   Section      512  startup_stm32f40_41xxx.o(HEAP)
    Heap_Mem                                 0x20000598   Data         512  startup_stm32f40_41xxx.o(HEAP)
    STACK                                    0x20000798   Section     1024  startup_stm32f40_41xxx.o(STACK)
    Stack_Mem                                0x20000798   Data        1024  startup_stm32f40_41xxx.o(STACK)
    __initial_sp                             0x20000b98   Data           0  startup_stm32f40_41xxx.o(STACK)

    Global Symbols

    Symbol Name                              Value     Ov Type        Size  Object(Section)

    BuildAttributes$$THM_ISAv4$E$P$D$K$B$S$7EM$VFPi3$EXTD16$VFPS$VFMA$PE$A:L22UL41UL21$X:L11$S22US41US21$IEEE1$IW$USESV6$~STKCKD$USESV7$~SHL$OTIME$ROPI$IEEEX$EBA8$UX$STANDARDLIB$REQ8$PRES8$EABIv2 0x00000000   Number         0  anon$$obj.o ABSOLUTE
    __ARM_use_no_argv                        0x00000000   Number         0  main.o ABSOLUTE
    __ARM_exceptions_init                     - Undefined Weak Reference
    __alloca_initialize                       - Undefined Weak Reference
    __arm_preinit_                            - Undefined Weak Reference
    __cpp_initialize__aeabi_                  - Undefined Weak Reference
    __cxa_finalize                            - Undefined Weak Reference
    __sigvec_lookup                           - Undefined Weak Reference
    _atexit_init                              - Undefined Weak Reference
    _call_atexit_fns                          - Undefined Weak Reference
    _clock_init                               - Undefined Weak Reference
    _fp_trap_init                             - Undefined Weak Reference
    _fp_trap_shutdown                         - Undefined Weak Reference
    _get_lc_collate                           - Undefined Weak Reference
    _get_lc_monetary                          - Undefined Weak Reference
    _get_lc_time                              - Undefined Weak Reference
    _getenv_init                              - Undefined Weak Reference
    _handle_redirection                       - Undefined Weak Reference
    _init_alloc                               - Undefined Weak Reference
    _init_user_alloc                          - Undefined Weak Reference
    _initio                                   - Undefined Weak Reference
    _mutex_acquire                            - Undefined Weak Reference
    _mutex_release                            - Undefined Weak Reference
    _printf_mbtowc                            - Undefined Weak Reference
    _printf_post_padding                      - Undefined Weak Reference
    _printf_pre_padding                       - Undefined Weak Reference
    _printf_truncate_signed                   - Undefined Weak Reference
    _printf_truncate_unsigned                 - Undefined Weak Reference
    _rand_init                                - Undefined Weak Reference
    _signal_finish                            - Undefined Weak Reference
    _signal_init                              - Undefined Weak Reference
    _terminate_alloc                          - Undefined Weak Reference
    _terminate_user_alloc                     - Undefined Weak Reference
    _terminateio                              - Undefined Weak Reference
    __Vectors_Size                           0x00000188   Number         0  startup_stm32f40_41xxx.o ABSOLUTE
    __Vectors                                0x08000000   Data           4  startup_stm32f40_41xxx.o(RESET)
    __Vectors_End                            0x08000188   Data           0  startup_stm32f40_41xxx.o(RESET)
    __main                                   0x08000189   Thumb Code     8  __main.o(!!!main)
    __scatterload                            0x08000191   Thumb Code     0  __scatter.o(!!!scatter)
    __scatterload_rt2                        0x08000191   Thumb Code    44  __scatter.o(!!!scatter)
    __scatterload_rt2_thumb_only             0x08000191   Thumb Code     0  __scatter.o(!!!scatter)
    __scatterload_null                       0x0800019f   Thumb Code     0  __scatter.o(!!!scatter)
    __decompress                             0x080001c5   Thumb Code    90  __dczerorl2.o(!!dczerorl2)
    __decompress1                            0x080001c5   Thumb Code     0  __dczerorl2.o(!!dczerorl2)
    __scatterload_zeroinit                   0x08000221   Thumb Code    28  __scatter_zi.o(!!handler_zi)
    _printf_d                                0x0800023d   Thumb Code     0  _printf_d.o(.ARM.Collect$$_printf_percent$$00000009)
    _printf_percent                          0x0800023d   Thumb Code     0  _printf_percent.o(.ARM.Collect$$_printf_percent$$00000000)
    _printf_s                                0x08000243   Thumb Code     0  _printf_s.o(.ARM.Collect$$_printf_percent$$00000014)
    _printf_percent_end                      0x08000249   Thumb Code     0  _printf_percent_end.o(.ARM.Collect$$_printf_percent$$00000017)
    __rt_lib_init                            0x0800024d   Thumb Code     0  libinit.o(.ARM.Collect$$libinit$$00000000)
    __rt_lib_init_fp_1                       0x0800024f   Thumb Code     0  libinit2.o(.ARM.Collect$$libinit$$00000001)
    __rt_lib_init_heap_1                     0x08000253   Thumb Code     0  libinit2.o(.ARM.Collect$$libinit$$0000000A)
    __rt_lib_init_lc_common                  0x08000253   Thumb Code     0  libinit2.o(.ARM.Collect$$libinit$$0000000F)
    __rt_lib_init_preinit_1                  0x08000253   Thumb Code     0  libinit2.o(.ARM.Collect$$libinit$$00000004)
    __rt_lib_init_rand_1                     0x08000253   Thumb Code     0  libinit2.o(.ARM.Collect$$libinit$$0000000E)
    __rt_lib_init_user_alloc_1               0x08000253   Thumb Code     0  libinit2.o(.ARM.Collect$$libinit$$0000000C)
    __rt_lib_init_lc_collate_1               0x08000259   Thumb Code     0  libinit2.o(.ARM.Collect$$libinit$$00000011)
    __rt_lib_init_lc_ctype_2                 0x08000259   Thumb Code     0  libinit2.o(.ARM.Collect$$libinit$$00000012)
    __rt_lib_init_lc_ctype_1                 0x08000265   Thumb Code     0  libinit2.o(.ARM.Collect$$libinit$$00000013)
    __rt_lib_init_lc_monetary_1              0x08000265   Thumb Code     0  libinit2.o(.ARM.Collect$$libinit$$00000015)
    __rt_lib_init_lc_numeric_2               0x08000265   Thumb Code     0  libinit2.o(.ARM.Collect$$libinit$$00000016)
    __rt_lib_init_alloca_1                   0x0800026f   Thumb Code     0  libinit2.o(.ARM.Collect$$libinit$$0000002E)
    __rt_lib_init_argv_1                     0x0800026f   Thumb Code     0  libinit2.o(.ARM.Collect$$libinit$$0000002C)
    __rt_lib_init_atexit_1                   0x0800026f   Thumb Code     0  libinit2.o(.ARM.Collect$$libinit$$0000001B)
    __rt_lib_init_clock_1                    0x0800026f   Thumb Code     0  libinit2.o(.ARM.Collect$$libinit$$00000021)
    __rt_lib_init_cpp_1                      0x0800026f   Thumb Code     0  libinit2.o(.ARM.Collect$$libinit$$00000032)
    __rt_lib_init_exceptions_1               0x0800026f   Thumb Code     0  libinit2.o(.ARM.Collect$$libinit$$00000030)
    __rt_lib_init_fp_trap_1                  0x0800026f   Thumb Code     0  libinit2.o(.ARM.Collect$$libinit$$0000001F)
    __rt_lib_init_getenv_1                   0x0800026f   Thumb Code     0  libinit2.o(.ARM.Collect$$libinit$$00000023)
    __rt_lib_init_lc_numeric_1               0x0800026f   Thumb Code     0  libinit2.o(.ARM.Collect$$libinit$$00000017)
    __rt_lib_init_lc_time_1                  0x0800026f   Thumb Code     0  libinit2.o(.ARM.Collect$$libinit$$00000019)
    __rt_lib_init_return                     0x0800026f   Thumb Code     0  libinit2.o(.ARM.Collect$$libinit$$00000033)
    __rt_lib_init_signal_1                   0x0800026f   Thumb Code     0  libinit2.o(.ARM.Collect$$libinit$$0000001D)
    __rt_lib_init_stdio_1                    0x0800026f   Thumb Code     0  libinit2.o(.ARM.Collect$$libinit$$00000025)
    __rt_lib_shutdown                        0x08000271   Thumb Code     0  libshutdown.o(.ARM.Collect$$libshutdown$$00000000)
    __rt_lib_shutdown_cpp_1                  0x08000273   Thumb Code     0  libshutdown2.o(.ARM.Collect$$libshutdown$$00000002)
    __rt_lib_shutdown_fp_trap_1              0x08000273   Thumb Code     0  libshutdown2.o(.ARM.Collect$$libshutdown$$00000007)
    __rt_lib_shutdown_heap_1                 0x08000273   Thumb Code     0  libshutdown2.o(.ARM.Collect$$libshutdown$$0000000F)
    __rt_lib_shutdown_return                 0x08000273   Thumb Code     0  libshutdown2.o(.ARM.Collect$$libshutdown$$00000010)
    __rt_lib_shutdown_signal_1               0x08000273   Thumb Code     0  libshutdown2.o(.ARM.Collect$$libshutdown$$0000000A)
    __rt_lib_shutdown_stdio_1                0x08000273   Thumb Code     0  libshutdown2.o(.ARM.Collect$$libshutdown$$00000004)
    __rt_lib_shutdown_user_alloc_1           0x08000273   Thumb Code     0  libshutdown2.o(.ARM.Collect$$libshutdown$$0000000C)
    __rt_entry                               0x08000275   Thumb Code     0  __rtentry.o(.ARM.Collect$$rtentry$$00000000)
    __rt_entry_presh_1                       0x08000275   Thumb Code     0  __rtentry2.o(.ARM.Collect$$rtentry$$00000002)
    __rt_entry_sh                            0x08000275   Thumb Code     0  __rtentry4.o(.ARM.Collect$$rtentry$$00000004)
    __rt_entry_li                            0x0800027b   Thumb Code     0  __rtentry2.o(.ARM.Collect$$rtentry$$0000000A)
    __rt_entry_postsh_1                      0x0800027b   Thumb Code     0  __rtentry2.o(.ARM.Collect$$rtentry$$00000009)
    __rt_entry_main                          0x0800027f   Thumb Code     0  __rtentry2.o(.ARM.Collect$$rtentry$$0000000D)
    __rt_entry_postli_1                      0x0800027f   Thumb Code     0  __rtentry2.o(.ARM.Collect$$rtentry$$0000000C)
    __rt_exit                                0x08000287   Thumb Code     0  rtexit.o(.ARM.Collect$$rtexit$$00000000)
    __rt_exit_ls                             0x08000289   Thumb Code     0  rtexit2.o(.ARM.Collect$$rtexit$$00000003)
    __rt_exit_prels_1                        0x08000289   Thumb Code     0  rtexit2.o(.ARM.Collect$$rtexit$$00000002)
    __rt_exit_exit                           0x0800028d   Thumb Code     0  rtexit2.o(.ARM.Collect$$rtexit$$00000004)
    main                                     0x08000295   Thumb Code   286  main.o(.text)
    NMI_Handler                              0x080003cd   Thumb Code     2  stm32f4xx_it.o(.text)
    HardFault_Handler                        0x080003cf   Thumb Code     4  stm32f4xx_it.o(.text)
    MemManage_Handler                        0x080003d3   Thumb Code     4  stm32f4xx_it.o(.text)
    BusFault_Handler                         0x080003d7   Thumb Code     4  stm32f4xx_it.o(.text)
    UsageFault_Handler                       0x080003db   Thumb Code     4  stm32f4xx_it.o(.text)
    SVC_Handler                              0x080003df   Thumb Code     2  stm32f4xx_it.o(.text)
    DebugMon_Handler                         0x080003e1   Thumb Code     2  stm32f4xx_it.o(.text)
    PendSV_Handler                           0x080003e3   Thumb Code     2  stm32f4xx_it.o(.text)
    SysTick_Handler                          0x080003e5   Thumb Code     2  stm32f4xx_it.o(.text)
    SystemInit                               0x080004c5   Thumb Code    88  system_stm32f4xx.o(.text)
    SystemCoreClockUpdate                    0x0800051d   Thumb Code   174  system_stm32f4xx.o(.text)
    Reset_Handler                            0x080005f9   Thumb Code     8  startup_stm32f40_41xxx.o(.text)
    ADC_IRQHandler                           0x08000613   Thumb Code     0  startup_stm32f40_41xxx.o(.text)
    CAN1_RX0_IRQHandler                      0x08000613   Thumb Code     0  startup_stm32f40_41xxx.o(.text)
    CAN1_RX1_IRQHandler                      0x08000613   Thumb Code     0  startup_stm32f40_41xxx.o(.text)
    CAN1_SCE_IRQHandler                      0x08000613   Thumb Code     0  startup_stm32f40_41xxx.o(.text)
    CAN1_TX_IRQHandler                       0x08000613   Thumb Code     0  startup_stm32f40_41xxx.o(.text)
    CAN2_RX0_IRQHandler                      0x08000613   Thumb Code     0  startup_stm32f40_41xxx.o(.text)
    CAN2_RX1_IRQHandler                      0x08000613   Thumb Code     0  startup_stm32f40_41xxx.o(.text)
    CAN2_SCE_IRQHandler                      0x08000613   Thumb Code     0  startup_stm32f40_41xxx.o(.text)
    CAN2_TX_IRQHandler                       0x08000613   Thumb Code     0  startup_stm32f40_41xxx.o(.text)
    CRYP_IRQHandler                          0x08000613   Thumb Code     0  startup_stm32f40_41xxx.o(.text)
    DCMI_IRQHandler                          0x08000613   Thumb Code     0  startup_stm32f40_41xxx.o(.text)
    DMA1_Stream0_IRQHandler                  0x08000613   Thumb Code     0  startup_stm32f40_41xxx.o(.text)
    DMA1_Stream1_IRQHandler                  0x08000613   Thumb Code     0  startup_stm32f40_41xxx.o(.text)
    DMA1_Stream2_IRQHandler                  0x08000613   Thumb Code     0  startup_stm32f40_41xxx.o(.text)
    DMA1_Stream3_IRQHandler                  0x08000613   Thumb Code     0  startup_stm32f40_41xxx.o(.text)
    DMA1_Stream4_IRQHandler                  0x08000613   Thumb Code     0  startup_stm32f40_41xxx.o(.text)
    DMA1_Stream5_IRQHandler                  0x08000613   Thumb Code     0  startup_stm32f40_41xxx.o(.text)
    DMA1_Stream6_IRQHandler                  0x08000613   Thumb Code     0  startup_stm32f40_41xxx.o(.text)
    DMA1_Stream7_IRQHandler                  0x08000613   Thumb Code     0  startup_stm32f40_41xxx.o(.text)
    DMA2_Stream0_IRQHandler                  0x08000613   Thumb Code     0  startup_stm32f40_41xxx.o(.text)
    DMA2_Stream1_IRQHandler                  0x08000613   Thumb Code     0  startup_stm32f40_41xxx.o(.text)
    DMA2_Stream2_IRQHandler                  0x08000613   Thumb Code     0  startup_stm32f40_41xxx.o(.text)
    DMA2_Stream3_IRQHandler                  0x08000613   Thumb Code     0  startup_stm32f40_41xxx.o(.text)
    DMA2_Stream4_IRQHandler                  0x08000613   Thumb Code     0  startup_stm32f40_41xxx.o(.text)
    DMA2_Stream5_IRQHandler                  0x08000613   Thumb Code     0  startup_stm32f40_41xxx.o(.text)
    DMA2_Stream6_IRQHandler                  0x08000613   Thumb Code     0  startup_stm32f40_41xxx.o(.text)
    DMA2_Stream7_IRQHandler                  0x08000613   Thumb Code     0  startup_stm32f40_41xxx.o(.text)
    ETH_IRQHandler                           0x08000613   Thumb Code     0  startup_stm32f40_41xxx.o(.text)
    ETH_WKUP_IRQHandler                      0x08000613   Thumb Code     0  startup_stm32f40_41xxx.o(.text)
    EXTI0_IRQHandler                         0x08000613   Thumb Code     0  startup_stm32f40_41xxx.o(.text)
    EXTI15_10_IRQHandler                     0x08000613   Thumb Code     0  startup_stm32f40_41xxx.o(.text)
    EXTI1_IRQHandler                         0x08000613   Thumb Code     0  startup_stm32f40_41xxx.o(.text)
    EXTI2_IRQHandler                         0x08000613   Thumb Code     0  startup_stm32f40_41xxx.o(.text)
    EXTI3_IRQHandler                         0x08000613   Thumb Code     0  startup_stm32f40_41xxx.o(.text)
    EXTI4_IRQHandler                         0x08000613   Thumb Code     0  startup_stm32f40_41xxx.o(.text)
    EXTI9_5_IRQHandler                       0x08000613   Thumb Code     0  startup_stm32f40_41xxx.o(.text)
    FLASH_IRQHandler                         0x08000613   Thumb Code     0  startup_stm32f40_41xxx.o(.text)
    FPU_IRQHandler                           0x08000613   Thumb Code     0  startup_stm32f40_41xxx.o(.text)
    FSMC_IRQHandler                          0x08000613   Thumb Code     0  startup_stm32f40_41xxx.o(.text)
    HASH_RNG_IRQHandler                      0x08000613   Thumb Code     0  startup_stm32f40_41xxx.o(.text)
    I2C1_ER_IRQHandler                       0x08000613   Thumb Code     0  startup_stm32f40_41xxx.o(.text)
    I2C1_EV_IRQHandler                       0x08000613   Thumb Code     0  startup_stm32f40_41xxx.o(.text)
    I2C2_ER_IRQHandler                       0x08000613   Thumb Code     0  startup_stm32f40_41xxx.o(.text)
    I2C2_EV_IRQHandler                       0x08000613   Thumb Code     0  startup_stm32f40_41xxx.o(.text)
    I2C3_ER_IRQHandler                       0x08000613   Thumb Code     0  startup_stm32f40_41xxx.o(.text)
    I2C3_EV_IRQHandler                       0x08000613   Thumb Code     0  startup_stm32f40_41xxx.o(.text)
    OTG_FS_IRQHandler                        0x08000613   Thumb Code     0  startup_stm32f40_41xxx.o(.text)
    OTG_FS_WKUP_IRQHandler                   0x08000613   Thumb Code     0  startup_stm32f40_41xxx.o(.text)
    OTG_HS_EP1_IN_IRQHandler                 0x08000613   Thumb Code     0  startup_stm32f40_41xxx.o(.text)
    OTG_HS_EP1_OUT_IRQHandler                0x08000613   Thumb Code     0  startup_stm32f40_41xxx.o(.text)
    OTG_HS_IRQHandler                        0x08000613   Thumb Code     0  startup_stm32f40_41xxx.o(.text)
    OTG_HS_WKUP_IRQHandler                   0x08000613   Thumb Code     0  startup_stm32f40_41xxx.o(.text)
    PVD_IRQHandler                           0x08000613   Thumb Code     0  startup_stm32f40_41xxx.o(.text)
    RCC_IRQHandler                           0x08000613   Thumb Code     0  startup_stm32f40_41xxx.o(.text)
    RTC_Alarm_IRQHandler                     0x08000613   Thumb Code     0  startup_stm32f40_41xxx.o(.text)
    RTC_WKUP_IRQHandler                      0x08000613   Thumb Code     0  startup_stm32f40_41xxx.o(.text)
    SDIO_IRQHandler                          0x08000613   Thumb Code     0  startup_stm32f40_41xxx.o(.text)
    SPI1_IRQHandler                          0x08000613   Thumb Code     0  startup_stm32f40_41xxx.o(.text)
    SPI2_IRQHandler                          0x08000613   Thumb Code     0  startup_stm32f40_41xxx.o(.text)
    SPI3_IRQHandler                          0x08000613   Thumb Code     0  startup_stm32f40_41xxx.o(.text)
    TAMP_STAMP_IRQHandler                    0x08000613   Thumb Code     0  startup_stm32f40_41xxx.o(.text)
    TIM1_BRK_TIM9_IRQHandler                 0x08000613   Thumb Code     0  startup_stm32f40_41xxx.o(.text)
    TIM1_CC_IRQHandler                       0x08000613   Thumb Code     0  startup_stm32f40_41xxx.o(.text)
    TIM1_TRG_COM_TIM11_IRQHandler            0x08000613   Thumb Code     0  startup_stm32f40_41xxx.o(.text)
    TIM1_UP_TIM10_IRQHandler                 0x08000613   Thumb Code     0  startup_stm32f40_41xxx.o(.text)
    TIM2_IRQHandler                          0x08000613   Thumb Code     0  startup_stm32f40_41xxx.o(.text)
    TIM5_IRQHandler                          0x08000613   Thumb Code     0  startup_stm32f40_41xxx.o(.text)
    TIM6_DAC_IRQHandler                      0x08000613   Thumb Code     0  startup_stm32f40_41xxx.o(.text)
    TIM7_IRQHandler                          0x08000613   Thumb Code     0  startup_stm32f40_41xxx.o(.text)
    TIM8_BRK_TIM12_IRQHandler                0x08000613   Thumb Code     0  startup_stm32f40_41xxx.o(.text)
    TIM8_CC_IRQHandler                       0x08000613   Thumb Code     0  startup_stm32f40_41xxx.o(.text)
    TIM8_TRG_COM_TIM14_IRQHandler            0x08000613   Thumb Code     0  startup_stm32f40_41xxx.o(.text)
    TIM8_UP_TIM13_IRQHandler                 0x08000613   Thumb Code     0  startup_stm32f40_41xxx.o(.text)
    UART4_IRQHandler                         0x08000613   Thumb Code     0  startup_stm32f40_41xxx.o(.text)
    UART5_IRQHandler                         0x08000613   Thumb Code     0  startup_stm32f40_41xxx.o(.text)
    USART2_IRQHandler                        0x08000613   Thumb Code     0  startup_stm32f40_41xxx.o(.text)
    USART3_IRQHandler                        0x08000613   Thumb Code     0  startup_stm32f40_41xxx.o(.text)
    USART6_IRQHandler                        0x08000613   Thumb Code     0  startup_stm32f40_41xxx.o(.text)
    WWDG_IRQHandler                          0x08000613   Thumb Code     0  startup_stm32f40_41xxx.o(.text)
    __user_initial_stackheap                 0x08000615   Thumb Code     0  startup_stm32f40_41xxx.o(.text)
    NVIC_PriorityGroupConfig                 0x08000639   Thumb Code    10  misc.o(.text)
    NVIC_Init                                0x08000643   Thumb Code   106  misc.o(.text)
    NVIC_SetVectorTable                      0x080006ad   Thumb Code    14  misc.o(.text)
    NVIC_SystemLPConfig                      0x080006bb   Thumb Code    34  misc.o(.text)
    SysTick_CLKSourceConfig                  0x080006dd   Thumb Code    40  misc.o(.text)
    GPIO_DeInit                              0x08000719   Thumb Code   268  stm32f4xx_gpio.o(.text)
    GPIO_Init                                0x08000825   Thumb Code   144  stm32f4xx_gpio.o(.text)
    GPIO_StructInit                          0x080008b5   Thumb Code    18  stm32f4xx_gpio.o(.text)
    GPIO_PinLockConfig                       0x080008c7   Thumb Code    34  stm32f4xx_gpio.o(.text)
    GPIO_ReadInputDataBit                    0x080008e9   Thumb Code    18  stm32f4xx_gpio.o(.text)
    GPIO_ReadInputData                       0x080008fb   Thumb Code     8  stm32f4xx_gpio.o(.text)
    GPIO_ReadOutputDataBit                   0x08000903   Thumb Code    18  stm32f4xx_gpio.o(.text)
    GPIO_ReadOutputData                      0x08000915   Thumb Code     8  stm32f4xx_gpio.o(.text)
    GPIO_SetBits                             0x0800091d   Thumb Code     4  stm32f4xx_gpio.o(.text)
    GPIO_ResetBits                           0x08000921   Thumb Code     4  stm32f4xx_gpio.o(.text)
    GPIO_WriteBit                            0x08000925   Thumb Code    10  stm32f4xx_gpio.o(.text)
    GPIO_Write                               0x0800092f   Thumb Code     4  stm32f4xx_gpio.o(.text)
    GPIO_ToggleBits                          0x08000933   Thumb Code     8  stm32f4xx_gpio.o(.text)
    GPIO_PinAFConfig                         0x0800093b   Thumb Code    70  stm32f4xx_gpio.o(.text)
    RCC_DeInit                               0x080009ad   Thumb Code    82  stm32f4xx_rcc.o(.text)
    RCC_HSEConfig                            0x080009ff   Thumb Code    14  stm32f4xx_rcc.o(.text)
    RCC_GetFlagStatus                        0x08000a0d   Thumb Code    60  stm32f4xx_rcc.o(.text)
    RCC_WaitForHSEStartUp                    0x08000a49   Thumb Code    56  stm32f4xx_rcc.o(.text)
    RCC_AdjustHSICalibrationValue            0x08000a81   Thumb Code    20  stm32f4xx_rcc.o(.text)
    RCC_HSICmd                               0x08000a95   Thumb Code     6  stm32f4xx_rcc.o(.text)
    RCC_LSEConfig                            0x08000a9b   Thumb Code    46  stm32f4xx_rcc.o(.text)
    RCC_LSICmd                               0x08000ac9   Thumb Code     6  stm32f4xx_rcc.o(.text)
    RCC_PLLConfig                            0x08000acf   Thumb Code    32  stm32f4xx_rcc.o(.text)
    RCC_PLLCmd                               0x08000aef   Thumb Code     6  stm32f4xx_rcc.o(.text)
    RCC_PLLI2SConfig                         0x08000af5   Thumb Code    14  stm32f4xx_rcc.o(.text)
    RCC_PLLI2SCmd                            0x08000b03   Thumb Code     6  stm32f4xx_rcc.o(.text)
    RCC_PLLSAIConfig                         0x08000b09   Thumb Code    20  stm32f4xx_rcc.o(.text)
    RCC_PLLSAICmd                            0x08000b1d   Thumb Code     6  stm32f4xx_rcc.o(.text)
    RCC_ClockSecuritySystemCmd               0x08000b23   Thumb Code     6  stm32f4xx_rcc.o(.text)
    RCC_MCO1Config                           0x08000b29   Thumb Code    28  stm32f4xx_rcc.o(.text)
    RCC_MCO2Config                           0x08000b45   Thumb Code    28  stm32f4xx_rcc.o(.text)
    RCC_SYSCLKConfig                         0x08000b61   Thumb Code    20  stm32f4xx_rcc.o(.text)
    RCC_GetSYSCLKSource                      0x08000b75   Thumb Code    12  stm32f4xx_rcc.o(.text)
    RCC_HCLKConfig                           0x08000b81   Thumb Code    20  stm32f4xx_rcc.o(.text)
    RCC_PCLK1Config                          0x08000b95   Thumb Code    20  stm32f4xx_rcc.o(.text)
    RCC_PCLK2Config                          0x08000ba9   Thumb Code    22  stm32f4xx_rcc.o(.text)
    RCC_GetClocksFreq                        0x08000bbf   Thumb Code   222  stm32f4xx_rcc.o(.text)
    RCC_RTCCLKConfig                         0x08000c9d   Thumb Code    54  stm32f4xx_rcc.o(.text)
    RCC_RTCCLKCmd                            0x08000cd3   Thumb Code     8  stm32f4xx_rcc.o(.text)
    RCC_BackupResetCmd                       0x08000cdb   Thumb Code     8  stm32f4xx_rcc.o(.text)
    RCC_I2SCLKConfig                         0x08000ce3   Thumb Code     6  stm32f4xx_rcc.o(.text)
    RCC_SAIPLLI2SClkDivConfig                0x08000ce9   Thumb Code    26  stm32f4xx_rcc.o(.text)
    RCC_SAIPLLSAIClkDivConfig                0x08000d03   Thumb Code    28  stm32f4xx_rcc.o(.text)
    RCC_SAIBlockACLKConfig                   0x08000d1f   Thumb Code    20  stm32f4xx_rcc.o(.text)
    RCC_SAIBlockBCLKConfig                   0x08000d33   Thumb Code    20  stm32f4xx_rcc.o(.text)
    RCC_LTDCCLKDivConfig                     0x08000d47   Thumb Code    20  stm32f4xx_rcc.o(.text)
    RCC_TIMCLKPresConfig                     0x08000d5b   Thumb Code     6  stm32f4xx_rcc.o(.text)
    RCC_AHB1PeriphClockCmd                   0x08000d61   Thumb Code    34  stm32f4xx_rcc.o(.text)
    RCC_AHB2PeriphClockCmd                   0x08000d83   Thumb Code    78  stm32f4xx_rcc.o(.text)
    RCC_AHB3PeriphClockCmd                   0x08000dd1   Thumb Code    34  stm32f4xx_rcc.o(.text)
    RCC_APB1PeriphClockCmd                   0x08000df3   Thumb Code    34  stm32f4xx_rcc.o(.text)
    RCC_APB2PeriphClockCmd                   0x08000e15   Thumb Code    34  stm32f4xx_rcc.o(.text)
    RCC_AHB1PeriphResetCmd                   0x08000e37   Thumb Code    34  stm32f4xx_rcc.o(.text)
    RCC_AHB2PeriphResetCmd                   0x08000e59   Thumb Code    34  stm32f4xx_rcc.o(.text)
    RCC_AHB3PeriphResetCmd                   0x08000e7b   Thumb Code    34  stm32f4xx_rcc.o(.text)
    RCC_APB1PeriphResetCmd                   0x08000e9d   Thumb Code    34  stm32f4xx_rcc.o(.text)
    RCC_APB2PeriphResetCmd                   0x08000ebf   Thumb Code    34  stm32f4xx_rcc.o(.text)
    RCC_AHB1PeriphClockLPModeCmd             0x08000ee1   Thumb Code    34  stm32f4xx_rcc.o(.text)
    RCC_AHB2PeriphClockLPModeCmd             0x08000f03   Thumb Code    34  stm32f4xx_rcc.o(.text)
    RCC_AHB3PeriphClockLPModeCmd             0x08000f25   Thumb Code    34  stm32f4xx_rcc.o(.text)
    RCC_APB1PeriphClockLPModeCmd             0x08000f47   Thumb Code    34  stm32f4xx_rcc.o(.text)
    RCC_APB2PeriphClockLPModeCmd             0x08000f69   Thumb Code    34  stm32f4xx_rcc.o(.text)
    RCC_LSEModeConfig                        0x08000f8b   Thumb Code    40  stm32f4xx_rcc.o(.text)
    RCC_ITConfig                             0x08000fb3   Thumb Code    34  stm32f4xx_rcc.o(.text)
    RCC_ClearFlag                            0x08000fd5   Thumb Code    18  stm32f4xx_rcc.o(.text)
    RCC_GetITStatus                          0x08000fe7   Thumb Code    22  stm32f4xx_rcc.o(.text)
    RCC_ClearITPendingBit                    0x08000ffd   Thumb Code     8  stm32f4xx_rcc.o(.text)
    TIM_DeInit                               0x08001009   Thumb Code   346  stm32f4xx_tim.o(.text)
    TIM_TimeBaseInit                         0x08001163   Thumb Code   104  stm32f4xx_tim.o(.text)
    TIM_TimeBaseStructInit                   0x080011cb   Thumb Code    18  stm32f4xx_tim.o(.text)
    TIM_PrescalerConfig                      0x080011dd   Thumb Code     6  stm32f4xx_tim.o(.text)
    TIM_CounterModeConfig                    0x080011e3   Thumb Code    18  stm32f4xx_tim.o(.text)
    TIM_SetCounter                           0x080011f5   Thumb Code     4  stm32f4xx_tim.o(.text)
    TIM_SetAutoreload                        0x080011f9   Thumb Code     4  stm32f4xx_tim.o(.text)
    TIM_GetCounter                           0x080011fd   Thumb Code     6  stm32f4xx_tim.o(.text)
    TIM_GetPrescaler                         0x08001203   Thumb Code     6  stm32f4xx_tim.o(.text)
    TIM_UpdateDisableConfig                  0x08001209   Thumb Code    24  stm32f4xx_tim.o(.text)
    TIM_UpdateRequestConfig                  0x08001221   Thumb Code    24  stm32f4xx_tim.o(.text)
    TIM_ARRPreloadConfig                     0x08001239   Thumb Code    24  stm32f4xx_tim.o(.text)
    TIM_SelectOnePulseMode                   0x08001251   Thumb Code    18  stm32f4xx_tim.o(.text)
    TIM_SetClockDivision                     0x08001263   Thumb Code    18  stm32f4xx_tim.o(.text)
    TIM_Cmd                                  0x08001275   Thumb Code    24  stm32f4xx_tim.o(.text)
    TIM_OC1Init                              0x0800128d   Thumb Code   114  stm32f4xx_tim.o(.text)
    TIM_OC2Init                              0x080012ff   Thumb Code   154  stm32f4xx_tim.o(.text)
    TIM_OC3Init                              0x08001399   Thumb Code   204  stm32f4xx_tim.o(.text)
    TIM_OC4Init                              0x08001465   Thumb Code   112  stm32f4xx_tim.o(.text)
    TIM_OCStructInit                         0x080014d5   Thumb Code    20  stm32f4xx_tim.o(.text)
    TIM_SelectOCxM                           0x080014e9   Thumb Code    86  stm32f4xx_tim.o(.text)
    TIM_SetCompare1                          0x0800153f   Thumb Code     4  stm32f4xx_tim.o(.text)
    TIM_SetCompare2                          0x08001543   Thumb Code     4  stm32f4xx_tim.o(.text)
    TIM_SetCompare3                          0x08001547   Thumb Code     4  stm32f4xx_tim.o(.text)
    TIM_SetCompare4                          0x0800154b   Thumb Code     4  stm32f4xx_tim.o(.text)
    TIM_ForcedOC1Config                      0x0800154f   Thumb Code    18  stm32f4xx_tim.o(.text)
    TIM_ForcedOC2Config                      0x08001561   Thumb Code    26  stm32f4xx_tim.o(.text)
    TIM_ForcedOC3Config                      0x0800157b   Thumb Code    18  stm32f4xx_tim.o(.text)
    TIM_ForcedOC4Config                      0x0800158d   Thumb Code    26  stm32f4xx_tim.o(.text)
    TIM_OC1PreloadConfig                     0x080015a7   Thumb Code    18  stm32f4xx_tim.o(.text)
    TIM_OC2PreloadConfig                     0x080015b9   Thumb Code    26  stm32f4xx_tim.o(.text)
    TIM_OC3PreloadConfig                     0x080015d3   Thumb Code    18  stm32f4xx_tim.o(.text)
    TIM_OC4PreloadConfig                     0x080015e5   Thumb Code    26  stm32f4xx_tim.o(.text)
    TIM_OC1FastConfig                        0x080015ff   Thumb Code    18  stm32f4xx_tim.o(.text)
    TIM_OC2FastConfig                        0x08001611   Thumb Code    26  stm32f4xx_tim.o(.text)
    TIM_OC3FastConfig                        0x0800162b   Thumb Code    18  stm32f4xx_tim.o(.text)
    TIM_OC4FastConfig                        0x0800163d   Thumb Code    26  stm32f4xx_tim.o(.text)
    TIM_ClearOC1Ref                          0x08001657   Thumb Code    18  stm32f4xx_tim.o(.text)
    TIM_ClearOC2Ref                          0x08001669   Thumb Code    24  stm32f4xx_tim.o(.text)
    TIM_ClearOC3Ref                          0x08001681   Thumb Code    18  stm32f4xx_tim.o(.text)
    TIM_ClearOC4Ref                          0x08001693   Thumb Code    24  stm32f4xx_tim.o(.text)
    TIM_OC1PolarityConfig                    0x080016ab   Thumb Code    18  stm32f4xx_tim.o(.text)
    TIM_OC1NPolarityConfig                   0x080016bd   Thumb Code    18  stm32f4xx_tim.o(.text)
    TIM_OC2PolarityConfig                    0x080016cf   Thumb Code    26  stm32f4xx_tim.o(.text)
    TIM_OC2NPolarityConfig                   0x080016e9   Thumb Code    26  stm32f4xx_tim.o(.text)
    TIM_OC3PolarityConfig                    0x08001703   Thumb Code    26  stm32f4xx_tim.o(.text)
    TIM_OC3NPolarityConfig                   0x0800171d   Thumb Code    26  stm32f4xx_tim.o(.text)
    TIM_OC4PolarityConfig                    0x08001737   Thumb Code    26  stm32f4xx_tim.o(.text)
    TIM_CCxCmd                               0x08001751   Thumb Code    30  stm32f4xx_tim.o(.text)
    TIM_CCxNCmd                              0x0800176f   Thumb Code    30  stm32f4xx_tim.o(.text)
    TIM_SetIC4Prescaler                      0x0800178d   Thumb Code    26  stm32f4xx_tim.o(.text)
    TIM_SetIC3Prescaler                      0x080017f7   Thumb Code    18  stm32f4xx_tim.o(.text)
    TIM_SetIC2Prescaler                      0x08001851   Thumb Code    26  stm32f4xx_tim.o(.text)
    TIM_SetIC1Prescaler                      0x080018c5   Thumb Code    18  stm32f4xx_tim.o(.text)
    TIM_ICInit                               0x08001911   Thumb Code   110  stm32f4xx_tim.o(.text)
    TIM_ICStructInit                         0x0800197f   Thumb Code    18  stm32f4xx_tim.o(.text)
    TIM_PWMIConfig                           0x08001991   Thumb Code   124  stm32f4xx_tim.o(.text)
    TIM_GetCapture1                          0x08001a0d   Thumb Code     6  stm32f4xx_tim.o(.text)
    TIM_GetCapture2                          0x08001a13   Thumb Code     6  stm32f4xx_tim.o(.text)
    TIM_GetCapture3                          0x08001a19   Thumb Code     6  stm32f4xx_tim.o(.text)
    TIM_GetCapture4                          0x08001a1f   Thumb Code     6  stm32f4xx_tim.o(.text)
    TIM_BDTRConfig                           0x08001a25   Thumb Code    32  stm32f4xx_tim.o(.text)
    TIM_BDTRStructInit                       0x08001a45   Thumb Code    18  stm32f4xx_tim.o(.text)
    TIM_CtrlPWMOutputs                       0x08001a57   Thumb Code    30  stm32f4xx_tim.o(.text)
    TIM_SelectCOM                            0x08001a75   Thumb Code    24  stm32f4xx_tim.o(.text)
    TIM_CCPreloadControl                     0x08001a8d   Thumb Code    24  stm32f4xx_tim.o(.text)
    TIM_ITConfig                             0x08001aa5   Thumb Code    18  stm32f4xx_tim.o(.text)
    TIM_GenerateEvent                        0x08001ab7   Thumb Code     4  stm32f4xx_tim.o(.text)
    TIM_GetFlagStatus                        0x08001abb   Thumb Code    18  stm32f4xx_tim.o(.text)
    TIM_ClearFlag                            0x08001acd   Thumb Code     6  stm32f4xx_tim.o(.text)
    TIM_GetITStatus                          0x08001ad3   Thumb Code    34  stm32f4xx_tim.o(.text)
    TIM_ClearITPendingBit                    0x08001af5   Thumb Code     6  stm32f4xx_tim.o(.text)
    TIM_DMAConfig                            0x08001afb   Thumb Code    10  stm32f4xx_tim.o(.text)
    TIM_DMACmd                               0x08001b05   Thumb Code    18  stm32f4xx_tim.o(.text)
    TIM_SelectCCDMA                          0x08001b17   Thumb Code    24  stm32f4xx_tim.o(.text)
    TIM_InternalClockConfig                  0x08001b2f   Thumb Code    12  stm32f4xx_tim.o(.text)
    TIM_SelectInputTrigger                   0x08001b3b   Thumb Code    18  stm32f4xx_tim.o(.text)
    TIM_ITRxExternalClockConfig              0x08001b4d   Thumb Code    24  stm32f4xx_tim.o(.text)
    TIM_TIxExternalClockConfig               0x08001b65   Thumb Code    62  stm32f4xx_tim.o(.text)
    TIM_ETRConfig                            0x08001ba3   Thumb Code    28  stm32f4xx_tim.o(.text)
    TIM_ETRClockMode1Config                  0x08001bbf   Thumb Code    54  stm32f4xx_tim.o(.text)
    TIM_ETRClockMode2Config                  0x08001bf5   Thumb Code    32  stm32f4xx_tim.o(.text)
    TIM_SelectOutputTrigger                  0x08001c15   Thumb Code    18  stm32f4xx_tim.o(.text)
    TIM_SelectSlaveMode                      0x08001c27   Thumb Code    18  stm32f4xx_tim.o(.text)
    TIM_SelectMasterSlaveMode                0x08001c39   Thumb Code    18  stm32f4xx_tim.o(.text)
    TIM_EncoderInterfaceConfig               0x08001c4b   Thumb Code    66  stm32f4xx_tim.o(.text)
    TIM_SelectHallSensor                     0x08001c8d   Thumb Code    24  stm32f4xx_tim.o(.text)
    TIM_RemapConfig                          0x08001ca5   Thumb Code     6  stm32f4xx_tim.o(.text)
    USART_DeInit                             0x08001cad   Thumb Code   206  stm32f4xx_usart.o(.text)
    USART_Init                               0x08001d7b   Thumb Code   204  stm32f4xx_usart.o(.text)
    USART_StructInit                         0x08001e47   Thumb Code    24  stm32f4xx_usart.o(.text)
    USART_ClockInit                          0x08001e5f   Thumb Code    32  stm32f4xx_usart.o(.text)
    USART_ClockStructInit                    0x08001e7f   Thumb Code    12  stm32f4xx_usart.o(.text)
    USART_Cmd                                0x08001e8b   Thumb Code    24  stm32f4xx_usart.o(.text)
    USART_SetPrescaler                       0x08001ea3   Thumb Code    16  stm32f4xx_usart.o(.text)
    USART_OverSampling8Cmd                   0x08001eb3   Thumb Code    22  stm32f4xx_usart.o(.text)
    USART_OneBitMethodCmd                    0x08001ec9   Thumb Code    24  stm32f4xx_usart.o(.text)
    USART_SendData                           0x08001ee1   Thumb Code     8  stm32f4xx_usart.o(.text)
    USART_ReceiveData                        0x08001ee9   Thumb Code    10  stm32f4xx_usart.o(.text)
    USART_SetAddress                         0x08001ef3   Thumb Code    18  stm32f4xx_usart.o(.text)
    USART_ReceiverWakeUpCmd                  0x08001f05   Thumb Code    24  stm32f4xx_usart.o(.text)
    USART_WakeUpConfig                       0x08001f1d   Thumb Code    18  stm32f4xx_usart.o(.text)
    USART_LINBreakDetectLengthConfig         0x08001f2f   Thumb Code    18  stm32f4xx_usart.o(.text)
    USART_LINCmd                             0x08001f41   Thumb Code    24  stm32f4xx_usart.o(.text)
    USART_SendBreak                          0x08001f59   Thumb Code    10  stm32f4xx_usart.o(.text)
    USART_HalfDuplexCmd                      0x08001f63   Thumb Code    24  stm32f4xx_usart.o(.text)
    USART_SetGuardTime                       0x08001f7b   Thumb Code    16  stm32f4xx_usart.o(.text)
    USART_SmartCardCmd                       0x08001f8b   Thumb Code    24  stm32f4xx_usart.o(.text)
    USART_SmartCardNACKCmd                   0x08001fa3   Thumb Code    24  stm32f4xx_usart.o(.text)
    USART_IrDAConfig                         0x08001fbb   Thumb Code    18  stm32f4xx_usart.o(.text)
    USART_IrDACmd                            0x08001fcd   Thumb Code    24  stm32f4xx_usart.o(.text)
    USART_DMACmd                             0x08001fe5   Thumb Code    18  stm32f4xx_usart.o(.text)
    USART_ITConfig                           0x08001ff7   Thumb Code    74  stm32f4xx_usart.o(.text)
    USART_GetFlagStatus                      0x08002041   Thumb Code    26  stm32f4xx_usart.o(.text)
    USART_ClearFlag                          0x0800205b   Thumb Code    18  stm32f4xx_usart.o(.text)
    USART_GetITStatus                        0x0800206d   Thumb Code   118  stm32f4xx_usart.o(.text)
    USART_ClearITPendingBit                  0x080020e3   Thumb Code    30  stm32f4xx_usart.o(.text)
    delay_init                               0x08002101   Thumb Code    52  delay.o(.text)
    delay_us                                 0x08002135   Thumb Code    72  delay.o(.text)
    delay_xms                                0x0800217d   Thumb Code    72  delay.o(.text)
    delay_ms                                 0x080021c5   Thumb Code    56  delay.o(.text)
    _sys_exit                                0x08002205   Thumb Code     6  usart.o(.text)
    fputc                                    0x0800220b   Thumb Code    22  usart.o(.text)
    uart_init                                0x08002221   Thumb Code   164  usart.o(.text)
    LED_Init                                 0x080022cd   Thumb Code   878  led.o(.text)
    SPI_WriteData                            0x08002645   Thumb Code    56  lcd.o(.text)
    Reset                                    0x0800267d   Thumb Code    32  lcd.o(.text)
    Lcd_WriteIndex                           0x0800269d   Thumb Code    34  lcd.o(.text)
    Lcd_WriteData                            0x080026bf   Thumb Code    36  lcd.o(.text)
    LCD_WriteData_16Bit                      0x080026e3   Thumb Code    44  lcd.o(.text)
    lcd_initial                              0x0800270f   Thumb Code   542  lcd.o(.text)
    Lcd_SetRegion                            0x0800292d   Thumb Code    86  lcd.o(.text)
    dsp_single_colour                        0x08002983   Thumb Code    48  lcd.o(.text)
    showimage                                0x080029b3   Thumb Code   114  lcd.o(.text)
    showimage1                               0x08002a25   Thumb Code    64  lcd.o(.text)
    Fast_DrawFont_GBK16                      0x08002a65   Thumb Code    90  lcd.o(.text)
    huadian                                  0x08002abf   Thumb Code    40  lcd.o(.text)
    XY_show                                  0x08002ae7   Thumb Code    92  lcd.o(.text)
    ZXT                                      0x08002b43   Thumb Code   336  lcd.o(.text)
    ZXT_QL                                   0x08002c93   Thumb Code    16  lcd.o(.text)
    same_char                                0x08002cbd   Thumb Code   732  printf.o(.text)
    my_printf                                0x08002f99   Thumb Code   216  printf.o(.text)
    down_line                                0x08003071   Thumb Code    12  printf.o(.text)
    up_line                                  0x0800307d   Thumb Code    12  printf.o(.text)
    qingling                                 0x08003089   Thumb Code    26  printf.o(.text)
    show_arrow                               0x080030a3   Thumb Code    22  printf.o(.text)
    show_v                                   0x080030b9   Thumb Code    22  printf.o(.text)
    left_move                                0x080030cf   Thumb Code    44  printf.o(.text)
    right_move                               0x080030fb   Thumb Code   330  printf.o(.text)
    KEY_Init                                 0x08003245   Thumb Code    78  key.o(.text)
    KEY_scan                                 0x08003293   Thumb Code   382  key.o(.text)
    mune_up                                  0x0800342d   Thumb Code    60  mune.o(.text)
    mune_selete                              0x08003469   Thumb Code    32  mune.o(.text)
    mune_down                                0x08003489   Thumb Code    60  mune.o(.text)
    mune_init                                0x080034c5   Thumb Code   130  mune.o(.text)
    show_init                                0x08003591   Thumb Code   226  set_pid.o(.text)
    Read_USART_str                           0x08003673   Thumb Code    36  set_pid.o(.text)
    MY_USART_Change_PID                      0x08003697   Thumb Code   276  set_pid.o(.text)
    SET_up                                   0x080037ab   Thumb Code    80  set_pid.o(.text)
    flag8                                    0x080037fb   Thumb Code   110  set_pid.o(.text)
    flag2                                    0x08003869   Thumb Code   110  set_pid.o(.text)
    set_V                                    0x080038d7   Thumb Code   346  set_pid.o(.text)
    set_D                                    0x08003a31   Thumb Code   252  set_pid.o(.text)
    set_I                                    0x08003b2d   Thumb Code   252  set_pid.o(.text)
    set_P                                    0x08003c29   Thumb Code   248  set_pid.o(.text)
    PID_selete                               0x08003d21   Thumb Code    50  set_pid.o(.text)
    SET_down                                 0x08003d53   Thumb Code    94  set_pid.o(.text)
    SET_PID                                  0x08003db1   Thumb Code   258  set_pid.o(.text)
    AG_show_init                             0x08003eb3   Thumb Code   208  set_pid.o(.text)
    AG_ZD                                    0x08003f83   Thumb Code   158  set_pid.o(.text)
    MY_USART_Change_PIDtwo                   0x08004021   Thumb Code   282  set_pid.o(.text)
    myset_AG                                 0x0800413b   Thumb Code   364  set_pid.o(.text)
    my_Angle_selete                          0x080042a7   Thumb Code    50  set_pid.o(.text)
    SET_angle                                0x080042d9   Thumb Code   232  set_pid.o(.text)
    USART1_IRQHandler                        0x080043c1   Thumb Code    96  set_pid.o(.text)
    IIC_Init                                 0x08004451   Thumb Code    62  eeprom.o(.text)
    IIC_Start                                0x0800448f   Thumb Code    68  eeprom.o(.text)
    IIC_Stop                                 0x080044d3   Thumb Code    62  eeprom.o(.text)
    IIC_Wait_Ack                             0x08004511   Thumb Code    82  eeprom.o(.text)
    IIC_Ack                                  0x08004563   Thumb Code    66  eeprom.o(.text)
    IIC_NAck                                 0x080045a5   Thumb Code    66  eeprom.o(.text)
    IIC_Send_Byte                            0x080045e7   Thumb Code    90  eeprom.o(.text)
    IIC_Read_Byte                            0x08004641   Thumb Code    94  eeprom.o(.text)
    E2ReadByte                               0x0800469f   Thumb Code    58  eeprom.o(.text)
    E2WriteByte                              0x080046d9   Thumb Code    46  eeprom.o(.text)
    E2Write_long                             0x08004707   Thumb Code    58  eeprom.o(.text)
    TIM4_Init_encoder                        0x0800474d   Thumb Code   222  timer.o(.text)
    TIM4_IRQHandler                          0x0800482b   Thumb Code    42  timer.o(.text)
    TIM3_Int_Init                            0x08004869   Thumb Code    88  timirq.o(.text)
    TIM3_IRQHandler                          0x080048c1   Thumb Code   156  timirq.o(.text)
    PID_Init                                 0x08004985   Thumb Code    32  pid.o(.text)
    Change_P                                 0x080049a5   Thumb Code     8  pid.o(.text)
    Change_I                                 0x080049ad   Thumb Code     8  pid.o(.text)
    Change_D                                 0x080049b5   Thumb Code     8  pid.o(.text)
    figure_PID                               0x080049bd   Thumb Code   176  pid.o(.text)
    TIM10_PWM_init                           0x08004a79   Thumb Code   150  pwm.o(.text)
    TIM11_PWM_init                           0x08004b0f   Thumb Code   150  pwm.o(.text)
    __use_no_semihosting                     0x08004bb1   Thumb Code     2  use_no_semi_2.o(.text)
    __2printf                                0x08004bb5   Thumb Code    20  noretval__2printf.o(.text)
    __printf                                 0x08004bcd   Thumb Code   104  __printf.o(.text)
    _printf_str                              0x08004c35   Thumb Code    82  _printf_str.o(.text)
    _printf_int_dec                          0x08004c89   Thumb Code   104  _printf_dec.o(.text)
    atoi                                     0x08004d01   Thumb Code    26  atoi.o(.text)
    __use_two_region_memory                  0x08004d1b   Thumb Code     2  heapauxi.o(.text)
    __rt_heap_escrow$2region                 0x08004d1d   Thumb Code     2  heapauxi.o(.text)
    __rt_heap_expand$2region                 0x08004d1f   Thumb Code     2  heapauxi.o(.text)
    __I$use$semihosting                      0x08004d21   Thumb Code     0  use_no_semi.o(.text)
    __use_no_semihosting_swi                 0x08004d21   Thumb Code     2  use_no_semi.o(.text)
    __aeabi_errno_addr                       0x08004d25   Thumb Code     8  rt_errno_addr_intlibspace.o(.text)
    __errno$intlibspace                      0x08004d25   Thumb Code     0  rt_errno_addr_intlibspace.o(.text)
    __rt_errno_addr$intlibspace              0x08004d25   Thumb Code     0  rt_errno_addr_intlibspace.o(.text)
    __read_errno                             0x08004d2d   Thumb Code    10  _rserrno.o(.text)
    __set_errno                              0x08004d37   Thumb Code    12  _rserrno.o(.text)
    _printf_int_common                       0x08004d43   Thumb Code   178  _printf_intcommon.o(.text)
    _printf_cs_common                        0x08004df5   Thumb Code    20  _printf_char.o(.text)
    _printf_char                             0x08004e09   Thumb Code    16  _printf_char.o(.text)
    _printf_string                           0x08004e19   Thumb Code     8  _printf_char.o(.text)
    _printf_char_file                        0x08004e21   Thumb Code    32  _printf_char_file.o(.text)
    __strtod_int                             0x08004e81   Thumb Code    90  strtod.o(.text)
    strtol                                   0x08004ee9   Thumb Code   112  strtol.o(.text)
    __user_libspace                          0x08004f59   Thumb Code     8  libspace.o(.text)
    __user_perproc_libspace                  0x08004f59   Thumb Code     0  libspace.o(.text)
    __user_perthread_libspace                0x08004f59   Thumb Code     0  libspace.o(.text)
    __rt_ctype_table                         0x08004f61   Thumb Code    16  rt_ctype_table.o(.text)
    isspace                                  0x08004f71   Thumb Code    18  isspace.o(.text)
    _printf_char_common                      0x08004f8f   Thumb Code    32  _printf_char_common.o(.text)
    _sgetc                                   0x08004fb5   Thumb Code    30  _sgetc.o(.text)
    _sbackspace                              0x08004fd3   Thumb Code    34  _sgetc.o(.text)
    _strtoul                                 0x08004ff5   Thumb Code   158  _strtoul.o(.text)
    ferror                                   0x08005093   Thumb Code     8  ferror.o(.text)
    __user_setup_stackheap                   0x0800509b   Thumb Code    74  sys_stackheap_outer.o(.text)
    __rt_locale                              0x080050e5   Thumb Code     8  rt_locale_intlibspace.o(.text)
    _chval                                   0x080050ed   Thumb Code    28  _chval.o(.text)
    _scanf_really_real                       0x08005305   Thumb Code   668  scanf_fp.o(.text)
    exit                                     0x080055ad   Thumb Code    18  exit.o(.text)
    strcmp                                   0x080055c1   Thumb Code   128  strcmpv7m.o(.text)
    _btod_etento                             0x08005641   Thumb Code   216  bigflt0.o(.text)
    _scanf_really_hex_real                   0x0800571d   Thumb Code   786  scanf_hexfp.o(.text)
    _scanf_really_infnan                     0x08005a3d   Thumb Code   292  scanf_infnan.o(.text)
    __aeabi_llsl                             0x08005b71   Thumb Code     0  llshl.o(.text)
    _ll_shift_l                              0x08005b71   Thumb Code    38  llshl.o(.text)
    __btod_div_common                        0x08005b97   Thumb Code   696  btod.o(CL$$btod_div_common)
    _e2d                                     0x08005ed1   Thumb Code    80  btod.o(CL$$btod_e2d)
    _e2e                                     0x08005f25   Thumb Code   198  btod.o(CL$$btod_e2e)
    _btod_ediv                               0x08005feb   Thumb Code    40  btod.o(CL$$btod_ediv)
    _btod_edivd                              0x08006013   Thumb Code    40  btod.o(CL$$btod_edivd)
    _btod_emul                               0x0800603b   Thumb Code    40  btod.o(CL$$btod_emul)
    _btod_emuld                              0x08006063   Thumb Code    40  btod.o(CL$$btod_emuld)
    __btod_mult_common                       0x0800608b   Thumb Code   580  btod.o(CL$$btod_mult_common)
    __hardfp_atof                            0x080062d1   Thumb Code    44  atof.o(i.__hardfp_atof)
    __hardfp_ldexp                           0x08006309   Thumb Code   200  ldexp.o(i.__hardfp_ldexp)
    __mathlib_dbl_overflow                   0x080063d9   Thumb Code    24  dunder.o(i.__mathlib_dbl_overflow)
    __mathlib_dbl_underflow                  0x080063f9   Thumb Code    24  dunder.o(i.__mathlib_dbl_underflow)
    __mathlib_narrow                         0x08006419   Thumb Code   166  narrow.o(i.__mathlib_narrow)
    __support_ldexp                          0x080064d1   Thumb Code    20  ldexp.o(i.__support_ldexp)
    _is_digit                                0x080064e5   Thumb Code    14  __printf_wp.o(i._is_digit)
    frexp                                    0x080064f9   Thumb Code   118  frexp.o(i.frexp)
    _get_lc_numeric                          0x08006585   Thumb Code    44  lc_numeric_c.o(locale$$code)
    _get_lc_ctype                            0x080065b1   Thumb Code    44  lc_ctype_c.o(locale$$code)
    __aeabi_d2f                              0x080065dd   Thumb Code     0  d2f.o(x$fpl$d2f)
    _d2f                                     0x080065dd   Thumb Code    98  d2f.o(x$fpl$d2f)
    __fpl_dcheck_NaN1                        0x08006641   Thumb Code    10  dcheck1.o(x$fpl$dcheck1)
    __fpl_dcmp_Inf                           0x08006651   Thumb Code    24  dcmpi.o(x$fpl$dcmpinf)
    __aeabi_cdcmpeq                          0x08006669   Thumb Code     0  deqf.o(x$fpl$deqf)
    _dcmpeq                                  0x08006669   Thumb Code   120  deqf.o(x$fpl$deqf)
    __aeabi_d2iz                             0x080066e1   Thumb Code     0  dfix.o(x$fpl$dfix)
    _dfix                                    0x080066e1   Thumb Code    94  dfix.o(x$fpl$dfix)
    __aeabi_i2d                              0x0800673f   Thumb Code     0  dflt_clz.o(x$fpl$dflt)
    _dflt                                    0x0800673f   Thumb Code    46  dflt_clz.o(x$fpl$dflt)
    __aeabi_cdcmple                          0x0800676d   Thumb Code     0  dleqf.o(x$fpl$dleqf)
    _dcmple                                  0x0800676d   Thumb Code   120  dleqf.o(x$fpl$dleqf)
    __fpl_dcmple_InfNaN                      0x080067cf   Thumb Code     0  dleqf.o(x$fpl$dleqf)
    __aeabi_dmul                             0x080067e5   Thumb Code     0  dmul.o(x$fpl$dmul)
    _dmul                                    0x080067e5   Thumb Code   332  dmul.o(x$fpl$dmul)
    __fpl_dnaninf                            0x08006939   Thumb Code   156  dnaninf.o(x$fpl$dnaninf)
    __fpl_dretinf                            0x080069d5   Thumb Code    12  dretinf.o(x$fpl$dretinf)
    __aeabi_cdrcmple                         0x080069e1   Thumb Code     0  drleqf.o(x$fpl$drleqf)
    _drcmple                                 0x080069e1   Thumb Code   108  drleqf.o(x$fpl$drleqf)
    _fp_init                                 0x08006a4d   Thumb Code    10  fpinit.o(x$fpl$fpinit)
    __fplib_config_fpu_vfp                   0x08006a55   Thumb Code     0  fpinit.o(x$fpl$fpinit)
    __fplib_config_pureend_doubles           0x08006a55   Thumb Code     0  fpinit.o(x$fpl$fpinit)
    __fpl_fretinf                            0x08006a57   Thumb Code    10  fretinf.o(x$fpl$fretinf)
    __fpl_return_NaN                         0x08006a61   Thumb Code   100  retnan.o(x$fpl$retnan)
    __ARM_scalbn                             0x08006ac5   Thumb Code    92  scalbn.o(x$fpl$scalbn)
    _scanf_real                              0x08006b21   Thumb Code     4  scanf1.o(x$fpl$scanf1)
    _scanf_hex_real                          0x08006b25   Thumb Code     4  scanf2.o(x$fpl$scanf2)
    _scanf_infnan                            0x08006b29   Thumb Code     4  scanf2.o(x$fpl$scanf2)
    __fpl_cmpreturn                          0x08006b2d   Thumb Code    48  trapv.o(x$fpl$trapveneer)
    __I$use$fp                               0x08006b5c   Number         0  usenofp.o(x$fpl$usenofp)
    Region$$Table$$Base                      0x08006bf0   Number         0  anon$$obj.o(Region$$Table)
    Region$$Table$$Limit                     0x08006c10   Number         0  anon$$obj.o(Region$$Table)
    __aeabi_HUGE_VAL                         0x08006c10   Data           0  fpconst.o(c$$dinf)
    __aeabi_HUGE_VALL                        0x08006c10   Data           0  fpconst.o(c$$dinf)
    __aeabi_INFINITY                         0x08006c10   Data           0  fpconst.o(c$$dinf)
    __dInf                                   0x08006c10   Data           0  fpconst.o(c$$dinf)
    __huge_val                               0x08006c10   Data           0  fpconst.o(c$$dinf)
    __ctype                                  0x08006c41   Data           0  lc_ctype_c.o(locale$$data)
    PID_set_P                                0x20000000   Data           4  main.o(.data)
    PID_set_I                                0x20000004   Data           4  main.o(.data)
    PID_set_D                                0x20000008   Data           4  main.o(.data)
    ZXT_flag                                 0x2000000c   Data           1  main.o(.data)
    E2str                                    0x2000000d   Data           8  main.o(.data)
    SystemCoreClock                          0x20000018   Data           4  system_stm32f4xx.o(.data)
    AHBPrescTable                            0x2000001c   Data          16  system_stm32f4xx.o(.data)
    __stdout                                 0x20000040   Data           4  usart.o(.data)
    USART_RX_STA                             0x20000044   Data           2  usart.o(.data)
    A                                        0x20000058   Data          16  printf.o(.data)
    B                                        0x20000068   Data          16  printf.o(.data)
    C                                        0x20000078   Data          16  printf.o(.data)
    D                                        0x20000088   Data          16  printf.o(.data)
    E                                        0x20000098   Data          16  printf.o(.data)
    F                                        0x200000a8   Data          16  printf.o(.data)
    G                                        0x200000b8   Data          16  printf.o(.data)
    H                                        0x200000c8   Data          16  printf.o(.data)
    I                                        0x200000d8   Data          16  printf.o(.data)
    J                                        0x200000e8   Data          16  printf.o(.data)
    K                                        0x200000f8   Data          16  printf.o(.data)
    L                                        0x20000108   Data          16  printf.o(.data)
    M                                        0x20000118   Data          16  printf.o(.data)
    N                                        0x20000128   Data          16  printf.o(.data)
    O                                        0x20000138   Data          16  printf.o(.data)
    P                                        0x20000148   Data          16  printf.o(.data)
    Q                                        0x20000158   Data          16  printf.o(.data)
    R                                        0x20000168   Data          16  printf.o(.data)
    S                                        0x20000178   Data          16  printf.o(.data)
    T                                        0x20000188   Data          16  printf.o(.data)
    U                                        0x20000198   Data          16  printf.o(.data)
    V                                        0x200001a8   Data          16  printf.o(.data)
    W                                        0x200001b8   Data          16  printf.o(.data)
    X                                        0x200001c8   Data          16  printf.o(.data)
    Y                                        0x200001d8   Data          16  printf.o(.data)
    Z                                        0x200001e8   Data          16  printf.o(.data)
    aa                                       0x200001f8   Data          16  printf.o(.data)
    bb                                       0x20000208   Data          16  printf.o(.data)
    cc                                       0x20000218   Data          16  printf.o(.data)
    dd                                       0x20000228   Data          16  printf.o(.data)
    ee                                       0x20000238   Data          16  printf.o(.data)
    ff                                       0x20000248   Data          16  printf.o(.data)
    gg                                       0x20000258   Data          16  printf.o(.data)
    hh                                       0x20000268   Data          16  printf.o(.data)
    ii                                       0x20000278   Data          16  printf.o(.data)
    jj                                       0x20000288   Data          16  printf.o(.data)
    kk                                       0x20000298   Data          16  printf.o(.data)
    ll                                       0x200002a8   Data          16  printf.o(.data)
    mm                                       0x200002b8   Data          16  printf.o(.data)
    nn                                       0x200002c8   Data          16  printf.o(.data)
    oo                                       0x200002d8   Data          16  printf.o(.data)
    pp                                       0x200002e8   Data          16  printf.o(.data)
    qq                                       0x200002f8   Data          16  printf.o(.data)
    rr                                       0x20000308   Data          16  printf.o(.data)
    ss                                       0x20000318   Data          16  printf.o(.data)
    tt                                       0x20000328   Data          16  printf.o(.data)
    uu                                       0x20000338   Data          16  printf.o(.data)
    vv                                       0x20000348   Data          16  printf.o(.data)
    ww                                       0x20000358   Data          16  printf.o(.data)
    xx                                       0x20000368   Data          16  printf.o(.data)
    yy                                       0x20000378   Data          16  printf.o(.data)
    zz                                       0x20000388   Data          16  printf.o(.data)
    A0                                       0x20000398   Data          16  printf.o(.data)
    A1                                       0x200003a8   Data          16  printf.o(.data)
    A2                                       0x200003b8   Data          16  printf.o(.data)
    A3                                       0x200003c8   Data          16  printf.o(.data)
    A4                                       0x200003d8   Data          16  printf.o(.data)
    A5                                       0x200003e8   Data          16  printf.o(.data)
    A6                                       0x200003f8   Data          16  printf.o(.data)
    A7                                       0x20000408   Data          16  printf.o(.data)
    A8                                       0x20000418   Data          16  printf.o(.data)
    A9                                       0x20000428   Data          16  printf.o(.data)
    A10                                      0x20000438   Data          16  printf.o(.data)
    dou                                      0x20000448   Data          16  printf.o(.data)
    fen                                      0x20000458   Data          16  printf.o(.data)
    xui                                      0x20000468   Data          16  printf.o(.data)
    fuhao                                    0x20000478   Data          16  printf.o(.data)
    xiao                                     0x20000488   Data          16  printf.o(.data)
    da                                       0x20000498   Data          16  printf.o(.data)
    set_speed                                0x200004b8   Data           4  set_pid.o(.data)
    set_AG                                   0x200004bc   Data           4  set_pid.o(.data)
    un_flag                                  0x200004c0   Data           4  set_pid.o(.data)
    AG                                       0x200004c4   Data           4  set_pid.o(.data)
    JG                                       0x200004c8   Data           8  set_pid.o(.data)
    TIM5_Speed_i                             0x200004dc   Data           4  timer.o(.data)
    a                                        0x200004e0   Data           4  timirq.o(.data)
    pwm                                      0x200004e4   Data           4  timirq.o(.data)
    KONG                                     0x200004ec   Data          16  printf.o(.bss)
    str                                      0x200004fc   Data          20  set_pid.o(.bss)
    __libspace_start                         0x20000534   Data          96  libspace.o(.bss)
    __temporary_stack_top$libspace           0x20000594   Data           0  libspace.o(.bss)



==============================================================================

Memory Map of the image

  Image Entry point : 0x08000189

  Load Region LR_IROM1 (Base: 0x08000000, Size: 0x00007230, Max: 0x00100000, ABSOLUTE, COMPRESSED[0x00006fa8])

    Execution Region ER_IROM1 (Base: 0x08000000, Size: 0x00006d44, Max: 0x00100000, ABSOLUTE)

    Base Addr    Size         Type   Attr      Idx    E Section Name        Object

    0x08000000   0x00000188   Data   RO          237    RESET               startup_stm32f40_41xxx.o
    0x08000188   0x00000008   Code   RO         1382  * !!!main             c_w.l(__main.o)
    0x08000190   0x00000034   Code   RO         1732    !!!scatter          c_w.l(__scatter.o)
    0x080001c4   0x0000005a   Code   RO         1730    !!dczerorl2         c_w.l(__dczerorl2.o)
    0x0800021e   0x00000002   PAD
    0x08000220   0x0000001c   Code   RO         1734    !!handler_zi        c_w.l(__scatter_zi.o)
    0x0800023c   0x00000000   Code   RO         1377    .ARM.Collect$$_printf_percent$$00000000  c_w.l(_printf_percent.o)
    0x0800023c   0x00000006   Code   RO         1376    .ARM.Collect$$_printf_percent$$00000009  c_w.l(_printf_d.o)
    0x08000242   0x00000006   Code   RO         1375    .ARM.Collect$$_printf_percent$$00000014  c_w.l(_printf_s.o)
    0x08000248   0x00000004   Code   RO         1420    .ARM.Collect$$_printf_percent$$00000017  c_w.l(_printf_percent_end.o)
    0x0800024c   0x00000002   Code   RO         1494    .ARM.Collect$$libinit$$00000000  c_w.l(libinit.o)
    0x0800024e   0x00000004   Code   RO         1495    .ARM.Collect$$libinit$$00000001  c_w.l(libinit2.o)
    0x08000252   0x00000000   Code   RO         1498    .ARM.Collect$$libinit$$00000004  c_w.l(libinit2.o)
    0x08000252   0x00000000   Code   RO         1501    .ARM.Collect$$libinit$$0000000A  c_w.l(libinit2.o)
    0x08000252   0x00000000   Code   RO         1503    .ARM.Collect$$libinit$$0000000C  c_w.l(libinit2.o)
    0x08000252   0x00000000   Code   RO         1505    .ARM.Collect$$libinit$$0000000E  c_w.l(libinit2.o)
    0x08000252   0x00000006   Code   RO         1506    .ARM.Collect$$libinit$$0000000F  c_w.l(libinit2.o)
    0x08000258   0x00000000   Code   RO         1508    .ARM.Collect$$libinit$$00000011  c_w.l(libinit2.o)
    0x08000258   0x0000000c   Code   RO         1509    .ARM.Collect$$libinit$$00000012  c_w.l(libinit2.o)
    0x08000264   0x00000000   Code   RO         1510    .ARM.Collect$$libinit$$00000013  c_w.l(libinit2.o)
    0x08000264   0x00000000   Code   RO         1512    .ARM.Collect$$libinit$$00000015  c_w.l(libinit2.o)
    0x08000264   0x0000000a   Code   RO         1513    .ARM.Collect$$libinit$$00000016  c_w.l(libinit2.o)
    0x0800026e   0x00000000   Code   RO         1514    .ARM.Collect$$libinit$$00000017  c_w.l(libinit2.o)
    0x0800026e   0x00000000   Code   RO         1516    .ARM.Collect$$libinit$$00000019  c_w.l(libinit2.o)
    0x0800026e   0x00000000   Code   RO         1518    .ARM.Collect$$libinit$$0000001B  c_w.l(libinit2.o)
    0x0800026e   0x00000000   Code   RO         1520    .ARM.Collect$$libinit$$0000001D  c_w.l(libinit2.o)
    0x0800026e   0x00000000   Code   RO         1522    .ARM.Collect$$libinit$$0000001F  c_w.l(libinit2.o)
    0x0800026e   0x00000000   Code   RO         1524    .ARM.Collect$$libinit$$00000021  c_w.l(libinit2.o)
    0x0800026e   0x00000000   Code   RO         1526    .ARM.Collect$$libinit$$00000023  c_w.l(libinit2.o)
    0x0800026e   0x00000000   Code   RO         1528    .ARM.Collect$$libinit$$00000025  c_w.l(libinit2.o)
    0x0800026e   0x00000000   Code   RO         1532    .ARM.Collect$$libinit$$0000002C  c_w.l(libinit2.o)
    0x0800026e   0x00000000   Code   RO         1534    .ARM.Collect$$libinit$$0000002E  c_w.l(libinit2.o)
    0x0800026e   0x00000000   Code   RO         1536    .ARM.Collect$$libinit$$00000030  c_w.l(libinit2.o)
    0x0800026e   0x00000000   Code   RO         1538    .ARM.Collect$$libinit$$00000032  c_w.l(libinit2.o)
    0x0800026e   0x00000002   Code   RO         1539    .ARM.Collect$$libinit$$00000033  c_w.l(libinit2.o)
    0x08000270   0x00000002   Code   RO         1627    .ARM.Collect$$libshutdown$$00000000  c_w.l(libshutdown.o)
    0x08000272   0x00000000   Code   RO         1656    .ARM.Collect$$libshutdown$$00000002  c_w.l(libshutdown2.o)
    0x08000272   0x00000000   Code   RO         1658    .ARM.Collect$$libshutdown$$00000004  c_w.l(libshutdown2.o)
    0x08000272   0x00000000   Code   RO         1661    .ARM.Collect$$libshutdown$$00000007  c_w.l(libshutdown2.o)
    0x08000272   0x00000000   Code   RO         1664    .ARM.Collect$$libshutdown$$0000000A  c_w.l(libshutdown2.o)
    0x08000272   0x00000000   Code   RO         1666    .ARM.Collect$$libshutdown$$0000000C  c_w.l(libshutdown2.o)
    0x08000272   0x00000000   Code   RO         1669    .ARM.Collect$$libshutdown$$0000000F  c_w.l(libshutdown2.o)
    0x08000272   0x00000002   Code   RO         1670    .ARM.Collect$$libshutdown$$00000010  c_w.l(libshutdown2.o)
    0x08000274   0x00000000   Code   RO         1406    .ARM.Collect$$rtentry$$00000000  c_w.l(__rtentry.o)
    0x08000274   0x00000000   Code   RO         1436    .ARM.Collect$$rtentry$$00000002  c_w.l(__rtentry2.o)
    0x08000274   0x00000006   Code   RO         1448    .ARM.Collect$$rtentry$$00000004  c_w.l(__rtentry4.o)
    0x0800027a   0x00000000   Code   RO         1438    .ARM.Collect$$rtentry$$00000009  c_w.l(__rtentry2.o)
    0x0800027a   0x00000004   Code   RO         1439    .ARM.Collect$$rtentry$$0000000A  c_w.l(__rtentry2.o)
    0x0800027e   0x00000000   Code   RO         1441    .ARM.Collect$$rtentry$$0000000C  c_w.l(__rtentry2.o)
    0x0800027e   0x00000008   Code   RO         1442    .ARM.Collect$$rtentry$$0000000D  c_w.l(__rtentry2.o)
    0x08000286   0x00000002   Code   RO         1540    .ARM.Collect$$rtexit$$00000000  c_w.l(rtexit.o)
    0x08000288   0x00000000   Code   RO         1591    .ARM.Collect$$rtexit$$00000002  c_w.l(rtexit2.o)
    0x08000288   0x00000004   Code   RO         1592    .ARM.Collect$$rtexit$$00000003  c_w.l(rtexit2.o)
    0x0800028c   0x00000006   Code   RO         1593    .ARM.Collect$$rtexit$$00000004  c_w.l(rtexit2.o)
    0x08000292   0x00000002   PAD
    0x08000294   0x00000138   Code   RO            3    .text               main.o
    0x080003cc   0x0000001a   Code   RO          188    .text               stm32f4xx_it.o
    0x080003e6   0x00000002   PAD
    0x080003e8   0x00000210   Code   RO          211    .text               system_stm32f4xx.o
    0x080005f8   0x00000040   Code   RO          238    .text               startup_stm32f40_41xxx.o
    0x08000638   0x000000e0   Code   RO          244    .text               misc.o
    0x08000718   0x00000294   Code   RO          619    .text               stm32f4xx_gpio.o
    0x080009ac   0x0000065c   Code   RO          782    .text               stm32f4xx_rcc.o
    0x08001008   0x00000ca2   Code   RO          927    .text               stm32f4xx_tim.o
    0x08001caa   0x00000002   PAD
    0x08001cac   0x00000454   Code   RO          947    .text               stm32f4xx_usart.o
    0x08002100   0x00000104   Code   RO          987    .text               delay.o
    0x08002204   0x000000c8   Code   RO         1027    .text               usart.o
    0x080022cc   0x00000378   Code   RO         1070    .text               led.o
    0x08002644   0x00000678   Code   RO         1090    .text               lcd.o
    0x08002cbc   0x00000588   Code   RO         1113    .text               printf.o
    0x08003244   0x000001e8   Code   RO         1150    .text               key.o
    0x0800342c   0x00000164   Code   RO         1171    .text               mune.o
    0x08003590   0x00000ec0   Code   RO         1197    .text               set_pid.o
    0x08004450   0x000002fc   Code   RO         1233    .text               eeprom.o
    0x0800474c   0x0000011c   Code   RO         1253    .text               timer.o
    0x08004868   0x0000011c   Code   RO         1276    .text               timirq.o
    0x08004984   0x000000f4   Code   RO         1300    .text               pid.o
    0x08004a78   0x00000138   Code   RO         1323    .text               pwm.o
    0x08004bb0   0x00000002   Code   RO         1343    .text               c_w.l(use_no_semi_2.o)
    0x08004bb2   0x00000002   PAD
    0x08004bb4   0x00000018   Code   RO         1347    .text               c_w.l(noretval__2printf.o)
    0x08004bcc   0x00000068   Code   RO         1349    .text               c_w.l(__printf.o)
    0x08004c34   0x00000052   Code   RO         1351    .text               c_w.l(_printf_str.o)
    0x08004c86   0x00000002   PAD
    0x08004c88   0x00000078   Code   RO         1353    .text               c_w.l(_printf_dec.o)
    0x08004d00   0x0000001a   Code   RO         1378    .text               c_w.l(atoi.o)
    0x08004d1a   0x00000006   Code   RO         1380    .text               c_w.l(heapauxi.o)
    0x08004d20   0x00000002   Code   RO         1404    .text               c_w.l(use_no_semi.o)
    0x08004d22   0x00000002   PAD
    0x08004d24   0x00000008   Code   RO         1410    .text               c_w.l(rt_errno_addr_intlibspace.o)
    0x08004d2c   0x00000016   Code   RO         1412    .text               c_w.l(_rserrno.o)
    0x08004d42   0x000000b2   Code   RO         1414    .text               c_w.l(_printf_intcommon.o)
    0x08004df4   0x0000002c   Code   RO         1416    .text               c_w.l(_printf_char.o)
    0x08004e20   0x00000024   Code   RO         1418    .text               c_w.l(_printf_char_file.o)
    0x08004e44   0x000000a4   Code   RO         1421    .text               c_w.l(strtod.o)
    0x08004ee8   0x00000070   Code   RO         1423    .text               c_w.l(strtol.o)
    0x08004f58   0x00000008   Code   RO         1432    .text               c_w.l(libspace.o)
    0x08004f60   0x00000010   Code   RO         1450    .text               c_w.l(rt_ctype_table.o)
    0x08004f70   0x00000012   Code   RO         1452    .text               c_w.l(isspace.o)
    0x08004f82   0x00000002   PAD
    0x08004f84   0x00000030   Code   RO         1454    .text               c_w.l(_printf_char_common.o)
    0x08004fb4   0x00000040   Code   RO         1456    .text               c_w.l(_sgetc.o)
    0x08004ff4   0x0000009e   Code   RO         1458    .text               c_w.l(_strtoul.o)
    0x08005092   0x00000008   Code   RO         1460    .text               c_w.l(ferror.o)
    0x0800509a   0x0000004a   Code   RO         1469    .text               c_w.l(sys_stackheap_outer.o)
    0x080050e4   0x00000008   Code   RO         1474    .text               c_w.l(rt_locale_intlibspace.o)
    0x080050ec   0x0000001c   Code   RO         1478    .text               c_w.l(_chval.o)
    0x08005108   0x000004a4   Code   RO         1480    .text               c_w.l(scanf_fp.o)
    0x080055ac   0x00000012   Code   RO         1485    .text               c_w.l(exit.o)
    0x080055be   0x00000002   PAD
    0x080055c0   0x00000080   Code   RO         1487    .text               c_w.l(strcmpv7m.o)
    0x08005640   0x000000dc   Code   RO         1542    .text               c_w.l(bigflt0.o)
    0x0800571c   0x00000320   Code   RO         1597    .text               c_w.l(scanf_hexfp.o)
    0x08005a3c   0x00000134   Code   RO         1599    .text               c_w.l(scanf_infnan.o)
    0x08005b70   0x00000026   Code   RO         1619    .text               c_w.l(llshl.o)
    0x08005b96   0x00000338   Code   RO         1555    CL$$btod_div_common  c_w.l(btod.o)
    0x08005ece   0x00000002   PAD
    0x08005ed0   0x00000054   Code   RO         1553    CL$$btod_e2d        c_w.l(btod.o)
    0x08005f24   0x000000c6   Code   RO         1552    CL$$btod_e2e        c_w.l(btod.o)
    0x08005fea   0x00000028   Code   RO         1549    CL$$btod_ediv       c_w.l(btod.o)
    0x08006012   0x00000028   Code   RO         1551    CL$$btod_edivd      c_w.l(btod.o)
    0x0800603a   0x00000028   Code   RO         1548    CL$$btod_emul       c_w.l(btod.o)
    0x08006062   0x00000028   Code   RO         1550    CL$$btod_emuld      c_w.l(btod.o)
    0x0800608a   0x00000244   Code   RO         1554    CL$$btod_mult_common  c_w.l(btod.o)
    0x080062ce   0x00000002   PAD
    0x080062d0   0x00000038   Code   RO         1398    i.__hardfp_atof     m_wm.l(atof.o)
    0x08006308   0x000000d0   Code   RO         1632    i.__hardfp_ldexp    m_wm.l(ldexp.o)
    0x080063d8   0x00000020   Code   RO         1677    i.__mathlib_dbl_overflow  m_wm.l(dunder.o)
    0x080063f8   0x00000020   Code   RO         1679    i.__mathlib_dbl_underflow  m_wm.l(dunder.o)
    0x08006418   0x000000b8   Code   RO         1583    i.__mathlib_narrow  m_wm.l(narrow.o)
    0x080064d0   0x00000014   Code   RO         1634    i.__support_ldexp   m_wm.l(ldexp.o)
    0x080064e4   0x0000000e   Code   RO         1365    i._is_digit         c_w.l(__printf_wp.o)
    0x080064f2   0x00000006   PAD
    0x080064f8   0x0000008c   Code   RO         1611    i.frexp             m_wm.l(frexp.o)
    0x08006584   0x0000002c   Code   RO         1465    locale$$code        c_w.l(lc_numeric_c.o)
    0x080065b0   0x0000002c   Code   RO         1483    locale$$code        c_w.l(lc_ctype_c.o)
    0x080065dc   0x00000062   Code   RO         1384    x$fpl$d2f           fz_wm.l(d2f.o)
    0x0800663e   0x00000002   PAD
    0x08006640   0x00000010   Code   RO         1698    x$fpl$dcheck1       fz_wm.l(dcheck1.o)
    0x08006650   0x00000018   Code   RO         1628    x$fpl$dcmpinf       fz_wm.l(dcmpi.o)
    0x08006668   0x00000078   Code   RO         1605    x$fpl$deqf          fz_wm.l(deqf.o)
    0x080066e0   0x0000005e   Code   RO         1386    x$fpl$dfix          fz_wm.l(dfix.o)
    0x0800673e   0x0000002e   Code   RO         1391    x$fpl$dflt          fz_wm.l(dflt_clz.o)
    0x0800676c   0x00000078   Code   RO         1630    x$fpl$dleqf         fz_wm.l(dleqf.o)
    0x080067e4   0x00000154   Code   RO         1396    x$fpl$dmul          fz_wm.l(dmul.o)
    0x08006938   0x0000009c   Code   RO         1425    x$fpl$dnaninf       fz_wm.l(dnaninf.o)
    0x080069d4   0x0000000c   Code   RO         1427    x$fpl$dretinf       fz_wm.l(dretinf.o)
    0x080069e0   0x0000006c   Code   RO         1607    x$fpl$drleqf        fz_wm.l(drleqf.o)
    0x08006a4c   0x0000000a   Code   RO         1572    x$fpl$fpinit        fz_wm.l(fpinit.o)
    0x08006a56   0x0000000a   Code   RO         1429    x$fpl$fretinf       fz_wm.l(fretinf.o)
    0x08006a60   0x00000064   Code   RO         1708    x$fpl$retnan        fz_wm.l(retnan.o)
    0x08006ac4   0x0000005c   Code   RO         1671    x$fpl$scalbn        fz_wm.l(scalbn.o)
    0x08006b20   0x00000004   Code   RO         1467    x$fpl$scanf1        fz_wm.l(scanf1.o)
    0x08006b24   0x00000008   Code   RO         1576    x$fpl$scanf2        fz_wm.l(scanf2.o)
    0x08006b2c   0x00000030   Code   RO         1726    x$fpl$trapveneer    fz_wm.l(trapv.o)
    0x08006b5c   0x00000000   Code   RO         1431    x$fpl$usenofp       fz_wm.l(usenofp.o)
    0x08006b5c   0x00000094   Data   RO         1543    .constdata          c_w.l(bigflt0.o)
    0x08006bf0   0x00000020   Data   RO         1728    Region$$Table       anon$$obj.o
    0x08006c10   0x00000008   Data   RO         1569    c$$dinf             fz_wm.l(fpconst.o)
    0x08006c18   0x0000001c   Data   RO         1464    locale$$data        c_w.l(lc_numeric_c.o)
    0x08006c34   0x00000110   Data   RO         1482    locale$$data        c_w.l(lc_ctype_c.o)


    Execution Region RW_IRAM1 (Base: 0x20000000, Size: 0x00000b98, Max: 0x00020000, ABSOLUTE, COMPRESSED[0x00000264])

    Base Addr    Size         Type   Attr      Idx    E Section Name        Object

    0x20000000   0x00000015   Data   RW            4    .data               main.o
    0x20000015   0x00000003   PAD
    0x20000018   0x00000014   Data   RW          212    .data               system_stm32f4xx.o
    0x2000002c   0x00000010   Data   RW          783    .data               stm32f4xx_rcc.o
    0x2000003c   0x00000004   Data   RW          988    .data               delay.o
    0x20000040   0x00000006   Data   RW         1029    .data               usart.o
    0x20000046   0x00000002   PAD
    0x20000048   0x00000010   Data   RW         1091    .data               lcd.o
    0x20000058   0x0000045c   Data   RW         1115    .data               printf.o
    0x200004b4   0x00000003   Data   RW         1151    .data               key.o
    0x200004b7   0x00000001   Data   RW         1172    .data               mune.o
    0x200004b8   0x00000024   Data   RW         1199    .data               set_pid.o
    0x200004dc   0x00000004   Data   RW         1254    .data               timer.o
    0x200004e0   0x00000008   Data   RW         1277    .data               timirq.o
    0x200004e8   0x00000004   Data   RW         1302    .data               pid.o
    0x200004ec   0x00000010   Zero   RW         1114    .bss                printf.o
    0x200004fc   0x00000014   Zero   RW         1198    .bss                set_pid.o
    0x20000510   0x00000024   Zero   RW         1301    .bss                pid.o
    0x20000534   0x00000060   Zero   RW         1433    .bss                c_w.l(libspace.o)
    0x20000594   0x00000004   PAD
    0x20000598   0x00000200   Zero   RW          236    HEAP                startup_stm32f40_41xxx.o
    0x20000798   0x00000400   Zero   RW          235    STACK               startup_stm32f40_41xxx.o


==============================================================================

Image component sizes


      Code (inc. data)   RO Data    RW Data    ZI Data      Debug   Object Name

       260          8          0          4          0       1509   delay.o
       764         12          0          0          0       2692   eeprom.o
       488         28          0          3          0       1076   key.o
      1656         34          0         16          0       4767   lcd.o
       888         10          0          0          0        747   led.o
       312         26          0         21          0      54298   main.o
       224         20          0          0          0     231021   misc.o
       356         84          0          1          0       1282   mune.o
       244         12          0          4         36       1865   pid.o
      1416        396          0       1116         16       5421   printf.o
       312         12          0          0          0       1184   pwm.o
      3776        354          0         36         20       8286   set_pid.o
        64         26        392          0       1536        840   startup_stm32f40_41xxx.o
       660         44          0          0          0       4189   stm32f4xx_gpio.o
        26          0          0          0          0       1238   stm32f4xx_it.o
      1628         52          0         16          0      13080   stm32f4xx_rcc.o
      3234         60          0          0          0      23044   stm32f4xx_tim.o
      1108         34          0          0          0       7912   stm32f4xx_usart.o
       528         46          0         20          0       1823   system_stm32f4xx.o
       284         20          0          4          0       1151   timer.o
       284         40          0          8          0       1152   timirq.o
       200          8          0          6          0       3152   usart.o

    ----------------------------------------------------------------------
     18716       1326        424       1260       1608     371729   Object Totals
         0          0         32          0          0          0   (incl. Generated)
         4          0          0          5          0          0   (incl. Padding)

    ----------------------------------------------------------------------

      Code (inc. data)   RO Data    RW Data    ZI Data      Debug   Library Member Name

        90          0          0          0          0          0   __dczerorl2.o
         8          0          0          0          0         68   __main.o
       104          0          0          0          0         84   __printf.o
        14          0          0          0          0         68   __printf_wp.o
         0          0          0          0          0          0   __rtentry.o
        12          0          0          0          0          0   __rtentry2.o
         6          0          0          0          0          0   __rtentry4.o
        52          8          0          0          0          0   __scatter.o
        28          0          0          0          0          0   __scatter_zi.o
        28          0          0          0          0         68   _chval.o
        44          0          0          0          0        108   _printf_char.o
        48          6          0          0          0         96   _printf_char_common.o
        36          4          0          0          0         80   _printf_char_file.o
         6          0          0          0          0          0   _printf_d.o
       120         16          0          0          0         92   _printf_dec.o
       178          0          0          0          0         88   _printf_intcommon.o
         0          0          0          0          0          0   _printf_percent.o
         4          0          0          0          0          0   _printf_percent_end.o
         6          0          0          0          0          0   _printf_s.o
        82          0          0          0          0         80   _printf_str.o
        22          0          0          0          0        100   _rserrno.o
        64          0          0          0          0         84   _sgetc.o
       158          0          0          0          0         92   _strtoul.o
        26          0          0          0          0         80   atoi.o
       220          4        148          0          0         96   bigflt0.o
      1846        132          0          0          0        736   btod.o
        18          0          0          0          0         80   exit.o
         8          0          0          0          0         68   ferror.o
         6          0          0          0          0        152   heapauxi.o
        18          0          0          0          0         76   isspace.o
        44         10        272          0          0         76   lc_ctype_c.o
        44         10         28          0          0         76   lc_numeric_c.o
         2          0          0          0          0          0   libinit.o
        34          0          0          0          0          0   libinit2.o
         2          0          0          0          0          0   libshutdown.o
         2          0          0          0          0          0   libshutdown2.o
         8          4          0          0         96         68   libspace.o
        38          0          0          0          0         68   llshl.o
        24          4          0          0          0         84   noretval__2printf.o
        16          4          0          0          0         76   rt_ctype_table.o
         8          4          0          0          0         68   rt_errno_addr_intlibspace.o
         8          4          0          0          0         68   rt_locale_intlibspace.o
         2          0          0          0          0          0   rtexit.o
        10          0          0          0          0          0   rtexit2.o
      1188         12          0          0          0        148   scanf_fp.o
       800         14          0          0          0        100   scanf_hexfp.o
       308         16          0          0          0        100   scanf_infnan.o
       128          0          0          0          0         68   strcmpv7m.o
       164         14          0          0          0        120   strtod.o
       112          0          0          0          0         88   strtol.o
        74          0          0          0          0         80   sys_stackheap_outer.o
         2          0          0          0          0         68   use_no_semi.o
         2          0          0          0          0         68   use_no_semi_2.o
        98          4          0          0          0        140   d2f.o
        16          4          0          0          0        116   dcheck1.o
        24          0          0          0          0        116   dcmpi.o
       120          4          0          0          0        140   deqf.o
        94          4          0          0          0        140   dfix.o
        46          0          0          0          0        116   dflt_clz.o
       120          4          0          0          0        140   dleqf.o
       340         12          0          0          0        152   dmul.o
       156          4          0          0          0        140   dnaninf.o
        12          0          0          0          0        116   dretinf.o
       108          0          0          0          0        128   drleqf.o
         0          0          8          0          0          0   fpconst.o
        10          0          0          0          0        116   fpinit.o
        10          0          0          0          0        116   fretinf.o
       100          0          0          0          0        116   retnan.o
        92          0          0          0          0        116   scalbn.o
         4          0          0          0          0        116   scanf1.o
         8          0          0          0          0        132   scanf2.o
        48          0          0          0          0        116   trapv.o
         0          0          0          0          0          0   usenofp.o
        56         12          0          0          0        132   atof.o
        64         16          0          0          0        248   dunder.o
       140         22          0          0          0        132   frexp.o
       228          8          0          0          0        308   ldexp.o
       184         18          0          0          0        152   narrow.o

    ----------------------------------------------------------------------
      8376        380        456          0        100       7064   Library Totals
        26          2          0          0          4          0   (incl. Padding)

    ----------------------------------------------------------------------

      Code (inc. data)   RO Data    RW Data    ZI Data      Debug   Library Name

      6272        266        448          0         96       3820   c_w.l
      1406         36          8          0          0       2272   fz_wm.l
       672         76          0          0          0        972   m_wm.l

    ----------------------------------------------------------------------
      8376        380        456          0        100       7064   Library Totals

    ----------------------------------------------------------------------

==============================================================================


      Code (inc. data)   RO Data    RW Data    ZI Data      Debug   

     27092       1706        880       1260       1708     370713   Grand Totals
     27092       1706        880        612       1708     370713   ELF Image Totals (compressed)
     27092       1706        880        612          0          0   ROM Totals

==============================================================================

    Total RO  Size (Code + RO Data)                27972 (  27.32kB)
    Total RW  Size (RW Data + ZI Data)              2968 (   2.90kB)
    Total ROM Size (Code + RO Data + RW Data)      28584 (  27.91kB)

==============================================================================

